Archive member included to satisfy reference by file (symbol)

c:/program files/microchip/xc32/v3.01/bin/bin/../../lib/gcc/pic32c/8.3.1/../../../../pic32c/lib/thumb/v6-m/nofp\libpic32c.a(data_init.o)
                              build/default/production/_ext/1171490990/startup_xc32.o (__pic32c_data_initialization)
c:/program files/microchip/xc32/v3.01/bin/bin/../../lib/gcc/pic32c/8.3.1/thumb/v6-m/nofp\libgcc.a(_udivsi3.o)
                              build/default/production/_ext/1824796116/pmm.o (__aeabi_uidiv)
c:/program files/microchip/xc32/v3.01/bin/bin/../../lib/gcc/pic32c/8.3.1/thumb/v6-m/nofp\libgcc.a(_divsi3.o)
                              build/default/production/_ext/1824799587/radio_get_set.o (__aeabi_idiv)
c:/program files/microchip/xc32/v3.01/bin/bin/../../lib/gcc/pic32c/8.3.1/thumb/v6-m/nofp\libgcc.a(_dvmd_tls.o)
                              c:/program files/microchip/xc32/v3.01/bin/bin/../../lib/gcc/pic32c/8.3.1/thumb/v6-m/nofp\libgcc.a(_udivsi3.o) (__aeabi_idiv0)
c:/program files/microchip/xc32/v3.01/bin/bin/../../lib/gcc/pic32c/8.3.1/thumb/v6-m/nofp\libgcc.a(_aeabi_uldivmod.o)
                              build/default/production/_ext/1824796116/pmm.o (__aeabi_uldivmod)
c:/program files/microchip/xc32/v3.01/bin/bin/../../lib/gcc/pic32c/8.3.1/thumb/v6-m/nofp\libgcc.a(_fixunssfsi.o)
                              build/default/production/_ext/1824796116/pmm.o (__aeabi_f2uiz)
c:/program files/microchip/xc32/v3.01/bin/bin/../../lib/gcc/pic32c/8.3.1/thumb/v6-m/nofp\libgcc.a(_fixunssfdi.o)
                              build/default/production/_ext/1824796116/pmm.o (__aeabi_f2ulz)
c:/program files/microchip/xc32/v3.01/bin/bin/../../lib/gcc/pic32c/8.3.1/thumb/v6-m/nofp\libgcc.a(_udivmoddi4.o)
                              c:/program files/microchip/xc32/v3.01/bin/bin/../../lib/gcc/pic32c/8.3.1/thumb/v6-m/nofp\libgcc.a(_aeabi_uldivmod.o) (__udivmoddi4)
c:/program files/microchip/xc32/v3.01/bin/bin/../../lib/gcc/pic32c/8.3.1/thumb/v6-m/nofp\libgcc.a(addsf3.o)
                              build/default/production/_ext/508257091/plib_sercom1_i2c_master.o (__aeabi_fadd)
c:/program files/microchip/xc32/v3.01/bin/bin/../../lib/gcc/pic32c/8.3.1/thumb/v6-m/nofp\libgcc.a(divsf3.o)
                              build/default/production/_ext/508257091/plib_sercom1_i2c_master.o (__aeabi_fdiv)
c:/program files/microchip/xc32/v3.01/bin/bin/../../lib/gcc/pic32c/8.3.1/thumb/v6-m/nofp\libgcc.a(mulsf3.o)
                              build/default/production/_ext/1824796116/pmm.o (__aeabi_fmul)
c:/program files/microchip/xc32/v3.01/bin/bin/../../lib/gcc/pic32c/8.3.1/thumb/v6-m/nofp\libgcc.a(subsf3.o)
                              build/default/production/_ext/508257091/plib_sercom1_i2c_master.o (__aeabi_fsub)
c:/program files/microchip/xc32/v3.01/bin/bin/../../lib/gcc/pic32c/8.3.1/thumb/v6-m/nofp\libgcc.a(fixsfsi.o)
                              c:/program files/microchip/xc32/v3.01/bin/bin/../../lib/gcc/pic32c/8.3.1/thumb/v6-m/nofp\libgcc.a(_fixunssfsi.o) (__aeabi_f2iz)
c:/program files/microchip/xc32/v3.01/bin/bin/../../lib/gcc/pic32c/8.3.1/thumb/v6-m/nofp\libgcc.a(floatsisf.o)
                              build/default/production/_ext/1824799587/radio_get_set.o (__aeabi_i2f)
c:/program files/microchip/xc32/v3.01/bin/bin/../../lib/gcc/pic32c/8.3.1/thumb/v6-m/nofp\libgcc.a(floatunsisf.o)
                              build/default/production/_ext/1824796116/pmm.o (__aeabi_ui2f)
c:/program files/microchip/xc32/v3.01/bin/bin/../../lib/gcc/pic32c/8.3.1/thumb/v6-m/nofp\libgcc.a(muldf3.o)
                              c:/program files/microchip/xc32/v3.01/bin/bin/../../lib/gcc/pic32c/8.3.1/thumb/v6-m/nofp\libgcc.a(_fixunssfdi.o) (__aeabi_dmul)
c:/program files/microchip/xc32/v3.01/bin/bin/../../lib/gcc/pic32c/8.3.1/thumb/v6-m/nofp\libgcc.a(subdf3.o)
                              c:/program files/microchip/xc32/v3.01/bin/bin/../../lib/gcc/pic32c/8.3.1/thumb/v6-m/nofp\libgcc.a(_fixunssfdi.o) (__aeabi_dsub)
c:/program files/microchip/xc32/v3.01/bin/bin/../../lib/gcc/pic32c/8.3.1/thumb/v6-m/nofp\libgcc.a(floatunsidf.o)
                              c:/program files/microchip/xc32/v3.01/bin/bin/../../lib/gcc/pic32c/8.3.1/thumb/v6-m/nofp\libgcc.a(_fixunssfdi.o) (__aeabi_ui2d)
c:/program files/microchip/xc32/v3.01/bin/bin/../../lib/gcc/pic32c/8.3.1/thumb/v6-m/nofp\libgcc.a(extendsfdf2.o)
                              c:/program files/microchip/xc32/v3.01/bin/bin/../../lib/gcc/pic32c/8.3.1/thumb/v6-m/nofp\libgcc.a(_fixunssfdi.o) (__aeabi_f2d)
c:/program files/microchip/xc32/v3.01/bin/bin/../../lib/gcc/pic32c/8.3.1/thumb/v6-m/nofp\libgcc.a(_arm_cmpsf2.o)
                              c:/program files/microchip/xc32/v3.01/bin/bin/../../lib/gcc/pic32c/8.3.1/thumb/v6-m/nofp\libgcc.a(_fixunssfsi.o) (__aeabi_fcmpge)
c:/program files/microchip/xc32/v3.01/bin/bin/../../lib/gcc/pic32c/8.3.1/thumb/v6-m/nofp\libgcc.a(_clzsi2.o)
[...]
Memory Configuration

Name             Origin             Length             Attributes
rom              0x00000000         0x00040000         xrl
ram              0x20000000         0x00008000         xw !r
lpram            0x30000000         0x00002000         xw !r
config_D0804000  0xd0804000         0x00000004
config_D0806020  0xd0806020         0x00000004
config_D0804004  0xd0804004         0x00000004
config_D0806034  0xd0806034         0x00000004
config_D0806030  0xd0806030         0x00000004
*default*        0x00000000         0xffffffff

Linker script and memory map

LOAD c:/program files/microchip/xc32/v3.01/bin/bin/../../lib/gcc/pic32c/8.3.1/thumb/v6-m/nofp/crti.o
LOAD c:/program files/microchip/xc32/v3.01/bin/bin/../../lib/gcc/pic32c/8.3.1/thumb/v6-m/nofp/crtbegin.o
LOAD build/default/production/_ext/1824796116/pmm.o
LOAD build/default/production/_ext/2120447010/lorawan_mband_eu.o
LOAD build/default/production/_ext/282161921/sw_timer.o
LOAD build/default/production/_ext/1824799377/system_assert.o
LOAD build/default/production/_ext/1824799377/system_init.o
LOAD build/default/production/_ext/1824799377/system_task_manager.o
LOAD build/default/production/_ext/22805713/radio_driver_sx1276.o
LOAD build/default/production/_ext/1824799587/radio_get_set.o
LOAD build/default/production/_ext/1824799587/radio_interface.o
LOAD build/default/production/_ext/1824799587/radio_lbt.o
LOAD build/default/production/_ext/1824799587/radio_task_manager.o
LOAD build/default/production/_ext/1824799587/radio_transaction.o
LOAD build/default/production/_ext/1530445869/radioconfig.o
LOAD build/default/production/_ext/60163342/plib_adc.o
LOAD build/default/production/_ext/1984496892/plib_clock.o
LOAD build/default/production/_ext/60167341/plib_eic.o
LOAD build/default/production/_ext/1986646378/plib_evsys.o
LOAD build/default/production/_ext/1865468468/plib_nvic.o
LOAD build/default/production/_ext/1593096446/plib_nvmctrl.o
LOAD build/default/production/_ext/829342769/plib_pm.o
LOAD build/default/production/_ext/1865521619/plib_port.o
LOAD build/default/production/_ext/1865585090/plib_rstc.o
LOAD build/default/production/_ext/60180175/plib_rtc_timer.o
LOAD build/default/production/_ext/508257091/plib_sercom1_i2c_master.o
LOAD build/default/production/_ext/17022449/plib_sercom4_spi_master.o
LOAD build/default/production/_ext/504274921/plib_sercom0_usart.o
LOAD build/default/production/_ext/1865616679/plib_supc.o
LOAD build/default/production/_ext/1827571544/plib_systick.o
LOAD build/default/production/_ext/829342655/plib_tc0.o
LOAD build/default/production/_ext/163028504/xc32_monitor.o
LOAD build/default/production/_ext/1881668453/sys_int.o
LOAD build/default/production/_ext/1000052432/sys_reset.o
LOAD build/default/production/_ext/1171490990/exceptions.o
LOAD build/default/production/_ext/1171490990/interrupts.o
LOAD build/default/production/_ext/1171490990/startup_xc32.o
LOAD build/default/production/_ext/1171490990/initialization.o
LOAD build/default/production/_ext/1171490990/libc_syscalls.o
LOAD build/default/production/_ext/1530445869/tasks.o
LOAD build/default/production/_ext/1530445869/app.o
LOAD build/default/production/_ext/1360937237/main.o
LOAD build/default/production/_ext/1824788055/radio_driver_hal.o
LOAD build/default/production/_ext/1824788055/sleep.o
LOAD build/default/production/_ext/1824788055/sleep_timer.o
LOAD build/default/production/_ext/1824788055/sys.o
                0x00000001                __MPLAB_BUILD = 0x1
                0x00040000                __rom_end = (ORIGIN (rom) + LENGTH (rom))
                0x20008000                __ram_end = (ORIGIN (ram) + LENGTH (ram))

.config_D0804000
 *(.config_D0804000)

.config_D0806020
 *(.config_D0806020)

.config_D0804004
 *(.config_D0804004)

.config_D0806034
 *(.config_D0806034)

.config_D0806030
 *(.config_D0806030)

.vectors        0x00000000       0xb0
                0x00000000                . = ALIGN (0x4)
                0x00000000                _sfixed = .
 *(.vectors .vectors.* .vectors_default .vectors_default.*)
 .vectors       0x00000000       0xb0 build/default/production/_ext/1171490990/interrupts.o
                0x00000000                exception_table
 *(.isr_vector)
 *(.reset*)
 *(.after_vectors)

.text           0x000000b0       0x20
                0x000000b0                . = ALIGN (0x4)
 *(.glue_7t)
 .glue_7t       0x000000b0        0x0 linker stubs
 *(.glue_7)
 .glue_7        0x000000b0        0x0 linker stubs
 *(.gnu.linkonce.r.*)
 *(.ARM.extab* .gnu.linkonce.armextab.*)
                0x000000b0                . = ALIGN (0x4)
 *(.init)
 .init          0x000000b0        0x4 c:/program files/microchip/xc32/v3.01/bin/bin/../../lib/gcc/pic32c/8.3.1/thumb/v6-m/nofp/crti.o
                0x000000b0                _init
 .init          0x000000b4        0x8 c:/program files/microchip/xc32/v3.01/bin/bin/../../lib/gcc/pic32c/8.3.1/thumb/v6-m/nofp/crtn.o
                0x000000bc                . = ALIGN (0x4)
                0x000000bc                __preinit_array_start = .
 *(.preinit_array)
                0x000000bc                __preinit_array_end = .
                0x000000bc                . = ALIGN (0x4)
                0x000000bc                __init_array_start = .
 *(SORT_BY_NAME(.init_array.*))
 *(.init_array)
 .init_array    0x000000bc        0x4 c:/program files/microchip/xc32/v3.01/bin/bin/../../lib/gcc/pic32c/8.3.1/thumb/v6-m/nofp/crtbegin.o
                0x000000c0                __init_array_end = .
                0x000000c0                . = ALIGN (0x4)
 *crtbegin.o(.ctors)
 *(EXCLUDE_FILE(*crtend.o) .ctors)
 *(SORT_BY_NAME(.ctors.*))
 *crtend.o(.ctors)
                0x000000c0                . = ALIGN (0x4)
 *(.fini)
 .fini          0x000000c0        0x4 c:/program files/microchip/xc32/v3.01/bin/bin/../../lib/gcc/pic32c/8.3.1/thumb/v6-m/nofp/crti.o
                0x000000c0                _fini
 .fini          0x000000c4        0x8 c:/program files/microchip/xc32/v3.01/bin/bin/../../lib/gcc/pic32c/8.3.1/thumb/v6-m/nofp/crtn.o
                0x000000cc                . = ALIGN (0x4)
                0x000000cc                __fini_array_start = .
 *(.fini_array)
 .fini_array    0x000000cc        0x4 c:/program files/microchip/xc32/v3.01/bin/bin/../../lib/gcc/pic32c/8.3.1/thumb/v6-m/nofp/crtbegin.o
 *(SORT_BY_NAME(.fini_array.*))
                0x000000d0                __fini_array_end = .
 *crtbegin.o(.dtors)
 *(EXCLUDE_FILE(*crtend.o) .dtors)
 *(SORT_BY_NAME(.dtors.*))
 *crtend.o(.dtors)
                0x000000d0                . = ALIGN (0x4)
                0x000000d0                _efixed = .
                [!provide]                PROVIDE (__exidx_start = .)

.ARM.exidx      0x000000d0        0x8
 *(.ARM.exidx* .gnu.linkonce.armexidx.*)
 .ARM.exidx     0x000000d0        0x8 c:/program files/microchip/xc32/v3.01/bin/bin/../../lib/gcc/pic32c/8.3.1/thumb/v6-m/nofp\libgcc.a(_udivmoddi4.o)
                [!provide]                PROVIDE (__exidx_end = .)
                0x000000d8                . = ALIGN (0x4)
                0x000000d8                _etext = .

.bss            0x20000000        0x0
                0x20000000                . = ALIGN (0x4)
                0x20000000                __bss_start__ = .
                0x20000000                _sbss = .
                0x20000000                _szero = .
 *(COMMON)
                0x20000000                . = ALIGN (0x4)
                0x20000000                __bss_end__ = .
                0x20000000                _ebss = .
                0x20000000                _ezero = .
                0x20000000                . = ALIGN (0x4)
                0x20000000                _end = .
                0x20007fff                _ram_end_ = ((ORIGIN (ram) + LENGTH (ram)) - 0x1)

.lpram_output   0x30000000        0x0
                0x30000000                . = ALIGN (0x4)
 *(.lpram .lpram.*)
                0x30000000                . = ALIGN (0x4)
                0x30000000                . = ALIGN (0x4)
                0x30001fff                _lpram_end_ = ((ORIGIN (lpram) + LENGTH (lpram)) - 0x1)
                0x00000200                _min_heap_size = 0x200
START GROUP
LOAD c:/program files/microchip/xc32/v3.01/bin/bin/../../lib/gcc/pic32c/8.3.1/../../../../pic32c/lib/thumb/v6-m/nofp\libpic32c.a
LOAD c:/program files/microchip/xc32/v3.01/bin/bin/../../lib/gcc/pic32c/8.3.1/thumb/v6-m/nofp\libgcc.a
LOAD c:/program files/microchip/xc32/v3.01/bin/bin/../../lib/gcc/pic32c/8.3.1/../../../../pic32c/lib/thumb/v6-m/nofp\libm_nano.a
LOAD c:/program files/microchip/xc32/v3.01/bin/bin/../../lib/gcc/pic32c/8.3.1/../../../../pic32c/lib/thumb/v6-m/nofp\libc_nano.a
END GROUP
LOAD c:/program files/microchip/xc32/v3.01/bin/bin/../../lib/gcc/pic32c/8.3.1/thumb/v6-m/nofp/crtend.o
LOAD c:/program files/microchip/xc32/v3.01/bin/bin/../../lib/gcc/pic32c/8.3.1/thumb/v6-m/nofp/crtn.o
OUTPUT(dist/default/production/Lorafrom0.X.production.elf elf32-littlearm)
LOAD stack
LOAD data_init

.ARM.attributes
                0x00000000       0x2a
 .ARM.attributes
                0x00000000       0x1e c:/program files/microchip/xc32/v3.01/bin/bin/../../lib/gcc/pic32c/8.3.1/thumb/v6-m/nofp/crti.o
 .ARM.attributes
                0x0000001e       0x2c c:/program files/microchip/xc32/v3.01/bin/bin/../../lib/gcc/pic32c/8.3.1/thumb/v6-m/nofp/crtbegin.o
 .ARM.attributes
                0x0000004a       0x2c build/default/production/_ext/1824796116/pmm.o
 .ARM.attributes
                0x00000076       0x2c build/default/production/_ext/282161921/sw_timer.o
 .ARM.attributes
                0x000000a2       0x2c build/default/production/_ext/1824799377/system_task_manager.o
 .ARM.attributes
                0x000000ce       0x2c build/default/production/_ext/22805713/radio_driver_sx1276.o
 .ARM.attributes
                0x000000fa       0x2c build/default/production/_ext/1824799587/radio_get_set.o
 .ARM.attributes
                0x00000126       0x2c build/default/production/_ext/1824799587/radio_interface.o
 .ARM.attributes
                0x00000152       0x2c build/default/production/_ext/1824799587/radio_lbt.o
 .ARM.attributes
                0x0000017e       0x2c build/default/production/_ext/1824799587/radio_task_manager.o
 .ARM.attributes
                0x000001aa       0x2c build/default/production/_ext/1824799587/radio_transaction.o
 .ARM.attributes
                0x000001d6       0x2c build/default/production/_ext/1530445869/radioconfig.o
 .ARM.attributes
                0x00000202       0x2c build/default/production/_ext/1984496892/plib_clock.o
 .ARM.attributes
                0x0000022e       0x2c build/default/production/_ext/60167341/plib_eic.o
 .ARM.attributes
                0x0000025a       0x2c build/default/production/_ext/1986646378/plib_evsys.o
 .ARM.attributes
                0x00000286       0x2c build/default/production/_ext/1865468468/plib_nvic.o
 .ARM.attributes
                0x000002b2       0x2c build/default/production/_ext/1593096446/plib_nvmctrl.o
 .ARM.attributes
                0x000002de       0x2c build/default/production/_ext/829342769/plib_pm.o
 .ARM.attributes
                0x0000030a       0x2c build/default/production/_ext/1865521619/plib_port.o
 .ARM.attributes
                0x00000336       0x2c build/default/production/_ext/1865585090/plib_rstc.o
 .ARM.attributes
                0x00000362       0x2c build/default/production/_ext/60180175/plib_rtc_timer.o
 .ARM.attributes
                0x0000038e       0x2c build/default/production/_ext/17022449/plib_sercom4_spi_master.o
 .ARM.attributes
                0x000003ba       0x2c build/default/production/_ext/1865616679/plib_supc.o
 .ARM.attributes
                0x000003e6       0x2c build/default/production/_ext/1827571544/plib_systick.o
 .ARM.attributes
                0x00000412       0x2c build/default/production/_ext/829342655/plib_tc0.o
 .ARM.attributes
                0x0000043e       0x2c build/default/production/_ext/1881668453/sys_int.o
 .ARM.attributes
                0x0000046a       0x2c build/default/production/_ext/1171490990/exceptions.o
 .ARM.attributes
                0x00000496       0x2c build/default/production/_ext/1171490990/interrupts.o
 .ARM.attributes
                0x000004c2       0x2c build/default/production/_ext/1171490990/startup_xc32.o
 .ARM.attributes
                0x000004ee       0x2c build/default/production/_ext/1171490990/initialization.o
 .ARM.attributes
                0x0000051a       0x2c build/default/production/_ext/1530445869/tasks.o
 .ARM.attributes
                0x00000546       0x2c build/default/production/_ext/1530445869/app.o
 .ARM.attributes
                0x00000572       0x2c build/default/production/_ext/1360937237/main.o
 .ARM.attributes
                0x0000059e       0x2c build/default/production/_ext/1824788055/radio_driver_hal.o
 .ARM.attributes
                0x000005ca       0x2c build/default/production/_ext/1824788055/sleep.o
 .ARM.attributes
                0x000005f6       0x2c build/default/production/_ext/1824788055/sleep_timer.o
 .ARM.attributes
                0x00000622       0x2c build/default/production/_ext/1824788055/sys.o
 .ARM.attributes
                0x0000064e       0x2c c:/program files/microchip/xc32/v3.01/bin/bin/../../lib/gcc/pic32c/8.3.1/../../../../pic32c/lib/thumb/v6-m/nofp\libpic32c.a(data_init.o)
 .ARM.attributes
                0x0000067a       0x1e c:/program files/microchip/xc32/v3.01/bin/bin/../../lib/gcc/pic32c/8.3.1/thumb/v6-m/nofp\libgcc.a(_udivsi3.o)
 .ARM.attributes
                0x00000698       0x1e c:/program files/microchip/xc32/v3.01/bin/bin/../../lib/gcc/pic32c/8.3.1/thumb/v6-m/nofp\libgcc.a(_divsi3.o)
 .ARM.attributes
                0x000006b6       0x1e c:/program files/microchip/xc32/v3.01/bin/bin/../../lib/gcc/pic32c/8.3.1/thumb/v6-m/nofp\libgcc.a(_dvmd_tls.o)
 .ARM.attributes
                0x000006d4       0x1e c:/program files/microchip/xc32/v3.01/bin/bin/../../lib/gcc/pic32c/8.3.1/thumb/v6-m/nofp\libgcc.a(_aeabi_uldivmod.o)
 .ARM.attributes
                0x000006f2       0x2c c:/program files/microchip/xc32/v3.01/bin/bin/../../lib/gcc/pic32c/8.3.1/thumb/v6-m/nofp\libgcc.a(_fixunssfsi.o)
 .ARM.attributes
                0x0000071e       0x2c c:/program files/microchip/xc32/v3.01/bin/bin/../../lib/gcc/pic32c/8.3.1/thumb/v6-m/nofp\libgcc.a(_fixunssfdi.o)
 .ARM.attributes
                0x0000074a       0x2c c:/program files/microchip/xc32/v3.01/bin/bin/../../lib/gcc/pic32c/8.3.1/thumb/v6-m/nofp\libgcc.a(_udivmoddi4.o)
 .ARM.attributes
                0x00000776       0x2c c:/program files/microchip/xc32/v3.01/bin/bin/../../lib/gcc/pic32c/8.3.1/thumb/v6-m/nofp\libgcc.a(mulsf3.o)
 .ARM.attributes
                0x000007a2       0x2c c:/program files/microchip/xc32/v3.01/bin/bin/../../lib/gcc/pic32c/8.3.1/thumb/v6-m/nofp\libgcc.a(subsf3.o)
 .ARM.attributes
                0x000007ce       0x2c c:/program files/microchip/xc32/v3.01/bin/bin/../../lib/gcc/pic32c/8.3.1/thumb/v6-m/nofp\libgcc.a(fixsfsi.o)
 .ARM.attributes
                0x000007fa       0x2c c:/program files/microchip/xc32/v3.01/bin/bin/../../lib/gcc/pic32c/8.3.1/thumb/v6-m/nofp\libgcc.a(floatsisf.o)
 .ARM.attributes
                0x00000826       0x2c c:/program files/microchip/xc32/v3.01/bin/bin/../../lib/gcc/pic32c/8.3.1/thumb/v6-m/nofp\libgcc.a(floatunsisf.o)
 .ARM.attributes
                0x00000852       0x2c c:/program files/microchip/xc32/v3.01/bin/bin/../../lib/gcc/pic32c/8.3.1/thumb/v6-m/nofp\libgcc.a(muldf3.o)
 .ARM.attributes
                0x0000087e       0x2c c:/program files/microchip/xc32/v3.01/bin/bin/../../lib/gcc/pic32c/8.3.1/thumb/v6-m/nofp\libgcc.a(subdf3.o)
 .ARM.attributes
                0x000008aa       0x2c c:/program files/microchip/xc32/v3.01/bin/bin/../../lib/gcc/pic32c/8.3.1/thumb/v6-m/nofp\libgcc.a(floatunsidf.o)
 .ARM.attributes
                0x000008d6       0x2c c:/program files/microchip/xc32/v3.01/bin/bin/../../lib/gcc/pic32c/8.3.1/thumb/v6-m/nofp\libgcc.a(extendsfdf2.o)
 .ARM.attributes
                0x00000902       0x1e c:/program files/microchip/xc32/v3.01/bin/bin/../../lib/gcc/pic32c/8.3.1/thumb/v6-m/nofp\libgcc.a(_arm_cmpsf2.o)
 .ARM.attributes
                0x00000920       0x1e c:/program files/microchip/xc32/v3.01/bin/bin/../../lib/gcc/pic32c/8.3.1/thumb/v6-m/nofp\libgcc.a(_clzsi2.o)
 .ARM.attributes
                0x0000093e       0x1e c:/program files/microchip/xc32/v3.01/bin/bin/../../lib/gcc/pic32c/8.3.1/thumb/v6-m/nofp\libgcc.a(_clzdi2.o)
 .ARM.attributes
                0x0000095c       0x2c c:/program files/microchip/xc32/v3.01/bin/bin/../../lib/gcc/pic32c/8.3.1/thumb/v6-m/nofp\libgcc.a(_fixunsdfsi.o)
 .ARM.attributes
                0x00000988       0x2c c:/program files/microchip/xc32/v3.01/bin/bin/../../lib/gcc/pic32c/8.3.1/thumb/v6-m/nofp\libgcc.a(eqsf2.o)
 .ARM.attributes
                0x000009b4       0x2c c:/program files/microchip/xc32/v3.01/bin/bin/../../lib/gcc/pic32c/8.3.1/thumb/v6-m/nofp\libgcc.a(gesf2.o)
 .ARM.attributes
                0x000009e0       0x2c c:/program files/microchip/xc32/v3.01/bin/bin/../../lib/gcc/pic32c/8.3.1/thumb/v6-m/nofp\libgcc.a(lesf2.o)
 .ARM.attributes
                0x00000a0c       0x2c c:/program files/microchip/xc32/v3.01/bin/bin/../../lib/gcc/pic32c/8.3.1/thumb/v6-m/nofp\libgcc.a(fixdfsi.o)
 .ARM.attributes
                0x00000a38       0x1e c:/program files/microchip/xc32/v3.01/bin/bin/../../lib/gcc/pic32c/8.3.1/thumb/v6-m/nofp\libgcc.a(_arm_cmpdf2.o)
 .ARM.attributes
                0x00000a56       0x2c c:/program files/microchip/xc32/v3.01/bin/bin/../../lib/gcc/pic32c/8.3.1/thumb/v6-m/nofp\libgcc.a(eqdf2.o)
 .ARM.attributes
                0x00000a82       0x2c c:/program files/microchip/xc32/v3.01/bin/bin/../../lib/gcc/pic32c/8.3.1/thumb/v6-m/nofp\libgcc.a(gedf2.o)
 .ARM.attributes
                0x00000aae       0x2c c:/program files/microchip/xc32/v3.01/bin/bin/../../lib/gcc/pic32c/8.3.1/thumb/v6-m/nofp\libgcc.a(ledf2.o)
 .ARM.attributes
                0x00000ada       0x2c c:/program files/microchip/xc32/v3.01/bin/bin/../../lib/gcc/pic32c/8.3.1/../../../../pic32c/lib/thumb/v6-m/nofp\libc_nano.a(lib_a-init.o)
 .ARM.attributes
                0x00000b06       0x2c c:/program files/microchip/xc32/v3.01/bin/bin/../../lib/gcc/pic32c/8.3.1/../../../../pic32c/lib/thumb/v6-m/nofp\libc_nano.a(lib_a-memcpy-stub.o)
 .ARM.attributes
                0x00000b32       0x1e c:/program files/microchip/xc32/v3.01/bin/bin/../../lib/gcc/pic32c/8.3.1/thumb/v6-m/nofp/crtn.o

.comment        0x00000000       0x53
 .comment       0x00000000       0x53 c:/program files/microchip/xc32/v3.01/bin/bin/../../lib/gcc/pic32c/8.3.1/thumb/v6-m/nofp/crtbegin.o
                                 0x54 (size before relaxing)
 .comment       0x00000053       0x54 build/default/production/_ext/1824796116/pmm.o
 .comment       0x00000053       0x54 build/default/production/_ext/282161921/sw_timer.o
 .comment       0x00000053       0x54 build/default/production/_ext/1824799377/system_task_manager.o
 .comment       0x00000053       0x54 build/default/production/_ext/22805713/radio_driver_sx1276.o
 .comment       0x00000053       0x54 build/default/production/_ext/1824799587/radio_get_set.o
 .comment       0x00000053       0x54 build/default/production/_ext/1824799587/radio_interface.o
 .comment       0x00000053       0x54 build/default/production/_ext/1824799587/radio_lbt.o
 .comment       0x00000053       0x54 build/default/production/_ext/1824799587/radio_task_manager.o
 .comment       0x00000053       0x54 build/default/production/_ext/1824799587/radio_transaction.o
 .comment       0x00000053       0x54 build/default/production/_ext/1530445869/radioconfig.o
 .comment       0x00000053       0x54 build/default/production/_ext/1984496892/plib_clock.o
 .comment       0x00000053       0x54 build/default/production/_ext/60167341/plib_eic.o
 .comment       0x00000053       0x54 build/default/production/_ext/1986646378/plib_evsys.o
 .comment       0x00000053       0x54 build/default/production/_ext/1865468468/plib_nvic.o
 .comment       0x00000053       0x54 build/default/production/_ext/1593096446/plib_nvmctrl.o
 .comment       0x00000053       0x54 build/default/production/_ext/829342769/plib_pm.o
 .comment       0x00000053       0x54 build/default/production/_ext/1865521619/plib_port.o
 .comment       0x00000053       0x54 build/default/production/_ext/1865585090/plib_rstc.o
 .comment       0x00000053       0x54 build/default/production/_ext/60180175/plib_rtc_timer.o
 .comment       0x00000053       0x54 build/default/production/_ext/17022449/plib_sercom4_spi_master.o
 .comment       0x00000053       0x54 build/default/production/_ext/1865616679/plib_supc.o
 .comment       0x00000053       0x54 build/default/production/_ext/1827571544/plib_systick.o
 .comment       0x00000053       0x54 build/default/production/_ext/829342655/plib_tc0.o
 .comment       0x00000053       0x54 build/default/production/_ext/1881668453/sys_int.o
 .comment       0x00000053       0x54 build/default/production/_ext/1171490990/exceptions.o
 .comment       0x00000053       0x54 build/default/production/_ext/1171490990/interrupts.o
 .comment       0x00000053       0x54 build/default/production/_ext/1171490990/startup_xc32.o
 .comment       0x00000053       0x54 build/default/production/_ext/1171490990/initialization.o
 .comment       0x00000053       0x54 build/default/production/_ext/1530445869/tasks.o
 .comment       0x00000053       0x54 build/default/production/_ext/1530445869/app.o
 .comment       0x00000053       0x54 build/default/production/_ext/1360937237/main.o
 .comment       0x00000053       0x54 build/default/production/_ext/1824788055/radio_driver_hal.o
 .comment       0x00000053       0x54 build/default/production/_ext/1824788055/sleep.o
 .comment       0x00000053       0x54 build/default/production/_ext/1824788055/sleep_timer.o
 .comment       0x00000053       0x54 build/default/production/_ext/1824788055/sys.o
 .comment       0x00000053       0x54 c:/program files/microchip/xc32/v3.01/bin/bin/../../lib/gcc/pic32c/8.3.1/../../../../pic32c/lib/thumb/v6-m/nofp\libpic32c.a(data_init.o)
 .comment       0x00000053       0x54 c:/program files/microchip/xc32/v3.01/bin/bin/../../lib/gcc/pic32c/8.3.1/thumb/v6-m/nofp\libgcc.a(_fixunssfsi.o)
 .comment       0x00000053       0x54 c:/program files/microchip/xc32/v3.01/bin/bin/../../lib/gcc/pic32c/8.3.1/thumb/v6-m/nofp\libgcc.a(_fixunssfdi.o)
 .comment       0x00000053       0x54 c:/program files/microchip/xc32/v3.01/bin/bin/../../lib/gcc/pic32c/8.3.1/thumb/v6-m/nofp\libgcc.a(_udivmoddi4.o)
 .comment       0x00000053       0x54 c:/program files/microchip/xc32/v3.01/bin/bin/../../lib/gcc/pic32c/8.3.1/thumb/v6-m/nofp\libgcc.a(mulsf3.o)
 .comment       0x00000053       0x54 c:/program files/microchip/xc32/v3.01/bin/bin/../../lib/gcc/pic32c/8.3.1/thumb/v6-m/nofp\libgcc.a(subsf3.o)
 .comment       0x00000053       0x54 c:/program files/microchip/xc32/v3.01/bin/bin/../../lib/gcc/pic32c/8.3.1/thumb/v6-m/nofp\libgcc.a(fixsfsi.o)
 .comment       0x00000053       0x54 c:/program files/microchip/xc32/v3.01/bin/bin/../../lib/gcc/pic32c/8.3.1/thumb/v6-m/nofp\libgcc.a(floatsisf.o)
 .comment       0x00000053       0x54 c:/program files/microchip/xc32/v3.01/bin/bin/../../lib/gcc/pic32c/8.3.1/thumb/v6-m/nofp\libgcc.a(floatunsisf.o)
 .comment       0x00000053       0x54 c:/program files/microchip/xc32/v3.01/bin/bin/../../lib/gcc/pic32c/8.3.1/thumb/v6-m/nofp\libgcc.a(muldf3.o)
 .comment       0x00000053       0x54 c:/program files/microchip/xc32/v3.01/bin/bin/../../lib/gcc/pic32c/8.3.1/thumb/v6-m/nofp\libgcc.a(subdf3.o)
 .comment       0x00000053       0x54 c:/program files/microchip/xc32/v3.01/bin/bin/../../lib/gcc/pic32c/8.3.1/thumb/v6-m/nofp\libgcc.a(floatunsidf.o)
 .comment       0x00000053       0x54 c:/program files/microchip/xc32/v3.01/bin/bin/../../lib/gcc/pic32c/8.3.1/thumb/v6-m/nofp\libgcc.a(extendsfdf2.o)
 .comment       0x00000053       0x54 c:/program files/microchip/xc32/v3.01/bin/bin/../../lib/gcc/pic32c/8.3.1/thumb/v6-m/nofp\libgcc.a(_fixunsdfsi.o)
 .comment       0x00000053       0x54 c:/program files/microchip/xc32/v3.01/bin/bin/../../lib/gcc/pic32c/8.3.1/thumb/v6-m/nofp\libgcc.a(eqsf2.o)
 .comment       0x00000053       0x54 c:/program files/microchip/xc32/v3.01/bin/bin/../../lib/gcc/pic32c/8.3.1/thumb/v6-m/nofp\libgcc.a(gesf2.o)
 .comment       0x00000053       0x54 c:/program files/microchip/xc32/v3.01/bin/bin/../../lib/gcc/pic32c/8.3.1/thumb/v6-m/nofp\libgcc.a(lesf2.o)
 .comment       0x00000053       0x54 c:/program files/microchip/xc32/v3.01/bin/bin/../../lib/gcc/pic32c/8.3.1/thumb/v6-m/nofp\libgcc.a(fixdfsi.o)
 .comment       0x00000053       0x54 c:/program files/microchip/xc32/v3.01/bin/bin/../../lib/gcc/pic32c/8.3.1/thumb/v6-m/nofp\libgcc.a(eqdf2.o)
 .comment       0x00000053       0x54 c:/program files/microchip/xc32/v3.01/bin/bin/../../lib/gcc/pic32c/8.3.1/thumb/v6-m/nofp\libgcc.a(gedf2.o)
 .comment       0x00000053       0x54 c:/program files/microchip/xc32/v3.01/bin/bin/../../lib/gcc/pic32c/8.3.1/thumb/v6-m/nofp\libgcc.a(ledf2.o)
 .comment       0x00000053       0x54 c:/program files/microchip/xc32/v3.01/bin/bin/../../lib/gcc/pic32c/8.3.1/../../../../pic32c/lib/thumb/v6-m/nofp\libc_nano.a(lib_a-init.o)
 .comment       0x00000053       0x54 c:/program files/microchip/xc32/v3.01/bin/bin/../../lib/gcc/pic32c/8.3.1/../../../../pic32c/lib/thumb/v6-m/nofp\libc_nano.a(lib_a-memcpy-stub.o)

.debug_info     0x00000000    0x5125e
 .debug_info    0x00000000     0x3072 build/default/production/_ext/1824796116/pmm.o
 .debug_info    0x00003072     0x454b build/default/production/_ext/282161921/sw_timer.o
 .debug_info    0x000075bd      0x537 build/default/production/_ext/1824799377/system_task_manager.o
 .debug_info    0x00007af4     0x339a build/default/production/_ext/22805713/radio_driver_sx1276.o
 .debug_info    0x0000ae8e     0x3739 build/default/production/_ext/1824799587/radio_get_set.o
 .debug_info    0x0000e5c7     0x2cc7 build/default/production/_ext/1824799587/radio_interface.o
 .debug_info    0x0001128e     0x3113 build/default/production/_ext/1824799587/radio_lbt.o
 .debug_info    0x000143a1      0x616 build/default/production/_ext/1824799587/radio_task_manager.o
 .debug_info    0x000149b7     0x53a3 build/default/production/_ext/1824799587/radio_transaction.o
 .debug_info    0x00019d5a     0x2fc8 build/default/production/_ext/1530445869/radioconfig.o
 .debug_info    0x0001cd22      0xb5a build/default/production/_ext/1984496892/plib_clock.o
 .debug_info    0x0001d87c      0x73f build/default/production/_ext/60167341/plib_eic.o
 .debug_info    0x0001dfbb      0x304 build/default/production/_ext/1986646378/plib_evsys.o
 .debug_info    0x0001e2bf      0xaa8 build/default/production/_ext/1865468468/plib_nvic.o
 .debug_info    0x0001ed67     0x1501 build/default/production/_ext/1593096446/plib_nvmctrl.o
 .debug_info    0x00020268      0x625 build/default/production/_ext/829342769/plib_pm.o
 .debug_info    0x0002088d      0xc91 build/default/production/_ext/1865521619/plib_port.o
 .debug_info    0x0002151e      0x5ba build/default/production/_ext/1865585090/plib_rstc.o
 .debug_info    0x00021ad8     0x1795 build/default/production/_ext/60180175/plib_rtc_timer.o
 .debug_info    0x0002326d     0x120f build/default/production/_ext/17022449/plib_sercom4_spi_master.o
 .debug_info    0x0002447c      0x5c6 build/default/production/_ext/1865616679/plib_supc.o
 .debug_info    0x00024a42      0x68e build/default/production/_ext/1827571544/plib_systick.o
 .debug_info    0x000250d0      0xd0c build/default/production/_ext/829342655/plib_tc0.o
 .debug_info    0x00025ddc      0x9ec build/default/production/_ext/1881668453/sys_int.o
 .debug_info    0x000267c8     0x273e build/default/production/_ext/1171490990/exceptions.o
 .debug_info    0x00028f06     0x311e build/default/production/_ext/1171490990/interrupts.o
 .debug_info    0x0002c024      0x49b build/default/production/_ext/1171490990/startup_xc32.o
 .debug_info    0x0002c4bf     0x2aaf build/default/production/_ext/1171490990/initialization.o
 .debug_info    0x0002ef6e     0x273f build/default/production/_ext/1530445869/tasks.o
 .debug_info    0x000316ad     0x3e58 build/default/production/_ext/1530445869/app.o
 .debug_info    0x00035505     0x2733 build/default/production/_ext/1360937237/main.o
 .debug_info    0x00037c38     0x4706 build/default/production/_ext/1824788055/radio_driver_hal.o
 .debug_info    0x0003c33e     0x27dc build/default/production/_ext/1824788055/sleep.o
 .debug_info    0x0003eb1a     0x2934 build/default/production/_ext/1824788055/sleep_timer.o
 .debug_info    0x0004144e     0x2ec6 build/default/production/_ext/1824788055/sys.o
 .debug_info    0x00044314      0x2c3 c:/program files/microchip/xc32/v3.01/bin/bin/../../lib/gcc/pic32c/8.3.1/../../../../pic32c/lib/thumb/v6-m/nofp\libpic32c.a(data_init.o)
 .debug_info    0x000445d7       0x26 c:/program files/microchip/xc32/v3.01/bin/bin/../../lib/gcc/pic32c/8.3.1/thumb/v6-m/nofp\libgcc.a(_udivsi3.o)
 .debug_info    0x000445fd       0x26 c:/program files/microchip/xc32/v3.01/bin/bin/../../lib/gcc/pic32c/8.3.1/thumb/v6-m/nofp\libgcc.a(_divsi3.o)
 .debug_info    0x00044623       0x26 c:/program files/microchip/xc32/v3.01/bin/bin/../../lib/gcc/pic32c/8.3.1/thumb/v6-m/nofp\libgcc.a(_dvmd_tls.o)
 .debug_info    0x00044649       0x26 c:/program files/microchip/xc32/v3.01/bin/bin/../../lib/gcc/pic32c/8.3.1/thumb/v6-m/nofp\libgcc.a(_aeabi_uldivmod.o)
 .debug_info    0x0004466f     0x1b5e c:/program files/microchip/xc32/v3.01/bin/bin/../../lib/gcc/pic32c/8.3.1/thumb/v6-m/nofp\libgcc.a(_fixunssfsi.o)
 .debug_info    0x000461cd     0x1bb5 c:/program files/microchip/xc32/v3.01/bin/bin/../../lib/gcc/pic32c/8.3.1/thumb/v6-m/nofp\libgcc.a(_fixunssfdi.o)
 .debug_info    0x00047d82     0x1c12 c:/program files/microchip/xc32/v3.01/bin/bin/../../lib/gcc/pic32c/8.3.1/thumb/v6-m/nofp\libgcc.a(_udivmoddi4.o)
 .debug_info    0x00049994      0x6e2 c:/program files/microchip/xc32/v3.01/bin/bin/../../lib/gcc/pic32c/8.3.1/thumb/v6-m/nofp\libgcc.a(mulsf3.o)
 .debug_info    0x0004a076      0x63e c:/program files/microchip/xc32/v3.01/bin/bin/../../lib/gcc/pic32c/8.3.1/thumb/v6-m/nofp\libgcc.a(subsf3.o)
 .debug_info    0x0004a6b4      0x441 c:/program files/microchip/xc32/v3.01/bin/bin/../../lib/gcc/pic32c/8.3.1/thumb/v6-m/nofp\libgcc.a(fixsfsi.o)
 .debug_info    0x0004aaf5      0x522 c:/program files/microchip/xc32/v3.01/bin/bin/../../lib/gcc/pic32c/8.3.1/thumb/v6-m/nofp\libgcc.a(floatsisf.o)
 .debug_info    0x0004b017      0x515 c:/program files/microchip/xc32/v3.01/bin/bin/../../lib/gcc/pic32c/8.3.1/thumb/v6-m/nofp\libgcc.a(floatunsisf.o)
 .debug_info    0x0004b52c      0xc00 c:/program files/microchip/xc32/v3.01/bin/bin/../../lib/gcc/pic32c/8.3.1/thumb/v6-m/nofp\libgcc.a(muldf3.o)
 .debug_info    0x0004c12c      0x90d c:/program files/microchip/xc32/v3.01/bin/bin/../../lib/gcc/pic32c/8.3.1/thumb/v6-m/nofp\libgcc.a(subdf3.o)
 .debug_info    0x0004ca39      0x5b1 c:/program files/microchip/xc32/v3.01/bin/bin/../../lib/gcc/pic32c/8.3.1/thumb/v6-m/nofp\libgcc.a(floatunsidf.o)
 .debug_info    0x0004cfea      0x531 c:/program files/microchip/xc32/v3.01/bin/bin/../../lib/gcc/pic32c/8.3.1/thumb/v6-m/nofp\libgcc.a(extendsfdf2.o)
 .debug_info    0x0004d51b       0x26 c:/program files/microchip/xc32/v3.01/bin/bin/../../lib/gcc/pic32c/8.3.1/thumb/v6-m/nofp\libgcc.a(_arm_cmpsf2.o)
 .debug_info    0x0004d541       0x26 c:/program files/microchip/xc32/v3.01/bin/bin/../../lib/gcc/pic32c/8.3.1/thumb/v6-m/nofp\libgcc.a(_clzsi2.o)
 .debug_info    0x0004d567       0x26 c:/program files/microchip/xc32/v3.01/bin/bin/../../lib/gcc/pic32c/8.3.1/thumb/v6-m/nofp\libgcc.a(_clzdi2.o)
 .debug_info    0x0004d58d     0x1b5e c:/program files/microchip/xc32/v3.01/bin/bin/../../lib/gcc/pic32c/8.3.1/thumb/v6-m/nofp\libgcc.a(_fixunsdfsi.o)
 .debug_info    0x0004f0eb      0x491 c:/program files/microchip/xc32/v3.01/bin/bin/../../lib/gcc/pic32c/8.3.1/thumb/v6-m/nofp\libgcc.a(eqsf2.o)
 .debug_info    0x0004f57c      0x4c3 c:/program files/microchip/xc32/v3.01/bin/bin/../../lib/gcc/pic32c/8.3.1/thumb/v6-m/nofp\libgcc.a(gesf2.o)
 .debug_info    0x0004fa3f      0x4c3 c:/program files/microchip/xc32/v3.01/bin/bin/../../lib/gcc/pic32c/8.3.1/thumb/v6-m/nofp\libgcc.a(lesf2.o)
 .debug_info    0x0004ff02      0x462 c:/program files/microchip/xc32/v3.01/bin/bin/../../lib/gcc/pic32c/8.3.1/thumb/v6-m/nofp\libgcc.a(fixdfsi.o)
 .debug_info    0x00050364       0x26 c:/program files/microchip/xc32/v3.01/bin/bin/../../lib/gcc/pic32c/8.3.1/thumb/v6-m/nofp\libgcc.a(_arm_cmpdf2.o)
 .debug_info    0x0005038a      0x4ca c:/program files/microchip/xc32/v3.01/bin/bin/../../lib/gcc/pic32c/8.3.1/thumb/v6-m/nofp\libgcc.a(eqdf2.o)
 .debug_info    0x00050854      0x505 c:/program files/microchip/xc32/v3.01/bin/bin/../../lib/gcc/pic32c/8.3.1/thumb/v6-m/nofp\libgcc.a(gedf2.o)
 .debug_info    0x00050d59      0x505 c:/program files/microchip/xc32/v3.01/bin/bin/../../lib/gcc/pic32c/8.3.1/thumb/v6-m/nofp\libgcc.a(ledf2.o)

.debug_abbrev   0x00000000     0x71bb
 .debug_abbrev  0x00000000      0x325 build/default/production/_ext/1824796116/pmm.o
 .debug_abbrev  0x00000325      0x532 build/default/production/_ext/282161921/sw_timer.o
 .debug_abbrev  0x00000857      0x11c build/default/production/_ext/1824799377/system_task_manager.o
 .debug_abbrev  0x00000973      0x36d build/default/production/_ext/22805713/radio_driver_sx1276.o
 .debug_abbrev  0x00000ce0      0x443 build/default/production/_ext/1824799587/radio_get_set.o
 .debug_abbrev  0x00001123      0x344 build/default/production/_ext/1824799587/radio_interface.o
 .debug_abbrev  0x00001467      0x343 build/default/production/_ext/1824799587/radio_lbt.o
 .debug_abbrev  0x000017aa      0x148 build/default/production/_ext/1824799587/radio_task_manager.o
 .debug_abbrev  0x000018f2      0x624 build/default/production/_ext/1824799587/radio_transaction.o
 .debug_abbrev  0x00001f16      0x2ff build/default/production/_ext/1530445869/radioconfig.o
 .debug_abbrev  0x00002215      0x160 build/default/production/_ext/1984496892/plib_clock.o
 .debug_abbrev  0x00002375      0x1ae build/default/production/_ext/60167341/plib_eic.o
 .debug_abbrev  0x00002523       0x3b build/default/production/_ext/1986646378/plib_evsys.o
 .debug_abbrev  0x0000255e      0x1e1 build/default/production/_ext/1865468468/plib_nvic.o
 .debug_abbrev  0x0000273f      0x2a7 build/default/production/_ext/1593096446/plib_nvmctrl.o
 .debug_abbrev  0x000029e6       0xec build/default/production/_ext/829342769/plib_pm.o
 .debug_abbrev  0x00002ad2      0x1d6 build/default/production/_ext/1865521619/plib_port.o
 .debug_abbrev  0x00002ca8       0xa6 build/default/production/_ext/1865585090/plib_rstc.o
 .debug_abbrev  0x00002d4e      0x255 build/default/production/_ext/60180175/plib_rtc_timer.o
 .debug_abbrev  0x00002fa3      0x233 build/default/production/_ext/17022449/plib_sercom4_spi_master.o
 .debug_abbrev  0x000031d6       0xf8 build/default/production/_ext/1865616679/plib_supc.o
 .debug_abbrev  0x000032ce      0x117 build/default/production/_ext/1827571544/plib_systick.o
 .debug_abbrev  0x000033e5      0x218 build/default/production/_ext/829342655/plib_tc0.o
 .debug_abbrev  0x000035fd      0x246 build/default/production/_ext/1881668453/sys_int.o
 .debug_abbrev  0x00003843      0x245 build/default/production/_ext/1171490990/exceptions.o
 .debug_abbrev  0x00003a88      0x252 build/default/production/_ext/1171490990/interrupts.o
 .debug_abbrev  0x00003cda      0x11f build/default/production/_ext/1171490990/startup_xc32.o
 .debug_abbrev  0x00003df9      0x28b build/default/production/_ext/1171490990/initialization.o
 .debug_abbrev  0x00004084      0x263 build/default/production/_ext/1530445869/tasks.o
 .debug_abbrev  0x000042e7      0x465 build/default/production/_ext/1530445869/app.o
 .debug_abbrev  0x0000474c      0x27e build/default/production/_ext/1360937237/main.o
 .debug_abbrev  0x000049ca      0x4ab build/default/production/_ext/1824788055/radio_driver_hal.o
 .debug_abbrev  0x00004e75      0x277 build/default/production/_ext/1824788055/sleep.o
 .debug_abbrev  0x000050ec      0x2b9 build/default/production/_ext/1824788055/sleep_timer.o
 .debug_abbrev  0x000053a5      0x324 build/default/production/_ext/1824788055/sys.o
 .debug_abbrev  0x000056c9       0x2e c:/program files/microchip/xc32/v3.01/bin/bin/../../lib/gcc/pic32c/8.3.1/../../../../pic32c/lib/thumb/v6-m/nofp\libpic32c.a(data_init.o)
 .debug_abbrev  0x000056f7       0x14 c:/program files/microchip/xc32/v3.01/bin/bin/../../lib/gcc/pic32c/8.3.1/thumb/v6-m/nofp\libgcc.a(_udivsi3.o)
 .debug_abbrev  0x0000570b       0x14 c:/program files/microchip/xc32/v3.01/bin/bin/../../lib/gcc/pic32c/8.3.1/thumb/v6-m/nofp\libgcc.a(_divsi3.o)
 .debug_abbrev  0x0000571f       0x14 c:/program files/microchip/xc32/v3.01/bin/bin/../../lib/gcc/pic32c/8.3.1/thumb/v6-m/nofp\libgcc.a(_dvmd_tls.o)
 .debug_abbrev  0x00005733       0x14 c:/program files/microchip/xc32/v3.01/bin/bin/../../lib/gcc/pic32c/8.3.1/thumb/v6-m/nofp\libgcc.a(_aeabi_uldivmod.o)
 .debug_abbrev  0x00005747      0x130 c:/program files/microchip/xc32/v3.01/bin/bin/../../lib/gcc/pic32c/8.3.1/thumb/v6-m/nofp\libgcc.a(_fixunssfsi.o)
 .debug_abbrev  0x00005877      0x144 c:/program files/microchip/xc32/v3.01/bin/bin/../../lib/gcc/pic32c/8.3.1/thumb/v6-m/nofp\libgcc.a(_fixunssfdi.o)
 .debug_abbrev  0x000059bb      0x157 c:/program files/microchip/xc32/v3.01/bin/bin/../../lib/gcc/pic32c/8.3.1/thumb/v6-m/nofp\libgcc.a(_udivmoddi4.o)
 .debug_abbrev  0x00005b12      0x161 c:/program files/microchip/xc32/v3.01/bin/bin/../../lib/gcc/pic32c/8.3.1/thumb/v6-m/nofp\libgcc.a(mulsf3.o)
 .debug_abbrev  0x00005c73      0x172 c:/program files/microchip/xc32/v3.01/bin/bin/../../lib/gcc/pic32c/8.3.1/thumb/v6-m/nofp\libgcc.a(subsf3.o)
 .debug_abbrev  0x00005de5      0x153 c:/program files/microchip/xc32/v3.01/bin/bin/../../lib/gcc/pic32c/8.3.1/thumb/v6-m/nofp\libgcc.a(fixsfsi.o)
 .debug_abbrev  0x00005f38      0x14d c:/program files/microchip/xc32/v3.01/bin/bin/../../lib/gcc/pic32c/8.3.1/thumb/v6-m/nofp\libgcc.a(floatsisf.o)
 .debug_abbrev  0x00006085      0x14d c:/program files/microchip/xc32/v3.01/bin/bin/../../lib/gcc/pic32c/8.3.1/thumb/v6-m/nofp\libgcc.a(floatunsisf.o)
 .debug_abbrev  0x000061d2      0x16f c:/program files/microchip/xc32/v3.01/bin/bin/../../lib/gcc/pic32c/8.3.1/thumb/v6-m/nofp\libgcc.a(muldf3.o)
 .debug_abbrev  0x00006341      0x177 c:/program files/microchip/xc32/v3.01/bin/bin/../../lib/gcc/pic32c/8.3.1/thumb/v6-m/nofp\libgcc.a(subdf3.o)
 .debug_abbrev  0x000064b8      0x136 c:/program files/microchip/xc32/v3.01/bin/bin/../../lib/gcc/pic32c/8.3.1/thumb/v6-m/nofp\libgcc.a(floatunsidf.o)
 .debug_abbrev  0x000065ee      0x127 c:/program files/microchip/xc32/v3.01/bin/bin/../../lib/gcc/pic32c/8.3.1/thumb/v6-m/nofp\libgcc.a(extendsfdf2.o)
 .debug_abbrev  0x00006715       0x14 c:/program files/microchip/xc32/v3.01/bin/bin/../../lib/gcc/pic32c/8.3.1/thumb/v6-m/nofp\libgcc.a(_arm_cmpsf2.o)
 .debug_abbrev  0x00006729       0x14 c:/program files/microchip/xc32/v3.01/bin/bin/../../lib/gcc/pic32c/8.3.1/thumb/v6-m/nofp\libgcc.a(_clzsi2.o)
 .debug_abbrev  0x0000673d       0x14 c:/program files/microchip/xc32/v3.01/bin/bin/../../lib/gcc/pic32c/8.3.1/thumb/v6-m/nofp\libgcc.a(_clzdi2.o)
 .debug_abbrev  0x00006751      0x130 c:/program files/microchip/xc32/v3.01/bin/bin/../../lib/gcc/pic32c/8.3.1/thumb/v6-m/nofp\libgcc.a(_fixunsdfsi.o)
 .debug_abbrev  0x00006881      0x14a c:/program files/microchip/xc32/v3.01/bin/bin/../../lib/gcc/pic32c/8.3.1/thumb/v6-m/nofp\libgcc.a(eqsf2.o)
 .debug_abbrev  0x000069cb      0x14c c:/program files/microchip/xc32/v3.01/bin/bin/../../lib/gcc/pic32c/8.3.1/thumb/v6-m/nofp\libgcc.a(gesf2.o)
 .debug_abbrev  0x00006b17      0x14c c:/program files/microchip/xc32/v3.01/bin/bin/../../lib/gcc/pic32c/8.3.1/thumb/v6-m/nofp\libgcc.a(lesf2.o)
 .debug_abbrev  0x00006c63      0x151 c:/program files/microchip/xc32/v3.01/bin/bin/../../lib/gcc/pic32c/8.3.1/thumb/v6-m/nofp\libgcc.a(fixdfsi.o)
 .debug_abbrev  0x00006db4       0x14 c:/program files/microchip/xc32/v3.01/bin/bin/../../lib/gcc/pic32c/8.3.1/thumb/v6-m/nofp\libgcc.a(_arm_cmpdf2.o)
 .debug_abbrev  0x00006dc8      0x15b c:/program files/microchip/xc32/v3.01/bin/bin/../../lib/gcc/pic32c/8.3.1/thumb/v6-m/nofp\libgcc.a(eqdf2.o)
 .debug_abbrev  0x00006f23      0x14c c:/program files/microchip/xc32/v3.01/bin/bin/../../lib/gcc/pic32c/8.3.1/thumb/v6-m/nofp\libgcc.a(gedf2.o)
 .debug_abbrev  0x0000706f      0x14c c:/program files/microchip/xc32/v3.01/bin/bin/../../lib/gcc/pic32c/8.3.1/thumb/v6-m/nofp\libgcc.a(ledf2.o)

.debug_loc      0x00000000     0xa9cc
 .debug_loc     0x00000000      0x2ff build/default/production/_ext/1824796116/pmm.o
 .debug_loc     0x000002ff      0xa58 build/default/production/_ext/282161921/sw_timer.o
 .debug_loc     0x00000d57       0xa5 build/default/production/_ext/1824799377/system_task_manager.o
 .debug_loc     0x00000dfc      0x3fc build/default/production/_ext/22805713/radio_driver_sx1276.o
 .debug_loc     0x000011f8      0xbb1 build/default/production/_ext/1824799587/radio_get_set.o
 .debug_loc     0x00001da9      0x238 build/default/production/_ext/1824799587/radio_interface.o
 .debug_loc     0x00001fe1       0xc6 build/default/production/_ext/1824799587/radio_lbt.o
 .debug_loc     0x000020a7       0xea build/default/production/_ext/1824799587/radio_task_manager.o
 .debug_loc     0x00002191      0x878 build/default/production/_ext/1824799587/radio_transaction.o
 .debug_loc     0x00002a09       0x7d build/default/production/_ext/1530445869/radioconfig.o
 .debug_loc     0x00002a86       0x55 build/default/production/_ext/1984496892/plib_clock.o
 .debug_loc     0x00002adb      0x115 build/default/production/_ext/60167341/plib_eic.o
 .debug_loc     0x00002bf0       0x9c build/default/production/_ext/1865468468/plib_nvic.o
 .debug_loc     0x00002c8c      0x3a4 build/default/production/_ext/1593096446/plib_nvmctrl.o
 .debug_loc     0x00003030       0x63 build/default/production/_ext/829342769/plib_pm.o
 .debug_loc     0x00003093      0x246 build/default/production/_ext/1865521619/plib_port.o
 .debug_loc     0x000032d9       0x6a build/default/production/_ext/60180175/plib_rtc_timer.o
 .debug_loc     0x00003343      0x665 build/default/production/_ext/17022449/plib_sercom4_spi_master.o
 .debug_loc     0x000039a8       0x83 build/default/production/_ext/1865616679/plib_supc.o
 .debug_loc     0x00003a2b      0x2d3 build/default/production/_ext/1827571544/plib_systick.o
 .debug_loc     0x00003cfe       0xe8 build/default/production/_ext/829342655/plib_tc0.o
 .debug_loc     0x00003de6      0x17d build/default/production/_ext/1881668453/sys_int.o
 .debug_loc     0x00003f63       0x20 build/default/production/_ext/1171490990/startup_xc32.o
 .debug_loc     0x00003f83       0x45 build/default/production/_ext/1171490990/initialization.o
 .debug_loc     0x00003fc8       0x20 build/default/production/_ext/1530445869/tasks.o
 .debug_loc     0x00003fe8      0x327 build/default/production/_ext/1530445869/app.o
 .debug_loc     0x0000430f       0x20 build/default/production/_ext/1360937237/main.o
 .debug_loc     0x0000432f      0x5b8 build/default/production/_ext/1824788055/radio_driver_hal.o
 .debug_loc     0x000048e7       0x7f build/default/production/_ext/1824788055/sleep.o
 .debug_loc     0x00004966       0xe4 build/default/production/_ext/1824788055/sleep_timer.o
 .debug_loc     0x00004a4a      0x171 build/default/production/_ext/1824788055/sys.o
 .debug_loc     0x00004bbb       0x14 c:/program files/microchip/xc32/v3.01/bin/bin/../../lib/gcc/pic32c/8.3.1/../../../../pic32c/lib/thumb/v6-m/nofp\libpic32c.a(data_init.o)
 .debug_loc     0x00004bcf       0x62 c:/program files/microchip/xc32/v3.01/bin/bin/../../lib/gcc/pic32c/8.3.1/thumb/v6-m/nofp\libgcc.a(_fixunssfsi.o)
 .debug_loc     0x00004c31       0xed c:/program files/microchip/xc32/v3.01/bin/bin/../../lib/gcc/pic32c/8.3.1/thumb/v6-m/nofp\libgcc.a(_fixunssfdi.o)
 .debug_loc     0x00004d1e      0x41c c:/program files/microchip/xc32/v3.01/bin/bin/../../lib/gcc/pic32c/8.3.1/thumb/v6-m/nofp\libgcc.a(_udivmoddi4.o)
 .debug_loc     0x0000513a      0x8ef c:/program files/microchip/xc32/v3.01/bin/bin/../../lib/gcc/pic32c/8.3.1/thumb/v6-m/nofp\libgcc.a(mulsf3.o)
 .debug_loc     0x00005a29      0x8e2 c:/program files/microchip/xc32/v3.01/bin/bin/../../lib/gcc/pic32c/8.3.1/thumb/v6-m/nofp\libgcc.a(subsf3.o)
 .debug_loc     0x0000630b       0xf4 c:/program files/microchip/xc32/v3.01/bin/bin/../../lib/gcc/pic32c/8.3.1/thumb/v6-m/nofp\libgcc.a(fixsfsi.o)
 .debug_loc     0x000063ff      0x21e c:/program files/microchip/xc32/v3.01/bin/bin/../../lib/gcc/pic32c/8.3.1/thumb/v6-m/nofp\libgcc.a(floatsisf.o)
 .debug_loc     0x0000661d      0x228 c:/program files/microchip/xc32/v3.01/bin/bin/../../lib/gcc/pic32c/8.3.1/thumb/v6-m/nofp\libgcc.a(floatunsisf.o)
 .debug_loc     0x00006845     0x11a6 c:/program files/microchip/xc32/v3.01/bin/bin/../../lib/gcc/pic32c/8.3.1/thumb/v6-m/nofp\libgcc.a(muldf3.o)
 .debug_loc     0x000079eb     0x192c c:/program files/microchip/xc32/v3.01/bin/bin/../../lib/gcc/pic32c/8.3.1/thumb/v6-m/nofp\libgcc.a(subdf3.o)
 .debug_loc     0x00009317      0x2ca c:/program files/microchip/xc32/v3.01/bin/bin/../../lib/gcc/pic32c/8.3.1/thumb/v6-m/nofp\libgcc.a(floatunsidf.o)
 .debug_loc     0x000095e1      0x26c c:/program files/microchip/xc32/v3.01/bin/bin/../../lib/gcc/pic32c/8.3.1/thumb/v6-m/nofp\libgcc.a(extendsfdf2.o)
 .debug_loc     0x0000984d       0x4d c:/program files/microchip/xc32/v3.01/bin/bin/../../lib/gcc/pic32c/8.3.1/thumb/v6-m/nofp\libgcc.a(_fixunsdfsi.o)
 .debug_loc     0x0000989a      0x166 c:/program files/microchip/xc32/v3.01/bin/bin/../../lib/gcc/pic32c/8.3.1/thumb/v6-m/nofp\libgcc.a(eqsf2.o)
 .debug_loc     0x00009a00      0x27d c:/program files/microchip/xc32/v3.01/bin/bin/../../lib/gcc/pic32c/8.3.1/thumb/v6-m/nofp\libgcc.a(gesf2.o)
 .debug_loc     0x00009c7d      0x272 c:/program files/microchip/xc32/v3.01/bin/bin/../../lib/gcc/pic32c/8.3.1/thumb/v6-m/nofp\libgcc.a(lesf2.o)
 .debug_loc     0x00009eef      0x1a8 c:/program files/microchip/xc32/v3.01/bin/bin/../../lib/gcc/pic32c/8.3.1/thumb/v6-m/nofp\libgcc.a(fixdfsi.o)
 .debug_loc     0x0000a097      0x176 c:/program files/microchip/xc32/v3.01/bin/bin/../../lib/gcc/pic32c/8.3.1/thumb/v6-m/nofp\libgcc.a(eqdf2.o)
 .debug_loc     0x0000a20d      0x3e0 c:/program files/microchip/xc32/v3.01/bin/bin/../../lib/gcc/pic32c/8.3.1/thumb/v6-m/nofp\libgcc.a(gedf2.o)
 .debug_loc     0x0000a5ed      0x3df c:/program files/microchip/xc32/v3.01/bin/bin/../../lib/gcc/pic32c/8.3.1/thumb/v6-m/nofp\libgcc.a(ledf2.o)

.debug_aranges  0x00000000      0xe48
 .debug_aranges
                0x00000000       0x28 build/default/production/_ext/1824796116/pmm.o
 .debug_aranges
                0x00000028       0xb8 build/default/production/_ext/282161921/sw_timer.o
 .debug_aranges
                0x000000e0       0x30 build/default/production/_ext/1824799377/system_task_manager.o
 .debug_aranges
                0x00000110       0x40 build/default/production/_ext/22805713/radio_driver_sx1276.o
 .debug_aranges
                0x00000150       0x40 build/default/production/_ext/1824799587/radio_get_set.o
 .debug_aranges
                0x00000190       0x58 build/default/production/_ext/1824799587/radio_interface.o
 .debug_aranges
                0x000001e8       0x30 build/default/production/_ext/1824799587/radio_lbt.o
 .debug_aranges
                0x00000218       0x30 build/default/production/_ext/1824799587/radio_task_manager.o
 .debug_aranges
                0x00000248      0x108 build/default/production/_ext/1824799587/radio_transaction.o
 .debug_aranges
                0x00000350       0x30 build/default/production/_ext/1530445869/radioconfig.o
 .debug_aranges
                0x00000380       0x20 build/default/production/_ext/1984496892/plib_clock.o
 .debug_aranges
                0x000003a0       0x40 build/default/production/_ext/60167341/plib_eic.o
 .debug_aranges
                0x000003e0       0x20 build/default/production/_ext/1986646378/plib_evsys.o
 .debug_aranges
                0x00000400       0x38 build/default/production/_ext/1865468468/plib_nvic.o
 .debug_aranges
                0x00000438       0x78 build/default/production/_ext/1593096446/plib_nvmctrl.o
 .debug_aranges
                0x000004b0       0x58 build/default/production/_ext/829342769/plib_pm.o
 .debug_aranges
                0x00000508       0x70 build/default/production/_ext/1865521619/plib_port.o
 .debug_aranges
                0x00000578       0x38 build/default/production/_ext/1865585090/plib_rstc.o
 .debug_aranges
                0x000005b0       0x78 build/default/production/_ext/60180175/plib_rtc_timer.o
 .debug_aranges
                0x00000628       0x48 build/default/production/_ext/17022449/plib_sercom4_spi_master.o
 .debug_aranges
                0x00000670       0x38 build/default/production/_ext/1865616679/plib_supc.o
 .debug_aranges
                0x000006a8       0x70 build/default/production/_ext/1827571544/plib_systick.o
 .debug_aranges
                0x00000718       0x78 build/default/production/_ext/829342655/plib_tc0.o
 .debug_aranges
                0x00000790       0x40 build/default/production/_ext/1881668453/sys_int.o
 .debug_aranges
                0x000007d0       0x28 build/default/production/_ext/1171490990/exceptions.o
 .debug_aranges
                0x000007f8       0x20 build/default/production/_ext/1171490990/interrupts.o
 .debug_aranges
                0x00000818       0x28 build/default/production/_ext/1171490990/startup_xc32.o
 .debug_aranges
                0x00000840       0x20 build/default/production/_ext/1171490990/initialization.o
 .debug_aranges
                0x00000860       0x20 build/default/production/_ext/1530445869/tasks.o
 .debug_aranges
                0x00000880       0x60 build/default/production/_ext/1530445869/app.o
 .debug_aranges
                0x000008e0       0x20 build/default/production/_ext/1360937237/main.o
 .debug_aranges
                0x00000900      0x108 build/default/production/_ext/1824788055/radio_driver_hal.o
 .debug_aranges
                0x00000a08       0x20 build/default/production/_ext/1824788055/sleep.o
 .debug_aranges
                0x00000a28       0x38 build/default/production/_ext/1824788055/sleep_timer.o
 .debug_aranges
                0x00000a60       0x48 build/default/production/_ext/1824788055/sys.o
 .debug_aranges
                0x00000aa8       0x20 c:/program files/microchip/xc32/v3.01/bin/bin/../../lib/gcc/pic32c/8.3.1/../../../../pic32c/lib/thumb/v6-m/nofp\libpic32c.a(data_init.o)
 .debug_aranges
                0x00000ac8       0x20 c:/program files/microchip/xc32/v3.01/bin/bin/../../lib/gcc/pic32c/8.3.1/thumb/v6-m/nofp\libgcc.a(_udivsi3.o)
 .debug_aranges
                0x00000ae8       0x20 c:/program files/microchip/xc32/v3.01/bin/bin/../../lib/gcc/pic32c/8.3.1/thumb/v6-m/nofp\libgcc.a(_divsi3.o)
 .debug_aranges
                0x00000b08       0x20 c:/program files/microchip/xc32/v3.01/bin/bin/../../lib/gcc/pic32c/8.3.1/thumb/v6-m/nofp\libgcc.a(_dvmd_tls.o)
 .debug_aranges
                0x00000b28       0x20 c:/program files/microchip/xc32/v3.01/bin/bin/../../lib/gcc/pic32c/8.3.1/thumb/v6-m/nofp\libgcc.a(_aeabi_uldivmod.o)
 .debug_aranges
                0x00000b48       0x20 c:/program files/microchip/xc32/v3.01/bin/bin/../../lib/gcc/pic32c/8.3.1/thumb/v6-m/nofp\libgcc.a(_fixunssfsi.o)
 .debug_aranges
                0x00000b68       0x20 c:/program files/microchip/xc32/v3.01/bin/bin/../../lib/gcc/pic32c/8.3.1/thumb/v6-m/nofp\libgcc.a(_fixunssfdi.o)
 .debug_aranges
                0x00000b88       0x20 c:/program files/microchip/xc32/v3.01/bin/bin/../../lib/gcc/pic32c/8.3.1/thumb/v6-m/nofp\libgcc.a(_udivmoddi4.o)
 .debug_aranges
                0x00000ba8       0x20 c:/program files/microchip/xc32/v3.01/bin/bin/../../lib/gcc/pic32c/8.3.1/thumb/v6-m/nofp\libgcc.a(mulsf3.o)
 .debug_aranges
                0x00000bc8       0x20 c:/program files/microchip/xc32/v3.01/bin/bin/../../lib/gcc/pic32c/8.3.1/thumb/v6-m/nofp\libgcc.a(subsf3.o)
 .debug_aranges
                0x00000be8       0x20 c:/program files/microchip/xc32/v3.01/bin/bin/../../lib/gcc/pic32c/8.3.1/thumb/v6-m/nofp\libgcc.a(fixsfsi.o)
 .debug_aranges
                0x00000c08       0x20 c:/program files/microchip/xc32/v3.01/bin/bin/../../lib/gcc/pic32c/8.3.1/thumb/v6-m/nofp\libgcc.a(floatsisf.o)
 .debug_aranges
                0x00000c28       0x20 c:/program files/microchip/xc32/v3.01/bin/bin/../../lib/gcc/pic32c/8.3.1/thumb/v6-m/nofp\libgcc.a(floatunsisf.o)
 .debug_aranges
                0x00000c48       0x20 c:/program files/microchip/xc32/v3.01/bin/bin/../../lib/gcc/pic32c/8.3.1/thumb/v6-m/nofp\libgcc.a(muldf3.o)
 .debug_aranges
                0x00000c68       0x20 c:/program files/microchip/xc32/v3.01/bin/bin/../../lib/gcc/pic32c/8.3.1/thumb/v6-m/nofp\libgcc.a(subdf3.o)
 .debug_aranges
                0x00000c88       0x20 c:/program files/microchip/xc32/v3.01/bin/bin/../../lib/gcc/pic32c/8.3.1/thumb/v6-m/nofp\libgcc.a(floatunsidf.o)
 .debug_aranges
                0x00000ca8       0x20 c:/program files/microchip/xc32/v3.01/bin/bin/../../lib/gcc/pic32c/8.3.1/thumb/v6-m/nofp\libgcc.a(extendsfdf2.o)
 .debug_aranges
                0x00000cc8       0x20 c:/program files/microchip/xc32/v3.01/bin/bin/../../lib/gcc/pic32c/8.3.1/thumb/v6-m/nofp\libgcc.a(_arm_cmpsf2.o)
 .debug_aranges
                0x00000ce8       0x20 c:/program files/microchip/xc32/v3.01/bin/bin/../../lib/gcc/pic32c/8.3.1/thumb/v6-m/nofp\libgcc.a(_clzsi2.o)
 .debug_aranges
                0x00000d08       0x20 c:/program files/microchip/xc32/v3.01/bin/bin/../../lib/gcc/pic32c/8.3.1/thumb/v6-m/nofp\libgcc.a(_clzdi2.o)
 .debug_aranges
                0x00000d28       0x20 c:/program files/microchip/xc32/v3.01/bin/bin/../../lib/gcc/pic32c/8.3.1/thumb/v6-m/nofp\libgcc.a(_fixunsdfsi.o)
 .debug_aranges
                0x00000d48       0x20 c:/program files/microchip/xc32/v3.01/bin/bin/../../lib/gcc/pic32c/8.3.1/thumb/v6-m/nofp\libgcc.a(eqsf2.o)
 .debug_aranges
                0x00000d68       0x20 c:/program files/microchip/xc32/v3.01/bin/bin/../../lib/gcc/pic32c/8.3.1/thumb/v6-m/nofp\libgcc.a(gesf2.o)
 .debug_aranges
                0x00000d88       0x20 c:/program files/microchip/xc32/v3.01/bin/bin/../../lib/gcc/pic32c/8.3.1/thumb/v6-m/nofp\libgcc.a(lesf2.o)
 .debug_aranges
                0x00000da8       0x20 c:/program files/microchip/xc32/v3.01/bin/bin/../../lib/gcc/pic32c/8.3.1/thumb/v6-m/nofp\libgcc.a(fixdfsi.o)
 .debug_aranges
                0x00000dc8       0x20 c:/program files/microchip/xc32/v3.01/bin/bin/../../lib/gcc/pic32c/8.3.1/thumb/v6-m/nofp\libgcc.a(_arm_cmpdf2.o)
 .debug_aranges
                0x00000de8       0x20 c:/program files/microchip/xc32/v3.01/bin/bin/../../lib/gcc/pic32c/8.3.1/thumb/v6-m/nofp\libgcc.a(eqdf2.o)
 .debug_aranges
                0x00000e08       0x20 c:/program files/microchip/xc32/v3.01/bin/bin/../../lib/gcc/pic32c/8.3.1/thumb/v6-m/nofp\libgcc.a(gedf2.o)
 .debug_aranges
                0x00000e28       0x20 c:/program files/microchip/xc32/v3.01/bin/bin/../../lib/gcc/pic32c/8.3.1/thumb/v6-m/nofp\libgcc.a(ledf2.o)

.debug_ranges   0x00000000     0x1470
 .debug_ranges  0x00000000       0x48 build/default/production/_ext/1824796116/pmm.o
 .debug_ranges  0x00000048       0xd8 build/default/production/_ext/282161921/sw_timer.o
 .debug_ranges  0x00000120       0x40 build/default/production/_ext/1824799377/system_task_manager.o
 .debug_ranges  0x00000160       0x30 build/default/production/_ext/22805713/radio_driver_sx1276.o
 .debug_ranges  0x00000190      0x158 build/default/production/_ext/1824799587/radio_get_set.o
 .debug_ranges  0x000002e8       0x48 build/default/production/_ext/1824799587/radio_interface.o
 .debug_ranges  0x00000330       0x20 build/default/production/_ext/1824799587/radio_lbt.o
 .debug_ranges  0x00000350       0x38 build/default/production/_ext/1824799587/radio_task_manager.o
 .debug_ranges  0x00000388      0x110 build/default/production/_ext/1824799587/radio_transaction.o
 .debug_ranges  0x00000498       0x20 build/default/production/_ext/1530445869/radioconfig.o
 .debug_ranges  0x000004b8       0x10 build/default/production/_ext/1984496892/plib_clock.o
 .debug_ranges  0x000004c8       0x30 build/default/production/_ext/60167341/plib_eic.o
 .debug_ranges  0x000004f8       0x10 build/default/production/_ext/1986646378/plib_evsys.o
 .debug_ranges  0x00000508       0x28 build/default/production/_ext/1865468468/plib_nvic.o
 .debug_ranges  0x00000530       0x68 build/default/production/_ext/1593096446/plib_nvmctrl.o
 .debug_ranges  0x00000598       0x48 build/default/production/_ext/829342769/plib_pm.o
 .debug_ranges  0x000005e0       0x60 build/default/production/_ext/1865521619/plib_port.o
 .debug_ranges  0x00000640       0x28 build/default/production/_ext/1865585090/plib_rstc.o
 .debug_ranges  0x00000668       0x68 build/default/production/_ext/60180175/plib_rtc_timer.o
 .debug_ranges  0x000006d0       0x38 build/default/production/_ext/17022449/plib_sercom4_spi_master.o
 .debug_ranges  0x00000708       0x28 build/default/production/_ext/1865616679/plib_supc.o
 .debug_ranges  0x00000730       0x60 build/default/production/_ext/1827571544/plib_systick.o
 .debug_ranges  0x00000790       0x68 build/default/production/_ext/829342655/plib_tc0.o
 .debug_ranges  0x000007f8       0x48 build/default/production/_ext/1881668453/sys_int.o
 .debug_ranges  0x00000840       0x18 build/default/production/_ext/1171490990/exceptions.o
 .debug_ranges  0x00000858       0x10 build/default/production/_ext/1171490990/interrupts.o
 .debug_ranges  0x00000868       0x18 build/default/production/_ext/1171490990/startup_xc32.o
 .debug_ranges  0x00000880       0x10 build/default/production/_ext/1171490990/initialization.o
 .debug_ranges  0x00000890       0x10 build/default/production/_ext/1530445869/tasks.o
 .debug_ranges  0x000008a0       0x50 build/default/production/_ext/1530445869/app.o
 .debug_ranges  0x000008f0       0x10 build/default/production/_ext/1360937237/main.o
 .debug_ranges  0x00000900      0x1b8 build/default/production/_ext/1824788055/radio_driver_hal.o
 .debug_ranges  0x00000ab8       0x10 build/default/production/_ext/1824788055/sleep.o
 .debug_ranges  0x00000ac8       0x28 build/default/production/_ext/1824788055/sleep_timer.o
 .debug_ranges  0x00000af0       0x68 build/default/production/_ext/1824788055/sys.o
 .debug_ranges  0x00000b58       0x10 c:/program files/microchip/xc32/v3.01/bin/bin/../../lib/gcc/pic32c/8.3.1/../../../../pic32c/lib/thumb/v6-m/nofp\libpic32c.a(data_init.o)
 .debug_ranges  0x00000b68       0x58 c:/program files/microchip/xc32/v3.01/bin/bin/../../lib/gcc/pic32c/8.3.1/thumb/v6-m/nofp\libgcc.a(mulsf3.o)
 .debug_ranges  0x00000bc0      0x198 c:/program files/microchip/xc32/v3.01/bin/bin/../../lib/gcc/pic32c/8.3.1/thumb/v6-m/nofp\libgcc.a(subsf3.o)
 .debug_ranges  0x00000d58       0x38 c:/program files/microchip/xc32/v3.01/bin/bin/../../lib/gcc/pic32c/8.3.1/thumb/v6-m/nofp\libgcc.a(floatsisf.o)
 .debug_ranges  0x00000d90       0x38 c:/program files/microchip/xc32/v3.01/bin/bin/../../lib/gcc/pic32c/8.3.1/thumb/v6-m/nofp\libgcc.a(floatunsisf.o)
 .debug_ranges  0x00000dc8      0x1d0 c:/program files/microchip/xc32/v3.01/bin/bin/../../lib/gcc/pic32c/8.3.1/thumb/v6-m/nofp\libgcc.a(muldf3.o)
 .debug_ranges  0x00000f98      0x238 c:/program files/microchip/xc32/v3.01/bin/bin/../../lib/gcc/pic32c/8.3.1/thumb/v6-m/nofp\libgcc.a(subdf3.o)
 .debug_ranges  0x000011d0       0x50 c:/program files/microchip/xc32/v3.01/bin/bin/../../lib/gcc/pic32c/8.3.1/thumb/v6-m/nofp\libgcc.a(floatunsidf.o)
 .debug_ranges  0x00001220       0x38 c:/program files/microchip/xc32/v3.01/bin/bin/../../lib/gcc/pic32c/8.3.1/thumb/v6-m/nofp\libgcc.a(extendsfdf2.o)
 .debug_ranges  0x00001258       0x30 c:/program files/microchip/xc32/v3.01/bin/bin/../../lib/gcc/pic32c/8.3.1/thumb/v6-m/nofp\libgcc.a(eqsf2.o)
 .debug_ranges  0x00001288       0x58 c:/program files/microchip/xc32/v3.01/bin/bin/../../lib/gcc/pic32c/8.3.1/thumb/v6-m/nofp\libgcc.a(gesf2.o)
 .debug_ranges  0x000012e0       0x58 c:/program files/microchip/xc32/v3.01/bin/bin/../../lib/gcc/pic32c/8.3.1/thumb/v6-m/nofp\libgcc.a(lesf2.o)
 .debug_ranges  0x00001338       0x18 c:/program files/microchip/xc32/v3.01/bin/bin/../../lib/gcc/pic32c/8.3.1/thumb/v6-m/nofp\libgcc.a(fixdfsi.o)
 .debug_ranges  0x00001350       0x48 c:/program files/microchip/xc32/v3.01/bin/bin/../../lib/gcc/pic32c/8.3.1/thumb/v6-m/nofp\libgcc.a(eqdf2.o)
 .debug_ranges  0x00001398       0x70 c:/program files/microchip/xc32/v3.01/bin/bin/../../lib/gcc/pic32c/8.3.1/thumb/v6-m/nofp\libgcc.a(gedf2.o)
 .debug_ranges  0x00001408       0x68 c:/program files/microchip/xc32/v3.01/bin/bin/../../lib/gcc/pic32c/8.3.1/thumb/v6-m/nofp\libgcc.a(ledf2.o)

.debug_line     0x00000000     0xd250
 .debug_line    0x00000000      0x4c5 build/default/production/_ext/1824796116/pmm.o
 .debug_line    0x000004c5      0xa99 build/default/production/_ext/282161921/sw_timer.o
 .debug_line    0x00000f5e      0x1ec build/default/production/_ext/1824799377/system_task_manager.o
 .debug_line    0x0000114a      0x4d8 build/default/production/_ext/22805713/radio_driver_sx1276.o
 .debug_line    0x00001622      0xceb build/default/production/_ext/1824799587/radio_get_set.o
 .debug_line    0x0000230d      0x4c2 build/default/production/_ext/1824799587/radio_interface.o
 .debug_line    0x000027cf      0x465 build/default/production/_ext/1824799587/radio_lbt.o
 .debug_line    0x00002c34      0x220 build/default/production/_ext/1824799587/radio_task_manager.o
 .debug_line    0x00002e54     0x1353 build/default/production/_ext/1824799587/radio_transaction.o
 .debug_line    0x000041a7      0x302 build/default/production/_ext/1530445869/radioconfig.o
 .debug_line    0x000044a9      0x382 build/default/production/_ext/1984496892/plib_clock.o
 .debug_line    0x0000482b      0x301 build/default/production/_ext/60167341/plib_eic.o
 .debug_line    0x00004b2c       0x66 build/default/production/_ext/1986646378/plib_evsys.o
 .debug_line    0x00004b92      0x32c build/default/production/_ext/1865468468/plib_nvic.o
 .debug_line    0x00004ebe      0x3b2 build/default/production/_ext/1593096446/plib_nvmctrl.o
 .debug_line    0x00005270      0x2db build/default/production/_ext/829342769/plib_pm.o
 .debug_line    0x0000554b      0x384 build/default/production/_ext/1865521619/plib_port.o
 .debug_line    0x000058cf      0x190 build/default/production/_ext/1865585090/plib_rstc.o
 .debug_line    0x00005a5f      0x3eb build/default/production/_ext/60180175/plib_rtc_timer.o
 .debug_line    0x00005e4a      0x55b build/default/production/_ext/17022449/plib_sercom4_spi_master.o
 .debug_line    0x000063a5      0x233 build/default/production/_ext/1865616679/plib_supc.o
 .debug_line    0x000065d8      0x360 build/default/production/_ext/1827571544/plib_systick.o
 .debug_line    0x00006938      0x3d4 build/default/production/_ext/829342655/plib_tc0.o
 .debug_line    0x00006d0c      0x30f build/default/production/_ext/1881668453/sys_int.o
 .debug_line    0x0000701b      0x2a9 build/default/production/_ext/1171490990/exceptions.o
 .debug_line    0x000072c4      0x2a8 build/default/production/_ext/1171490990/interrupts.o
 .debug_line    0x0000756c      0x1a1 build/default/production/_ext/1171490990/startup_xc32.o
 .debug_line    0x0000770d      0x67e build/default/production/_ext/1171490990/initialization.o
 .debug_line    0x00007d8b      0x2db build/default/production/_ext/1530445869/tasks.o
 .debug_line    0x00008066      0x6dc build/default/production/_ext/1530445869/app.o
 .debug_line    0x00008742      0x2a8 build/default/production/_ext/1360937237/main.o
 .debug_line    0x000089ea      0x9f5 build/default/production/_ext/1824788055/radio_driver_hal.o
 .debug_line    0x000093df      0x2ea build/default/production/_ext/1824788055/sleep.o
 .debug_line    0x000096c9      0x32a build/default/production/_ext/1824788055/sleep_timer.o
 .debug_line    0x000099f3      0x469 build/default/production/_ext/1824788055/sys.o
 .debug_line    0x00009e5c      0x132 c:/program files/microchip/xc32/v3.01/bin/bin/../../lib/gcc/pic32c/8.3.1/../../../../pic32c/lib/thumb/v6-m/nofp\libpic32c.a(data_init.o)
 .debug_line    0x00009f8e       0xa8 c:/program files/microchip/xc32/v3.01/bin/bin/../../lib/gcc/pic32c/8.3.1/thumb/v6-m/nofp\libgcc.a(_udivsi3.o)
 .debug_line    0x0000a036       0xaf c:/program files/microchip/xc32/v3.01/bin/bin/../../lib/gcc/pic32c/8.3.1/thumb/v6-m/nofp\libgcc.a(_divsi3.o)
 .debug_line    0x0000a0e5       0x9c c:/program files/microchip/xc32/v3.01/bin/bin/../../lib/gcc/pic32c/8.3.1/thumb/v6-m/nofp\libgcc.a(_dvmd_tls.o)
 .debug_line    0x0000a181       0xa7 c:/program files/microchip/xc32/v3.01/bin/bin/../../lib/gcc/pic32c/8.3.1/thumb/v6-m/nofp\libgcc.a(_aeabi_uldivmod.o)
 .debug_line    0x0000a228      0x2cb c:/program files/microchip/xc32/v3.01/bin/bin/../../lib/gcc/pic32c/8.3.1/thumb/v6-m/nofp\libgcc.a(_fixunssfsi.o)
 .debug_line    0x0000a4f3      0x2d0 c:/program files/microchip/xc32/v3.01/bin/bin/../../lib/gcc/pic32c/8.3.1/thumb/v6-m/nofp\libgcc.a(_fixunssfdi.o)
 .debug_line    0x0000a7c3      0x3d7 c:/program files/microchip/xc32/v3.01/bin/bin/../../lib/gcc/pic32c/8.3.1/thumb/v6-m/nofp\libgcc.a(_udivmoddi4.o)
 .debug_line    0x0000ab9a      0x279 c:/program files/microchip/xc32/v3.01/bin/bin/../../lib/gcc/pic32c/8.3.1/thumb/v6-m/nofp\libgcc.a(mulsf3.o)
 .debug_line    0x0000ae13      0x314 c:/program files/microchip/xc32/v3.01/bin/bin/../../lib/gcc/pic32c/8.3.1/thumb/v6-m/nofp\libgcc.a(subsf3.o)
 .debug_line    0x0000b127      0x154 c:/program files/microchip/xc32/v3.01/bin/bin/../../lib/gcc/pic32c/8.3.1/thumb/v6-m/nofp\libgcc.a(fixsfsi.o)
 .debug_line    0x0000b27b      0x18e c:/program files/microchip/xc32/v3.01/bin/bin/../../lib/gcc/pic32c/8.3.1/thumb/v6-m/nofp\libgcc.a(floatsisf.o)
 .debug_line    0x0000b409      0x18e c:/program files/microchip/xc32/v3.01/bin/bin/../../lib/gcc/pic32c/8.3.1/thumb/v6-m/nofp\libgcc.a(floatunsisf.o)
 .debug_line    0x0000b597      0x3b3 c:/program files/microchip/xc32/v3.01/bin/bin/../../lib/gcc/pic32c/8.3.1/thumb/v6-m/nofp\libgcc.a(muldf3.o)
 .debug_line    0x0000b94a      0x50d c:/program files/microchip/xc32/v3.01/bin/bin/../../lib/gcc/pic32c/8.3.1/thumb/v6-m/nofp\libgcc.a(subdf3.o)
 .debug_line    0x0000be57      0x17b c:/program files/microchip/xc32/v3.01/bin/bin/../../lib/gcc/pic32c/8.3.1/thumb/v6-m/nofp\libgcc.a(floatunsidf.o)
 .debug_line    0x0000bfd2      0x1b2 c:/program files/microchip/xc32/v3.01/bin/bin/../../lib/gcc/pic32c/8.3.1/thumb/v6-m/nofp\libgcc.a(extendsfdf2.o)
 .debug_line    0x0000c184       0xb1 c:/program files/microchip/xc32/v3.01/bin/bin/../../lib/gcc/pic32c/8.3.1/thumb/v6-m/nofp\libgcc.a(_arm_cmpsf2.o)
 .debug_line    0x0000c235       0xb0 c:/program files/microchip/xc32/v3.01/bin/bin/../../lib/gcc/pic32c/8.3.1/thumb/v6-m/nofp\libgcc.a(_clzsi2.o)
 .debug_line    0x0000c2e5       0xa6 c:/program files/microchip/xc32/v3.01/bin/bin/../../lib/gcc/pic32c/8.3.1/thumb/v6-m/nofp\libgcc.a(_clzdi2.o)
 .debug_line    0x0000c38b      0x2c7 c:/program files/microchip/xc32/v3.01/bin/bin/../../lib/gcc/pic32c/8.3.1/thumb/v6-m/nofp\libgcc.a(_fixunsdfsi.o)
 .debug_line    0x0000c652      0x179 c:/program files/microchip/xc32/v3.01/bin/bin/../../lib/gcc/pic32c/8.3.1/thumb/v6-m/nofp\libgcc.a(eqsf2.o)
 .debug_line    0x0000c7cb      0x1a8 c:/program files/microchip/xc32/v3.01/bin/bin/../../lib/gcc/pic32c/8.3.1/thumb/v6-m/nofp\libgcc.a(gesf2.o)
 .debug_line    0x0000c973      0x1a4 c:/program files/microchip/xc32/v3.01/bin/bin/../../lib/gcc/pic32c/8.3.1/thumb/v6-m/nofp\libgcc.a(lesf2.o)
 .debug_line    0x0000cb17      0x16e c:/program files/microchip/xc32/v3.01/bin/bin/../../lib/gcc/pic32c/8.3.1/thumb/v6-m/nofp\libgcc.a(fixdfsi.o)
 .debug_line    0x0000cc85       0xb4 c:/program files/microchip/xc32/v3.01/bin/bin/../../lib/gcc/pic32c/8.3.1/thumb/v6-m/nofp\libgcc.a(_arm_cmpdf2.o)
 .debug_line    0x0000cd39      0x187 c:/program files/microchip/xc32/v3.01/bin/bin/../../lib/gcc/pic32c/8.3.1/thumb/v6-m/nofp\libgcc.a(eqdf2.o)
 .debug_line    0x0000cec0      0x1ca c:/program files/microchip/xc32/v3.01/bin/bin/../../lib/gcc/pic32c/8.3.1/thumb/v6-m/nofp\libgcc.a(gedf2.o)
 .debug_line    0x0000d08a      0x1c6 c:/program files/microchip/xc32/v3.01/bin/bin/../../lib/gcc/pic32c/8.3.1/thumb/v6-m/nofp\libgcc.a(ledf2.o)

.debug_str      0x00000000     0x2077
 .debug_str     0x00000000       0xe4 build/default/production/_ext/1824796116/pmm.o
 .debug_str     0x000000e4      0x1e6 build/default/production/_ext/282161921/sw_timer.o
 .debug_str     0x000002ca       0x3c build/default/production/_ext/1824799377/system_task_manager.o
 .debug_str     0x00000306      0x10b build/default/production/_ext/22805713/radio_driver_sx1276.o
 .debug_str     0x00000411      0x11f build/default/production/_ext/1824799587/radio_get_set.o
 .debug_str     0x00000530      0x137 build/default/production/_ext/1824799587/radio_interface.o
 .debug_str     0x00000667      0x13f build/default/production/_ext/1824799587/radio_lbt.o
 .debug_str     0x000007a6       0x4c build/default/production/_ext/1824799587/radio_task_manager.o
 .debug_str     0x000007f2      0x286 build/default/production/_ext/1824799587/radio_transaction.o
 .debug_str     0x00000a78       0x6a build/default/production/_ext/1530445869/radioconfig.o
 .debug_str     0x00000ae2       0x1e build/default/production/_ext/1984496892/plib_clock.o
 .debug_str     0x00000b00        0x9 build/default/production/_ext/60167341/plib_eic.o
 .debug_str     0x00000b09        0x0 build/default/production/_ext/1986646378/plib_evsys.o
 .debug_str     0x00000b09        0xa build/default/production/_ext/1865468468/plib_nvic.o
 .debug_str     0x00000b13       0x1f build/default/production/_ext/1593096446/plib_nvmctrl.o
 .debug_str     0x00000b32        0x0 build/default/production/_ext/829342769/plib_pm.o
 .debug_str     0x00000b32        0xb build/default/production/_ext/1865521619/plib_port.o
 .debug_str     0x00000b3d        0x0 build/default/production/_ext/1865585090/plib_rstc.o
 .debug_str     0x00000b3d       0xc9 build/default/production/_ext/60180175/plib_rtc_timer.o
 .debug_str     0x00000c06      0x110 build/default/production/_ext/17022449/plib_sercom4_spi_master.o
 .debug_str     0x00000d16        0x0 build/default/production/_ext/1865616679/plib_supc.o
 .debug_str     0x00000d16       0x3c build/default/production/_ext/1827571544/plib_systick.o
 .debug_str     0x00000d52       0xcf build/default/production/_ext/829342655/plib_tc0.o
 .debug_str     0x00000e21       0x32 build/default/production/_ext/1881668453/sys_int.o
 .debug_str     0x00000e53       0x51 build/default/production/_ext/1171490990/exceptions.o
 .debug_str     0x00000ea4       0x51 build/default/production/_ext/1171490990/interrupts.o
 .debug_str     0x00000ef5       0x2f build/default/production/_ext/1171490990/startup_xc32.o
 .debug_str     0x00000f24      0x189 build/default/production/_ext/1171490990/initialization.o
 .debug_str     0x000010ad       0x6b build/default/production/_ext/1530445869/tasks.o
 .debug_str     0x00001118      0x184 build/default/production/_ext/1530445869/app.o
 .debug_str     0x0000129c       0x6a build/default/production/_ext/1360937237/main.o
 .debug_str     0x00001306      0x1d7 build/default/production/_ext/1824788055/radio_driver_hal.o
 .debug_str     0x000014dd       0x78 build/default/production/_ext/1824788055/sleep.o
 .debug_str     0x00001555       0xf7 build/default/production/_ext/1824788055/sleep_timer.o
 .debug_str     0x0000164c       0xd3 build/default/production/_ext/1824788055/sys.o
 .debug_str     0x0000171f        0x0 c:/program files/microchip/xc32/v3.01/bin/bin/../../lib/gcc/pic32c/8.3.1/../../../../pic32c/lib/thumb/v6-m/nofp\libpic32c.a(data_init.o)
 .debug_str     0x0000171f       0xee c:/program files/microchip/xc32/v3.01/bin/bin/../../lib/gcc/pic32c/8.3.1/thumb/v6-m/nofp\libgcc.a(_udivsi3.o)
 .debug_str     0x0000180d       0xee c:/program files/microchip/xc32/v3.01/bin/bin/../../lib/gcc/pic32c/8.3.1/thumb/v6-m/nofp\libgcc.a(_divsi3.o)
 .debug_str     0x000018fb       0xee c:/program files/microchip/xc32/v3.01/bin/bin/../../lib/gcc/pic32c/8.3.1/thumb/v6-m/nofp\libgcc.a(_dvmd_tls.o)
 .debug_str     0x000019e9       0xee c:/program files/microchip/xc32/v3.01/bin/bin/../../lib/gcc/pic32c/8.3.1/thumb/v6-m/nofp\libgcc.a(_aeabi_uldivmod.o)
 .debug_str     0x00001ad7        0x0 c:/program files/microchip/xc32/v3.01/bin/bin/../../lib/gcc/pic32c/8.3.1/thumb/v6-m/nofp\libgcc.a(_fixunssfsi.o)
 .debug_str     0x00001ad7        0x0 c:/program files/microchip/xc32/v3.01/bin/bin/../../lib/gcc/pic32c/8.3.1/thumb/v6-m/nofp\libgcc.a(_fixunssfdi.o)
 .debug_str     0x00001ad7        0x0 c:/program files/microchip/xc32/v3.01/bin/bin/../../lib/gcc/pic32c/8.3.1/thumb/v6-m/nofp\libgcc.a(_udivmoddi4.o)
 .debug_str     0x00001ad7       0x30 c:/program files/microchip/xc32/v3.01/bin/bin/../../lib/gcc/pic32c/8.3.1/thumb/v6-m/nofp\libgcc.a(mulsf3.o)
 .debug_str     0x00001b07       0x2c c:/program files/microchip/xc32/v3.01/bin/bin/../../lib/gcc/pic32c/8.3.1/thumb/v6-m/nofp\libgcc.a(subsf3.o)
 .debug_str     0x00001b33       0x13 c:/program files/microchip/xc32/v3.01/bin/bin/../../lib/gcc/pic32c/8.3.1/thumb/v6-m/nofp\libgcc.a(fixsfsi.o)
 .debug_str     0x00001b46        0x0 c:/program files/microchip/xc32/v3.01/bin/bin/../../lib/gcc/pic32c/8.3.1/thumb/v6-m/nofp\libgcc.a(floatsisf.o)
 .debug_str     0x00001b46        0x0 c:/program files/microchip/xc32/v3.01/bin/bin/../../lib/gcc/pic32c/8.3.1/thumb/v6-m/nofp\libgcc.a(floatunsisf.o)
 .debug_str     0x00001b46       0x56 c:/program files/microchip/xc32/v3.01/bin/bin/../../lib/gcc/pic32c/8.3.1/thumb/v6-m/nofp\libgcc.a(muldf3.o)
 .debug_str     0x00001b9c       0x2c c:/program files/microchip/xc32/v3.01/bin/bin/../../lib/gcc/pic32c/8.3.1/thumb/v6-m/nofp\libgcc.a(subdf3.o)
 .debug_str     0x00001bc8        0x0 c:/program files/microchip/xc32/v3.01/bin/bin/../../lib/gcc/pic32c/8.3.1/thumb/v6-m/nofp\libgcc.a(floatunsidf.o)
 .debug_str     0x00001bc8        0x0 c:/program files/microchip/xc32/v3.01/bin/bin/../../lib/gcc/pic32c/8.3.1/thumb/v6-m/nofp\libgcc.a(extendsfdf2.o)
 .debug_str     0x00001bc8       0xee c:/program files/microchip/xc32/v3.01/bin/bin/../../lib/gcc/pic32c/8.3.1/thumb/v6-m/nofp\libgcc.a(_arm_cmpsf2.o)
 .debug_str     0x00001cb6       0xee c:/program files/microchip/xc32/v3.01/bin/bin/../../lib/gcc/pic32c/8.3.1/thumb/v6-m/nofp\libgcc.a(_clzsi2.o)
 .debug_str     0x00001da4       0xee c:/program files/microchip/xc32/v3.01/bin/bin/../../lib/gcc/pic32c/8.3.1/thumb/v6-m/nofp\libgcc.a(_clzdi2.o)
 .debug_str     0x00001e92        0x0 c:/program files/microchip/xc32/v3.01/bin/bin/../../lib/gcc/pic32c/8.3.1/thumb/v6-m/nofp\libgcc.a(_fixunsdfsi.o)
 .debug_str     0x00001e92       0x26 c:/program files/microchip/xc32/v3.01/bin/bin/../../lib/gcc/pic32c/8.3.1/thumb/v6-m/nofp\libgcc.a(eqsf2.o)
 .debug_str     0x00001eb8       0x26 c:/program files/microchip/xc32/v3.01/bin/bin/../../lib/gcc/pic32c/8.3.1/thumb/v6-m/nofp\libgcc.a(gesf2.o)
 .debug_str     0x00001ede       0x26 c:/program files/microchip/xc32/v3.01/bin/bin/../../lib/gcc/pic32c/8.3.1/thumb/v6-m/nofp\libgcc.a(lesf2.o)
 .debug_str     0x00001f04       0x13 c:/program files/microchip/xc32/v3.01/bin/bin/../../lib/gcc/pic32c/8.3.1/thumb/v6-m/nofp\libgcc.a(fixdfsi.o)
 .debug_str     0x00001f17       0xee c:/program files/microchip/xc32/v3.01/bin/bin/../../lib/gcc/pic32c/8.3.1/thumb/v6-m/nofp\libgcc.a(_arm_cmpdf2.o)
 .debug_str     0x00002005       0x26 c:/program files/microchip/xc32/v3.01/bin/bin/../../lib/gcc/pic32c/8.3.1/thumb/v6-m/nofp\libgcc.a(eqdf2.o)
 .debug_str     0x0000202b       0x26 c:/program files/microchip/xc32/v3.01/bin/bin/../../lib/gcc/pic32c/8.3.1/thumb/v6-m/nofp\libgcc.a(gedf2.o)
 .debug_str     0x00002051       0x26 c:/program files/microchip/xc32/v3.01/bin/bin/../../lib/gcc/pic32c/8.3.1/thumb/v6-m/nofp\libgcc.a(ledf2.o)

.debug_frame    0x00000000     0x1a98
 .debug_frame   0x00000000       0x48 build/default/production/_ext/1824796116/pmm.o
 .debug_frame   0x00000048      0x1fc build/default/production/_ext/282161921/sw_timer.o
 .debug_frame   0x00000244       0x58 build/default/production/_ext/1824799377/system_task_manager.o
 .debug_frame   0x0000029c       0x9c build/default/production/_ext/22805713/radio_driver_sx1276.o
 .debug_frame   0x00000338       0xa0 build/default/production/_ext/1824799587/radio_get_set.o
 .debug_frame   0x000003d8       0xf0 build/default/production/_ext/1824799587/radio_interface.o
 .debug_frame   0x000004c8       0x60 build/default/production/_ext/1824799587/radio_lbt.o
 .debug_frame   0x00000528       0x5c build/default/production/_ext/1824799587/radio_task_manager.o
 .debug_frame   0x00000584      0x2e8 build/default/production/_ext/1824799587/radio_transaction.o
 .debug_frame   0x0000086c       0x58 build/default/production/_ext/1530445869/radioconfig.o
 .debug_frame   0x000008c4       0x20 build/default/production/_ext/1984496892/plib_clock.o
 .debug_frame   0x000008e4       0x88 build/default/production/_ext/60167341/plib_eic.o
 .debug_frame   0x0000096c       0x20 build/default/production/_ext/1986646378/plib_evsys.o
 .debug_frame   0x0000098c       0x50 build/default/production/_ext/1865468468/plib_nvic.o
 .debug_frame   0x000009dc       0xe4 build/default/production/_ext/1593096446/plib_nvmctrl.o
 .debug_frame   0x00000ac0       0x90 build/default/production/_ext/829342769/plib_pm.o
 .debug_frame   0x00000b50       0xd8 build/default/production/_ext/1865521619/plib_port.o
 .debug_frame   0x00000c28       0x50 build/default/production/_ext/1865585090/plib_rstc.o
 .debug_frame   0x00000c78       0xd8 build/default/production/_ext/60180175/plib_rtc_timer.o
 .debug_frame   0x00000d50       0xa8 build/default/production/_ext/17022449/plib_sercom4_spi_master.o
 .debug_frame   0x00000df8       0x58 build/default/production/_ext/1865616679/plib_supc.o
 .debug_frame   0x00000e50       0xd8 build/default/production/_ext/1827571544/plib_systick.o
 .debug_frame   0x00000f28       0xd8 build/default/production/_ext/829342655/plib_tc0.o
 .debug_frame   0x00001000       0x84 build/default/production/_ext/1881668453/sys_int.o
 .debug_frame   0x00001084       0x30 build/default/production/_ext/1171490990/exceptions.o
 .debug_frame   0x000010b4       0x20 build/default/production/_ext/1171490990/interrupts.o
 .debug_frame   0x000010d4       0x38 build/default/production/_ext/1171490990/startup_xc32.o
 .debug_frame   0x0000110c       0x28 build/default/production/_ext/1171490990/initialization.o
 .debug_frame   0x00001134       0x28 build/default/production/_ext/1530445869/tasks.o
 .debug_frame   0x0000115c       0xe0 build/default/production/_ext/1530445869/app.o
 .debug_frame   0x0000123c       0x28 build/default/production/_ext/1360937237/main.o
 .debug_frame   0x00001264      0x29c build/default/production/_ext/1824788055/radio_driver_hal.o
 .debug_frame   0x00001500       0x28 build/default/production/_ext/1824788055/sleep.o
 .debug_frame   0x00001528       0x74 build/default/production/_ext/1824788055/sleep_timer.o
 .debug_frame   0x0000159c       0xb0 build/default/production/_ext/1824788055/sys.o
 .debug_frame   0x0000164c       0x34 c:/program files/microchip/xc32/v3.01/bin/bin/../../lib/gcc/pic32c/8.3.1/../../../../pic32c/lib/thumb/v6-m/nofp\libpic32c.a(data_init.o)
 .debug_frame   0x00001680       0x20 c:/program files/microchip/xc32/v3.01/bin/bin/../../lib/gcc/pic32c/8.3.1/thumb/v6-m/nofp\libgcc.a(_udivsi3.o)
 .debug_frame   0x000016a0       0x20 c:/program files/microchip/xc32/v3.01/bin/bin/../../lib/gcc/pic32c/8.3.1/thumb/v6-m/nofp\libgcc.a(_divsi3.o)
 .debug_frame   0x000016c0       0x28 c:/program files/microchip/xc32/v3.01/bin/bin/../../lib/gcc/pic32c/8.3.1/thumb/v6-m/nofp\libgcc.a(_fixunssfsi.o)
 .debug_frame   0x000016e8       0x2c c:/program files/microchip/xc32/v3.01/bin/bin/../../lib/gcc/pic32c/8.3.1/thumb/v6-m/nofp\libgcc.a(_fixunssfdi.o)
 .debug_frame   0x00001714       0x3c c:/program files/microchip/xc32/v3.01/bin/bin/../../lib/gcc/pic32c/8.3.1/thumb/v6-m/nofp\libgcc.a(_udivmoddi4.o)
 .debug_frame   0x00001750       0x38 c:/program files/microchip/xc32/v3.01/bin/bin/../../lib/gcc/pic32c/8.3.1/thumb/v6-m/nofp\libgcc.a(mulsf3.o)
 .debug_frame   0x00001788       0x3c c:/program files/microchip/xc32/v3.01/bin/bin/../../lib/gcc/pic32c/8.3.1/thumb/v6-m/nofp\libgcc.a(subsf3.o)
 .debug_frame   0x000017c4       0x20 c:/program files/microchip/xc32/v3.01/bin/bin/../../lib/gcc/pic32c/8.3.1/thumb/v6-m/nofp\libgcc.a(fixsfsi.o)
 .debug_frame   0x000017e4       0x2c c:/program files/microchip/xc32/v3.01/bin/bin/../../lib/gcc/pic32c/8.3.1/thumb/v6-m/nofp\libgcc.a(floatsisf.o)
 .debug_frame   0x00001810       0x2c c:/program files/microchip/xc32/v3.01/bin/bin/../../lib/gcc/pic32c/8.3.1/thumb/v6-m/nofp\libgcc.a(floatunsisf.o)
 .debug_frame   0x0000183c       0x3c c:/program files/microchip/xc32/v3.01/bin/bin/../../lib/gcc/pic32c/8.3.1/thumb/v6-m/nofp\libgcc.a(muldf3.o)
 .debug_frame   0x00001878       0x3c c:/program files/microchip/xc32/v3.01/bin/bin/../../lib/gcc/pic32c/8.3.1/thumb/v6-m/nofp\libgcc.a(subdf3.o)
 .debug_frame   0x000018b4       0x2c c:/program files/microchip/xc32/v3.01/bin/bin/../../lib/gcc/pic32c/8.3.1/thumb/v6-m/nofp\libgcc.a(floatunsidf.o)
 .debug_frame   0x000018e0       0x2c c:/program files/microchip/xc32/v3.01/bin/bin/../../lib/gcc/pic32c/8.3.1/thumb/v6-m/nofp\libgcc.a(extendsfdf2.o)
 .debug_frame   0x0000190c       0x2c c:/program files/microchip/xc32/v3.01/bin/bin/../../lib/gcc/pic32c/8.3.1/thumb/v6-m/nofp\libgcc.a(_fixunsdfsi.o)
 .debug_frame   0x00001938       0x2c c:/program files/microchip/xc32/v3.01/bin/bin/../../lib/gcc/pic32c/8.3.1/thumb/v6-m/nofp\libgcc.a(eqsf2.o)
 .debug_frame   0x00001964       0x30 c:/program files/microchip/xc32/v3.01/bin/bin/../../lib/gcc/pic32c/8.3.1/thumb/v6-m/nofp\libgcc.a(gesf2.o)
 .debug_frame   0x00001994       0x30 c:/program files/microchip/xc32/v3.01/bin/bin/../../lib/gcc/pic32c/8.3.1/thumb/v6-m/nofp\libgcc.a(lesf2.o)
 .debug_frame   0x000019c4       0x2c c:/program files/microchip/xc32/v3.01/bin/bin/../../lib/gcc/pic32c/8.3.1/thumb/v6-m/nofp\libgcc.a(fixdfsi.o)
 .debug_frame   0x000019f0       0x38 c:/program files/microchip/xc32/v3.01/bin/bin/../../lib/gcc/pic32c/8.3.1/thumb/v6-m/nofp\libgcc.a(eqdf2.o)
 .debug_frame   0x00001a28       0x38 c:/program files/microchip/xc32/v3.01/bin/bin/../../lib/gcc/pic32c/8.3.1/thumb/v6-m/nofp\libgcc.a(gedf2.o)
 .debug_frame   0x00001a60       0x38 c:/program files/microchip/xc32/v3.01/bin/bin/../../lib/gcc/pic32c/8.3.1/thumb/v6-m/nofp\libgcc.a(ledf2.o)

.stack          0x20000680      0x100
 .stack         0x20000680      0x100 stack

.bss.swTimers%1
                0x20000000      0x190
 .bss.swTimers  0x20000000      0x190 build/default/production/_ext/282161921/sw_timer.o
                0x20000000                swTimers

.bss.radioBuffer%2
                0x20000190      0x10f
 .bss.radioBuffer
                0x20000190      0x10f build/default/production/_ext/1824799587/radio_transaction.o
                0x20000190                radioBuffer

.bss.eicCallbackObject%3
                0x200002a0       0xc0
 .bss.eicCallbackObject
                0x200002a0       0xc0 build/default/production/_ext/60167341/plib_eic.o

.bss.radioConfiguration%4
                0x20000360       0x5c
 .bss.radioConfiguration
                0x20000360       0x5c build/default/production/_ext/22805713/radio_driver_sx1276.o
                0x20000360                radioConfiguration

.bss%5          0x200003bc       0x1c
 .bss           0x200003bc       0x1c c:/program files/microchip/xc32/v3.01/bin/bin/../../lib/gcc/pic32c/8.3.1/thumb/v6-m/nofp/crtbegin.o

.data.macBuffer%6
                0x200003d8       0x10
 .data.macBuffer
                0x200003d8       0x10 build/default/production/_ext/1530445869/app.o
                0x200003d8                macBuffer

.bss.rtcObj%7   0x200003e8        0xc
 .bss.rtcObj    0x200003e8        0xc build/default/production/_ext/60180175/plib_rtc_timer.o

.bss.defaultSleep%8
                0x200003f4        0xc
 .bss.defaultSleep
                0x200003f4        0xc build/default/production/_ext/1530445869/app.o
                0x200003f4                defaultSleep

.bss.sysTimeLastKnown%9
                0x20000400        0x8
 .bss.sysTimeLastKnown
                0x20000400        0x8 build/default/production/_ext/282161921/sw_timer.o

.bss.timeOnAir%10
                0x20000408        0x8
 .bss.timeOnAir
                0x20000408        0x8 build/default/production/_ext/1824799587/radio_transaction.o

.bss.TC0_CallbackObject%11
                0x20000410        0x8
 .bss.TC0_CallbackObject
                0x20000410        0x8 build/default/production/_ext/829342655/plib_tc0.o

.bss.sleepReq%12
                0x20000418        0x4
 .bss.sleepReq  0x20000418        0x4 build/default/production/_ext/1824796116/pmm.o

.bss.compareValue%13
                0x2000041c        0x4
 .bss.compareValue
                0x2000041c        0x4 build/default/production/_ext/282161921/sw_timer.o

.bss.currentCount%14
                0x20000420        0x4
 .bss.currentCount
                0x20000420        0x4 build/default/production/_ext/282161921/sw_timer.o

.bss.lastCount%15
                0x20000424        0x4
 .bss.lastCount
                0x20000424        0x4 build/default/production/_ext/282161921/sw_timer.o

.bss.sysTimeOvf%16
                0x20000428        0x4
 .bss.sysTimeOvf
                0x20000428        0x4 build/default/production/_ext/282161921/sw_timer.o
                0x20000428                sysTimeOvf

.bss.transmitBufferPtr%17
                0x2000042c        0x4
 .bss.transmitBufferPtr
                0x2000042c        0x4 build/default/production/_ext/1824799587/radio_transaction.o

.bss.mlsAppSleepWakeupCallback%18
                0x20000430        0x4
 .bss.mlsAppSleepWakeupCallback
                0x20000430        0x4 build/default/production/_ext/1530445869/app.o
                0x20000430                mlsAppSleepWakeupCallback

.bss.interruptHandlerDio0%19
                0x20000434        0x4
 .bss.interruptHandlerDio0
                0x20000434        0x4 build/default/production/_ext/1824788055/radio_driver_hal.o

.bss.interruptHandlerDio1%20
                0x20000438        0x4
 .bss.interruptHandlerDio1
                0x20000438        0x4 build/default/production/_ext/1824788055/radio_driver_hal.o

.bss.interruptHandlerDio2%21
                0x2000043c        0x4
 .bss.interruptHandlerDio2
                0x2000043c        0x4 build/default/production/_ext/1824788055/radio_driver_hal.o

.data.cycles_per_ms%22
                0x20000440        0x4
 .data.cycles_per_ms
                0x20000440        0x4 build/default/production/_ext/1824788055/sys.o

.data.cycles_per_us%23
                0x20000444        0x4
 .data.cycles_per_us
                0x20000444        0x4 build/default/production/_ext/1824788055/sys.o

.bss%24         0x20000448        0x4
 .bss           0x20000448        0x4 c:/program files/microchip/xc32/v3.01/bin/bin/../../lib/gcc/pic32c/8.3.1/../../../../pic32c/lib/thumb/v6-m/nofp\libpic32c.a(data_init.o)

.bss.appData%25
                0x2000044c        0x3
 .bss.appData   0x2000044c        0x3 build/default/production/_ext/1530445869/app.o
                0x2000044c                appData

.bss.radioEvents%26
                0x20000450        0x2
 .bss.radioEvents
                0x20000450        0x2 build/default/production/_ext/1824799587/radio_transaction.o
                0x20000450                radioEvents

.bss.rxWindowSize%27
                0x20000452        0x2
 .bss.rxWindowSize
                0x20000452        0x2 build/default/production/_ext/1824799587/radio_transaction.o

.bss.radioCallbackMask%28
                0x20000454        0x1
 .bss.radioCallbackMask
                0x20000454        0x1 build/default/production/_ext/1824799587/radio_transaction.o
                0x20000454                radioCallbackMask

.bss.sysTaskFlag%29
                0x20000456        0x2
 .bss.sysTaskFlag
                0x20000456        0x2 build/default/production/_ext/1824799377/system_task_manager.o

.bss.radioTaskFlags%30
                0x20000458        0x2
 .bss.radioTaskFlags
                0x20000458        0x2 build/default/production/_ext/1824799587/radio_task_manager.o

.bss.instRSSI%31
                0x2000045a        0x2
 .bss.instRSSI  0x2000045a        0x2 build/default/production/_ext/1824799587/radio_transaction.o

.bss.pmmState%32
                0x2000029f        0x1
 .bss.pmmState  0x2000029f        0x1 build/default/production/_ext/1824796116/pmm.o

.bss.allocatedTimerId%33
                0x2000044f        0x1
 .bss.allocatedTimerId
                0x2000044f        0x1 build/default/production/_ext/282161921/sw_timer.o

.bss.compareCallbackEnabled%34
                0x20000455        0x1
 .bss.compareCallbackEnabled
                0x20000455        0x1 build/default/production/_ext/282161921/sw_timer.o

.bss.radioState%35
                0x2000045c        0x1
 .bss.radioState
                0x2000045c        0x1 build/default/production/_ext/1824799587/radio_transaction.o
                0x2000045c                radioState

.bss.txBufferLen%36
                0x2000045d        0x1
 .bss.txBufferLen
                0x2000045d        0x1 build/default/production/_ext/1824799587/radio_transaction.o

.bss.radio_transmission_active%37
                0x2000045e        0x1
 .bss.radio_transmission_active
                0x2000045e        0x1 build/default/production/_ext/1530445869/app.o
                0x2000045e                radio_transmission_active

.bss.interrupt_flag%38
                0x2000045f        0x1
 .bss.interrupt_flag
                0x2000045f        0x1 build/default/production/_ext/1824788055/sys.o
                0x2000045f                interrupt_flag

.eh_frame%z1    0x00000000        0x0
 .eh_frame      0x00000000        0x0 c:/program files/microchip/xc32/v3.01/bin/bin/../../lib/gcc/pic32c/8.3.1/thumb/v6-m/nofp/crtbegin.o

.config_00804000%39
                0x00804000        0x4
 .config_00804000
                0x00804000        0x4 build/default/production/_ext/1171490990/initialization.o
                0x00804000                __config_00804000

.config_00804004%40
                0x00804004        0x4
 .config_00804004
                0x00804004        0x4 build/default/production/_ext/1171490990/initialization.o
                0x00804004                __config_00804004

.text%41        0x000000d8      0xc18
 .text          0x000000d8      0x734 c:/program files/microchip/xc32/v3.01/bin/bin/../../lib/gcc/pic32c/8.3.1/thumb/v6-m/nofp\libgcc.a(subdf3.o)
                0x000000d8                __aeabi_dsub
 .text          0x0000080c      0x4e4 c:/program files/microchip/xc32/v3.01/bin/bin/../../lib/gcc/pic32c/8.3.1/thumb/v6-m/nofp\libgcc.a(muldf3.o)
                0x0000080c                __aeabi_dmul

.text.Radio_WriteConfiguration%43
                0x00000cf0      0x428
 .text.Radio_WriteConfiguration
                0x00000cf0      0x428 build/default/production/_ext/1824799587/radio_get_set.o
                0x00000cf0                Radio_WriteConfiguration

.text%44        0x00001118      0x348
 .text          0x00001118      0x348 c:/program files/microchip/xc32/v3.01/bin/bin/../../lib/gcc/pic32c/8.3.1/thumb/v6-m/nofp\libgcc.a(subsf3.o)
                0x00001118                __aeabi_fsub

.text.RADIO_RxDoneHandler%45
                0x00001460      0x2bc
 .text.RADIO_RxDoneHandler
                0x00001460      0x2bc build/default/production/_ext/1824799587/radio_transaction.o
                0x00001460                RADIO_RxDoneHandler

.text.RADIO_SetAttr%46
                0x0000171c      0x234
 .text.RADIO_SetAttr
                0x0000171c      0x234 build/default/production/_ext/1824799587/radio_get_set.o
                0x0000171c                RADIO_SetAttr

.text%47        0x00001950      0x22c
 .text          0x00001950      0x22c c:/program files/microchip/xc32/v3.01/bin/bin/../../lib/gcc/pic32c/8.3.1/thumb/v6-m/nofp\libgcc.a(mulsf3.o)
                0x00001950                __aeabi_fmul

.dinit%48       0x00001b7c      0x1f0
 .dinit         0x00001b7c      0x1f0 data_init

.text%49        0x00001d6c      0x1d4
 .text          0x00001d6c      0x1d4 c:/program files/microchip/xc32/v3.01/bin/bin/../../lib/gcc/pic32c/8.3.1/thumb/v6-m/nofp\libgcc.a(_divsi3.o)
                0x00001d6c                __divsi3
                0x00001d6c                __aeabi_idiv
                0x00001f38                __aeabi_idivmod

.text.SERCOM4_SPI_WriteRead%50
                0x00001f40      0x1c0
 .text.SERCOM4_SPI_WriteRead
                0x00001f40      0x1c0 build/default/production/_ext/17022449/plib_sercom4_spi_master.o
                0x00001f40                SERCOM4_SPI_WriteRead

.text.RADIO_InitDefaultAttributes%51
                0x00002100      0x1bc
 .text.RADIO_InitDefaultAttributes
                0x00002100      0x1bc build/default/production/_ext/1824799587/radio_transaction.o
                0x00002100                RADIO_InitDefaultAttributes

.text%52        0x000022bc      0x1a4
 .text          0x000022bc      0x1a4 c:/program files/microchip/xc32/v3.01/bin/bin/../../lib/gcc/pic32c/8.3.1/thumb/v6-m/nofp\libgcc.a(_udivmoddi4.o)
                0x000022bc                __udivmoddi4

.text.RADIO_TxHandler%53
                0x00002460      0x164
 .text.RADIO_TxHandler
                0x00002460      0x164 build/default/production/_ext/1824799587/radio_transaction.o
                0x00002460                RADIO_TxHandler

.text.CLOCK_Initialize%54
                0x000025c4      0x164
 .text.CLOCK_Initialize
                0x000025c4      0x164 build/default/production/_ext/1984496892/plib_clock.o
                0x000025c4                CLOCK_Initialize

.text.RADIO_FSKPayloadReady%55
                0x00002728      0x144
 .text.RADIO_FSKPayloadReady
                0x00002728      0x144 build/default/production/_ext/1824799587/radio_transaction.o
                0x00002728                RADIO_FSKPayloadReady

.text.RADIO_RxHandler%56
                0x0000286c      0x128
 .text.RADIO_RxHandler
                0x0000286c      0x128 build/default/production/_ext/1824799587/radio_transaction.o
                0x0000286c                RADIO_RxHandler

.text%57        0x00002994      0x114