Archive member included to satisfy reference by file (symbol)

c:/program files/microchip/xc32/v3.01/bin/bin/../../lib/gcc/pic32c/8.3.1/../../../../pic32c/lib/thumb/v6-m/nofp\libpic32c.a(data_init.o)
                              build/default/production/_ext/1171490990/startup_xc32.o (__pic32c_data_initialization)
c:/program files/microchip/xc32/v3.01/bin/bin/../../lib/gcc/pic32c/8.3.1/thumb/v6-m/nofp\libgcc.a(_udivsi3.o)
                              build/default/production/_ext/1824788055/sys.o (__aeabi_uidiv)
c:/program files/microchip/xc32/v3.01/bin/bin/../../lib/gcc/pic32c/8.3.1/thumb/v6-m/nofp\libgcc.a(_divsi3.o)
                              build/default/production/_ext/1824799587/radio_get_set.o (__aeabi_idiv)
c:/program files/microchip/xc32/v3.01/bin/bin/../../lib/gcc/pic32c/8.3.1/thumb/v6-m/nofp\libgcc.a(_dvmd_tls.o)
                              c:/program files/microchip/xc32/v3.01/bin/bin/../../lib/gcc/pic32c/8.3.1/thumb/v6-m/nofp\libgcc.a(_udivsi3.o) (__aeabi_idiv0)
c:/program files/microchip/xc32/v3.01/bin/bin/../../lib/gcc/pic32c/8.3.1/thumb/v6-m/nofp\libgcc.a(_aeabi_uldivmod.o)
                              build/default/production/_ext/1824796116/pmm.o (__aeabi_uldivmod)
c:/program files/microchip/xc32/v3.01/bin/bin/../../lib/gcc/pic32c/8.3.1/thumb/v6-m/nofp\libgcc.a(_fixunssfsi.o)
                              build/default/production/_ext/1824796116/pmm.o (__aeabi_f2uiz)
c:/program files/microchip/xc32/v3.01/bin/bin/../../lib/gcc/pic32c/8.3.1/thumb/v6-m/nofp\libgcc.a(_fixunssfdi.o)
                              build/default/production/_ext/1824796116/pmm.o (__aeabi_f2ulz)
c:/program files/microchip/xc32/v3.01/bin/bin/../../lib/gcc/pic32c/8.3.1/thumb/v6-m/nofp\libgcc.a(_udivmoddi4.o)
                              c:/program files/microchip/xc32/v3.01/bin/bin/../../lib/gcc/pic32c/8.3.1/thumb/v6-m/nofp\libgcc.a(_aeabi_uldivmod.o) (__udivmoddi4)
c:/program files/microchip/xc32/v3.01/bin/bin/../../lib/gcc/pic32c/8.3.1/thumb/v6-m/nofp\libgcc.a(addsf3.o)
                              build/default/production/_ext/508257091/plib_sercom1_i2c_master.o (__aeabi_fadd)
c:/program files/microchip/xc32/v3.01/bin/bin/../../lib/gcc/pic32c/8.3.1/thumb/v6-m/nofp\libgcc.a(divsf3.o)
                              build/default/production/_ext/508257091/plib_sercom1_i2c_master.o (__aeabi_fdiv)
c:/program files/microchip/xc32/v3.01/bin/bin/../../lib/gcc/pic32c/8.3.1/thumb/v6-m/nofp\libgcc.a(mulsf3.o)
                              build/default/production/_ext/1824796116/pmm.o (__aeabi_fmul)
c:/program files/microchip/xc32/v3.01/bin/bin/../../lib/gcc/pic32c/8.3.1/thumb/v6-m/nofp\libgcc.a(subsf3.o)
                              build/default/production/_ext/508257091/plib_sercom1_i2c_master.o (__aeabi_fsub)
c:/program files/microchip/xc32/v3.01/bin/bin/../../lib/gcc/pic32c/8.3.1/thumb/v6-m/nofp\libgcc.a(fixsfsi.o)
                              c:/program files/microchip/xc32/v3.01/bin/bin/../../lib/gcc/pic32c/8.3.1/thumb/v6-m/nofp\libgcc.a(_fixunssfsi.o) (__aeabi_f2iz)
c:/program files/microchip/xc32/v3.01/bin/bin/../../lib/gcc/pic32c/8.3.1/thumb/v6-m/nofp\libgcc.a(floatsisf.o)
                              build/default/production/_ext/1824799587/radio_get_set.o (__aeabi_i2f)
c:/program files/microchip/xc32/v3.01/bin/bin/../../lib/gcc/pic32c/8.3.1/thumb/v6-m/nofp\libgcc.a(floatunsisf.o)
                              build/default/production/_ext/1824796116/pmm.o (__aeabi_ui2f)
c:/program files/microchip/xc32/v3.01/bin/bin/../../lib/gcc/pic32c/8.3.1/thumb/v6-m/nofp\libgcc.a(muldf3.o)
                              c:/program files/microchip/xc32/v3.01/bin/bin/../../lib/gcc/pic32c/8.3.1/thumb/v6-m/nofp\libgcc.a(_fixunssfdi.o) (__aeabi_dmul)
c:/program files/microchip/xc32/v3.01/bin/bin/../../lib/gcc/pic32c/8.3.1/thumb/v6-m/nofp\libgcc.a(subdf3.o)
                              c:/program files/microchip/xc32/v3.01/bin/bin/../../lib/gcc/pic32c/8.3.1/thumb/v6-m/nofp\libgcc.a(_fixunssfdi.o) (__aeabi_dsub)
c:/program files/microchip/xc32/v3.01/bin/bin/../../lib/gcc/pic32c/8.3.1/thumb/v6-m/nofp\libgcc.a(floatunsidf.o)
                              c:/program files/microchip/xc32/v3.01/bin/bin/../../lib/gcc/pic32c/8.3.1/thumb/v6-m/nofp\libgcc.a(_fixunssfdi.o) (__aeabi_ui2d)
c:/program files/microchip/xc32/v3.01/bin/bin/../../lib/gcc/pic32c/8.3.1/thumb/v6-m/nofp\libgcc.a(extendsfdf2.o)
                              c:/program files/microchip/xc32/v3.01/bin/bin/../../lib/gcc/pic32c/8.3.1/thumb/v6-m/nofp\libgcc.a(_fixunssfdi.o) (__aeabi_f2d)
c:/program files/microchip/xc32/v3.01/bin/bin/../../lib/gcc/pic32c/8.3.1/thumb/v6-m/nofp\libgcc.a(_arm_cmpsf2.o)
                              c:/program files/microchip/xc32/v3.01/bin/bin/../../lib/gcc/pic32c/8.3.1/thumb/v6-m/nofp\libgcc.a(_fixunssfsi.o) (__aeabi_fcmpge)
c:/program files/microchip/xc32/v3.01/bin/bin/../../lib/gcc/pic32c/8.3.1/thumb/v6-m/nofp\libgcc.a(_clzsi2.o)
[...]
Memory Configuration

Name             Origin             Length             Attributes
rom              0x00000000         0x00040000         xrl
ram              0x20000000         0x00008000         xw !r
lpram            0x30000000         0x00002000         xw !r
config_D0804000  0xd0804000         0x00000004
config_D0806020  0xd0806020         0x00000004
config_D0804004  0xd0804004         0x00000004
config_D0806034  0xd0806034         0x00000004
config_D0806030  0xd0806030         0x00000004
*default*        0x00000000         0xffffffff

Linker script and memory map

LOAD c:/program files/microchip/xc32/v3.01/bin/bin/../../lib/gcc/pic32c/8.3.1/thumb/v6-m/nofp/crti.o
LOAD c:/program files/microchip/xc32/v3.01/bin/bin/../../lib/gcc/pic32c/8.3.1/thumb/v6-m/nofp/crtbegin.o
LOAD build/default/production/_ext/1824788055/radio_driver_hal.o
LOAD build/default/production/_ext/1824788055/sleep.o
LOAD build/default/production/_ext/1824788055/sleep_timer.o
LOAD build/default/production/_ext/1824788055/sys.o
LOAD build/default/production/_ext/1824796116/pmm.o
LOAD build/default/production/_ext/2120447010/lorawan_mband_eu.o
LOAD build/default/production/_ext/282161921/sw_timer.o
LOAD build/default/production/_ext/1824799377/system_assert.o
LOAD build/default/production/_ext/1824799377/system_init.o
LOAD build/default/production/_ext/1824799377/system_task_manager.o
LOAD build/default/production/_ext/22805713/radio_driver_sx1276.o
LOAD build/default/production/_ext/1824799587/radio_get_set.o
LOAD build/default/production/_ext/1824799587/radio_interface.o
LOAD build/default/production/_ext/1824799587/radio_lbt.o
LOAD build/default/production/_ext/1824799587/radio_task_manager.o
LOAD build/default/production/_ext/1824799587/radio_transaction.o
LOAD build/default/production/_ext/1530445869/radioconfig.o
LOAD build/default/production/_ext/60163342/plib_adc.o
LOAD build/default/production/_ext/1984496892/plib_clock.o
LOAD build/default/production/_ext/60167341/plib_eic.o
LOAD build/default/production/_ext/1986646378/plib_evsys.o
LOAD build/default/production/_ext/1865468468/plib_nvic.o
LOAD build/default/production/_ext/1593096446/plib_nvmctrl.o
LOAD build/default/production/_ext/829342769/plib_pm.o
LOAD build/default/production/_ext/1865521619/plib_port.o
LOAD build/default/production/_ext/1865585090/plib_rstc.o
LOAD build/default/production/_ext/60180175/plib_rtc_timer.o
LOAD build/default/production/_ext/508257091/plib_sercom1_i2c_master.o
LOAD build/default/production/_ext/17022449/plib_sercom4_spi_master.o
LOAD build/default/production/_ext/504274921/plib_sercom0_usart.o
LOAD build/default/production/_ext/1865616679/plib_supc.o
LOAD build/default/production/_ext/1827571544/plib_systick.o
LOAD build/default/production/_ext/829342655/plib_tc0.o
LOAD build/default/production/_ext/163028504/xc32_monitor.o
LOAD build/default/production/_ext/1881668453/sys_int.o
LOAD build/default/production/_ext/1000052432/sys_reset.o
LOAD build/default/production/_ext/1171490990/exceptions.o
LOAD build/default/production/_ext/1171490990/interrupts.o
LOAD build/default/production/_ext/1171490990/startup_xc32.o
LOAD build/default/production/_ext/1171490990/initialization.o
LOAD build/default/production/_ext/1171490990/libc_syscalls.o
LOAD build/default/production/_ext/1530445869/tasks.o
LOAD build/default/production/_ext/1530445869/app.o
LOAD build/default/production/_ext/1360937237/main.o
                0x00000001                __MPLAB_BUILD = 0x1
                0x00040000                __rom_end = (ORIGIN (rom) + LENGTH (rom))
                0x20008000                __ram_end = (ORIGIN (ram) + LENGTH (ram))

.config_D0804000
 *(.config_D0804000)

.config_D0806020
 *(.config_D0806020)

.config_D0804004
 *(.config_D0804004)

.config_D0806034
 *(.config_D0806034)

.config_D0806030
 *(.config_D0806030)

.vectors        0x00000000       0xb0
                0x00000000                . = ALIGN (0x4)
                0x00000000                _sfixed = .
 *(.vectors .vectors.* .vectors_default .vectors_default.*)
 .vectors       0x00000000       0xb0 build/default/production/_ext/1171490990/interrupts.o
                0x00000000                exception_table
 *(.isr_vector)
 *(.reset*)
 *(.after_vectors)

.text           0x000000b0       0x20
                0x000000b0                . = ALIGN (0x4)
 *(.glue_7t)
 .glue_7t       0x000000b0        0x0 linker stubs
 *(.glue_7)
 .glue_7        0x000000b0        0x0 linker stubs
 *(.gnu.linkonce.r.*)
 *(.ARM.extab* .gnu.linkonce.armextab.*)
                0x000000b0                . = ALIGN (0x4)
 *(.init)
 .init          0x000000b0        0x4 c:/program files/microchip/xc32/v3.01/bin/bin/../../lib/gcc/pic32c/8.3.1/thumb/v6-m/nofp/crti.o
                0x000000b0                _init
 .init          0x000000b4        0x8 c:/program files/microchip/xc32/v3.01/bin/bin/../../lib/gcc/pic32c/8.3.1/thumb/v6-m/nofp/crtn.o
                0x000000bc                . = ALIGN (0x4)
                0x000000bc                __preinit_array_start = .
 *(.preinit_array)
                0x000000bc                __preinit_array_end = .
                0x000000bc                . = ALIGN (0x4)
                0x000000bc                __init_array_start = .
 *(SORT_BY_NAME(.init_array.*))
 *(.init_array)
 .init_array    0x000000bc        0x4 c:/program files/microchip/xc32/v3.01/bin/bin/../../lib/gcc/pic32c/8.3.1/thumb/v6-m/nofp/crtbegin.o
                0x000000c0                __init_array_end = .
                0x000000c0                . = ALIGN (0x4)
 *crtbegin.o(.ctors)
 *(EXCLUDE_FILE(*crtend.o) .ctors)
 *(SORT_BY_NAME(.ctors.*))
 *crtend.o(.ctors)
                0x000000c0                . = ALIGN (0x4)
 *(.fini)
 .fini          0x000000c0        0x4 c:/program files/microchip/xc32/v3.01/bin/bin/../../lib/gcc/pic32c/8.3.1/thumb/v6-m/nofp/crti.o
                0x000000c0                _fini
 .fini          0x000000c4        0x8 c:/program files/microchip/xc32/v3.01/bin/bin/../../lib/gcc/pic32c/8.3.1/thumb/v6-m/nofp/crtn.o
                0x000000cc                . = ALIGN (0x4)
                0x000000cc                __fini_array_start = .
 *(.fini_array)
 .fini_array    0x000000cc        0x4 c:/program files/microchip/xc32/v3.01/bin/bin/../../lib/gcc/pic32c/8.3.1/thumb/v6-m/nofp/crtbegin.o
 *(SORT_BY_NAME(.fini_array.*))
                0x000000d0                __fini_array_end = .
 *crtbegin.o(.dtors)
 *(EXCLUDE_FILE(*crtend.o) .dtors)
 *(SORT_BY_NAME(.dtors.*))
 *crtend.o(.dtors)
                0x000000d0                . = ALIGN (0x4)
                0x000000d0                _efixed = .
                [!provide]                PROVIDE (__exidx_start = .)

.ARM.exidx      0x000000d0        0x8
 *(.ARM.exidx* .gnu.linkonce.armexidx.*)
 .ARM.exidx     0x000000d0        0x8 c:/program files/microchip/xc32/v3.01/bin/bin/../../lib/gcc/pic32c/8.3.1/thumb/v6-m/nofp\libgcc.a(_udivmoddi4.o)
                [!provide]                PROVIDE (__exidx_end = .)
                0x000000d8                . = ALIGN (0x4)
                0x000000d8                _etext = .

.bss            0x20000000        0x0
                0x20000000                . = ALIGN (0x4)
                0x20000000                __bss_start__ = .
                0x20000000                _sbss = .
                0x20000000                _szero = .
 *(COMMON)
                0x20000000                . = ALIGN (0x4)
                0x20000000                __bss_end__ = .
                0x20000000                _ebss = .
                0x20000000                _ezero = .
                0x20000000                . = ALIGN (0x4)
                0x20000000                _end = .
                0x20007fff                _ram_end_ = ((ORIGIN (ram) + LENGTH (ram)) - 0x1)

.lpram_output   0x30000000        0x0
                0x30000000                . = ALIGN (0x4)
 *(.lpram .lpram.*)
                0x30000000                . = ALIGN (0x4)
                0x30000000                . = ALIGN (0x4)
                0x30001fff                _lpram_end_ = ((ORIGIN (lpram) + LENGTH (lpram)) - 0x1)
                0x00000200                _min_heap_size = 0x200
START GROUP
LOAD c:/program files/microchip/xc32/v3.01/bin/bin/../../lib/gcc/pic32c/8.3.1/../../../../pic32c/lib/thumb/v6-m/nofp\libpic32c.a
LOAD c:/program files/microchip/xc32/v3.01/bin/bin/../../lib/gcc/pic32c/8.3.1/thumb/v6-m/nofp\libgcc.a
LOAD c:/program files/microchip/xc32/v3.01/bin/bin/../../lib/gcc/pic32c/8.3.1/../../../../pic32c/lib/thumb/v6-m/nofp\libm_nano.a
LOAD c:/program files/microchip/xc32/v3.01/bin/bin/../../lib/gcc/pic32c/8.3.1/../../../../pic32c/lib/thumb/v6-m/nofp\libc_nano.a
END GROUP
LOAD c:/program files/microchip/xc32/v3.01/bin/bin/../../lib/gcc/pic32c/8.3.1/thumb/v6-m/nofp/crtend.o
LOAD c:/program files/microchip/xc32/v3.01/bin/bin/../../lib/gcc/pic32c/8.3.1/thumb/v6-m/nofp/crtn.o
OUTPUT(dist/default/production/Lorafrom0.X.production.elf elf32-littlearm)
LOAD stack
LOAD data_init

.ARM.attributes
                0x00000000       0x2a
 .ARM.attributes
                0x00000000       0x1e c:/program files/microchip/xc32/v3.01/bin/bin/../../lib/gcc/pic32c/8.3.1/thumb/v6-m/nofp/crti.o
 .ARM.attributes
                0x0000001e       0x2c c:/program files/microchip/xc32/v3.01/bin/bin/../../lib/gcc/pic32c/8.3.1/thumb/v6-m/nofp/crtbegin.o
 .ARM.attributes
                0x0000004a       0x2c build/default/production/_ext/1824788055/radio_driver_hal.o
 .ARM.attributes
                0x00000076       0x2c build/default/production/_ext/1824788055/sleep.o
 .ARM.attributes
                0x000000a2       0x2c build/default/production/_ext/1824788055/sleep_timer.o
 .ARM.attributes
                0x000000ce       0x2c build/default/production/_ext/1824788055/sys.o
 .ARM.attributes
                0x000000fa       0x2c build/default/production/_ext/1824796116/pmm.o
 .ARM.attributes
                0x00000126       0x2c build/default/production/_ext/282161921/sw_timer.o
 .ARM.attributes
                0x00000152       0x2c build/default/production/_ext/1824799377/system_task_manager.o
 .ARM.attributes
                0x0000017e       0x2c build/default/production/_ext/22805713/radio_driver_sx1276.o
 .ARM.attributes
                0x000001aa       0x2c build/default/production/_ext/1824799587/radio_get_set.o
 .ARM.attributes
                0x000001d6       0x2c build/default/production/_ext/1824799587/radio_interface.o
 .ARM.attributes
                0x00000202       0x2c build/default/production/_ext/1824799587/radio_lbt.o
 .ARM.attributes
                0x0000022e       0x2c build/default/production/_ext/1824799587/radio_task_manager.o
 .ARM.attributes
                0x0000025a       0x2c build/default/production/_ext/1824799587/radio_transaction.o
 .ARM.attributes
                0x00000286       0x2c build/default/production/_ext/60163342/plib_adc.o
 .ARM.attributes
                0x000002b2       0x2c build/default/production/_ext/1984496892/plib_clock.o
 .ARM.attributes
                0x000002de       0x2c build/default/production/_ext/60167341/plib_eic.o
 .ARM.attributes
                0x0000030a       0x2c build/default/production/_ext/1986646378/plib_evsys.o
 .ARM.attributes
                0x00000336       0x2c build/default/production/_ext/1865468468/plib_nvic.o
 .ARM.attributes
                0x00000362       0x2c build/default/production/_ext/1593096446/plib_nvmctrl.o
 .ARM.attributes
                0x0000038e       0x2c build/default/production/_ext/829342769/plib_pm.o
 .ARM.attributes
                0x000003ba       0x2c build/default/production/_ext/1865521619/plib_port.o
 .ARM.attributes
                0x000003e6       0x2c build/default/production/_ext/1865585090/plib_rstc.o
 .ARM.attributes
                0x00000412       0x2c build/default/production/_ext/60180175/plib_rtc_timer.o
 .ARM.attributes
                0x0000043e       0x2c build/default/production/_ext/17022449/plib_sercom4_spi_master.o
 .ARM.attributes
                0x0000046a       0x2c build/default/production/_ext/1865616679/plib_supc.o
 .ARM.attributes
                0x00000496       0x2c build/default/production/_ext/1827571544/plib_systick.o
 .ARM.attributes
                0x000004c2       0x2c build/default/production/_ext/829342655/plib_tc0.o
 .ARM.attributes
                0x000004ee       0x2c build/default/production/_ext/1881668453/sys_int.o
 .ARM.attributes
                0x0000051a       0x2c build/default/production/_ext/1171490990/exceptions.o
 .ARM.attributes
                0x00000546       0x2c build/default/production/_ext/1171490990/interrupts.o
 .ARM.attributes
                0x00000572       0x2c build/default/production/_ext/1171490990/startup_xc32.o
 .ARM.attributes
                0x0000059e       0x2c build/default/production/_ext/1171490990/initialization.o
 .ARM.attributes
                0x000005ca       0x2c build/default/production/_ext/1530445869/tasks.o
 .ARM.attributes
                0x000005f6       0x2c build/default/production/_ext/1530445869/app.o
 .ARM.attributes
                0x00000622       0x2c build/default/production/_ext/1360937237/main.o
 .ARM.attributes
                0x0000064e       0x2c c:/program files/microchip/xc32/v3.01/bin/bin/../../lib/gcc/pic32c/8.3.1/../../../../pic32c/lib/thumb/v6-m/nofp\libpic32c.a(data_init.o)
 .ARM.attributes
                0x0000067a       0x1e c:/program files/microchip/xc32/v3.01/bin/bin/../../lib/gcc/pic32c/8.3.1/thumb/v6-m/nofp\libgcc.a(_udivsi3.o)
 .ARM.attributes
                0x00000698       0x1e c:/program files/microchip/xc32/v3.01/bin/bin/../../lib/gcc/pic32c/8.3.1/thumb/v6-m/nofp\libgcc.a(_divsi3.o)
 .ARM.attributes
                0x000006b6       0x1e c:/program files/microchip/xc32/v3.01/bin/bin/../../lib/gcc/pic32c/8.3.1/thumb/v6-m/nofp\libgcc.a(_dvmd_tls.o)
 .ARM.attributes
                0x000006d4       0x1e c:/program files/microchip/xc32/v3.01/bin/bin/../../lib/gcc/pic32c/8.3.1/thumb/v6-m/nofp\libgcc.a(_aeabi_uldivmod.o)
 .ARM.attributes
                0x000006f2       0x2c c:/program files/microchip/xc32/v3.01/bin/bin/../../lib/gcc/pic32c/8.3.1/thumb/v6-m/nofp\libgcc.a(_fixunssfsi.o)
 .ARM.attributes
                0x0000071e       0x2c c:/program files/microchip/xc32/v3.01/bin/bin/../../lib/gcc/pic32c/8.3.1/thumb/v6-m/nofp\libgcc.a(_fixunssfdi.o)
 .ARM.attributes
                0x0000074a       0x2c c:/program files/microchip/xc32/v3.01/bin/bin/../../lib/gcc/pic32c/8.3.1/thumb/v6-m/nofp\libgcc.a(_udivmoddi4.o)
 .ARM.attributes
                0x00000776       0x2c c:/program files/microchip/xc32/v3.01/bin/bin/../../lib/gcc/pic32c/8.3.1/thumb/v6-m/nofp\libgcc.a(mulsf3.o)
 .ARM.attributes
                0x000007a2       0x2c c:/program files/microchip/xc32/v3.01/bin/bin/../../lib/gcc/pic32c/8.3.1/thumb/v6-m/nofp\libgcc.a(subsf3.o)
 .ARM.attributes
                0x000007ce       0x2c c:/program files/microchip/xc32/v3.01/bin/bin/../../lib/gcc/pic32c/8.3.1/thumb/v6-m/nofp\libgcc.a(fixsfsi.o)
 .ARM.attributes
                0x000007fa       0x2c c:/program files/microchip/xc32/v3.01/bin/bin/../../lib/gcc/pic32c/8.3.1/thumb/v6-m/nofp\libgcc.a(floatunsisf.o)
 .ARM.attributes
                0x00000826       0x2c c:/program files/microchip/xc32/v3.01/bin/bin/../../lib/gcc/pic32c/8.3.1/thumb/v6-m/nofp\libgcc.a(muldf3.o)
 .ARM.attributes
                0x00000852       0x2c c:/program files/microchip/xc32/v3.01/bin/bin/../../lib/gcc/pic32c/8.3.1/thumb/v6-m/nofp\libgcc.a(subdf3.o)
 .ARM.attributes
                0x0000087e       0x2c c:/program files/microchip/xc32/v3.01/bin/bin/../../lib/gcc/pic32c/8.3.1/thumb/v6-m/nofp\libgcc.a(floatunsidf.o)
 .ARM.attributes
                0x000008aa       0x2c c:/program files/microchip/xc32/v3.01/bin/bin/../../lib/gcc/pic32c/8.3.1/thumb/v6-m/nofp\libgcc.a(extendsfdf2.o)
 .ARM.attributes
                0x000008d6       0x1e c:/program files/microchip/xc32/v3.01/bin/bin/../../lib/gcc/pic32c/8.3.1/thumb/v6-m/nofp\libgcc.a(_arm_cmpsf2.o)
 .ARM.attributes
                0x000008f4       0x1e c:/program files/microchip/xc32/v3.01/bin/bin/../../lib/gcc/pic32c/8.3.1/thumb/v6-m/nofp\libgcc.a(_clzsi2.o)
 .ARM.attributes
                0x00000912       0x1e c:/program files/microchip/xc32/v3.01/bin/bin/../../lib/gcc/pic32c/8.3.1/thumb/v6-m/nofp\libgcc.a(_clzdi2.o)
 .ARM.attributes
                0x00000930       0x2c c:/program files/microchip/xc32/v3.01/bin/bin/../../lib/gcc/pic32c/8.3.1/thumb/v6-m/nofp\libgcc.a(_fixunsdfsi.o)
 .ARM.attributes
                0x0000095c       0x2c c:/program files/microchip/xc32/v3.01/bin/bin/../../lib/gcc/pic32c/8.3.1/thumb/v6-m/nofp\libgcc.a(eqsf2.o)
 .ARM.attributes
                0x00000988       0x2c c:/program files/microchip/xc32/v3.01/bin/bin/../../lib/gcc/pic32c/8.3.1/thumb/v6-m/nofp\libgcc.a(gesf2.o)
 .ARM.attributes
                0x000009b4       0x2c c:/program files/microchip/xc32/v3.01/bin/bin/../../lib/gcc/pic32c/8.3.1/thumb/v6-m/nofp\libgcc.a(lesf2.o)
 .ARM.attributes
                0x000009e0       0x2c c:/program files/microchip/xc32/v3.01/bin/bin/../../lib/gcc/pic32c/8.3.1/thumb/v6-m/nofp\libgcc.a(fixdfsi.o)
 .ARM.attributes
                0x00000a0c       0x1e c:/program files/microchip/xc32/v3.01/bin/bin/../../lib/gcc/pic32c/8.3.1/thumb/v6-m/nofp\libgcc.a(_arm_cmpdf2.o)
 .ARM.attributes
                0x00000a2a       0x2c c:/program files/microchip/xc32/v3.01/bin/bin/../../lib/gcc/pic32c/8.3.1/thumb/v6-m/nofp\libgcc.a(eqdf2.o)
 .ARM.attributes
                0x00000a56       0x2c c:/program files/microchip/xc32/v3.01/bin/bin/../../lib/gcc/pic32c/8.3.1/thumb/v6-m/nofp\libgcc.a(gedf2.o)
 .ARM.attributes
                0x00000a82       0x2c c:/program files/microchip/xc32/v3.01/bin/bin/../../lib/gcc/pic32c/8.3.1/thumb/v6-m/nofp\libgcc.a(ledf2.o)
 .ARM.attributes
                0x00000aae       0x2c c:/program files/microchip/xc32/v3.01/bin/bin/../../lib/gcc/pic32c/8.3.1/../../../../pic32c/lib/thumb/v6-m/nofp\libc_nano.a(lib_a-init.o)
 .ARM.attributes
                0x00000ada       0x1e c:/program files/microchip/xc32/v3.01/bin/bin/../../lib/gcc/pic32c/8.3.1/thumb/v6-m/nofp/crtn.o

.comment        0x00000000       0x53
 .comment       0x00000000       0x53 c:/program files/microchip/xc32/v3.01/bin/bin/../../lib/gcc/pic32c/8.3.1/thumb/v6-m/nofp/crtbegin.o
                                 0x54 (size before relaxing)
 .comment       0x00000053       0x54 build/default/production/_ext/1824788055/radio_driver_hal.o
 .comment       0x00000053       0x54 build/default/production/_ext/1824788055/sleep.o
 .comment       0x00000053       0x54 build/default/production/_ext/1824788055/sleep_timer.o
 .comment       0x00000053       0x54 build/default/production/_ext/1824788055/sys.o
 .comment       0x00000053       0x54 build/default/production/_ext/1824796116/pmm.o
 .comment       0x00000053       0x54 build/default/production/_ext/282161921/sw_timer.o
 .comment       0x00000053       0x54 build/default/production/_ext/1824799377/system_task_manager.o
 .comment       0x00000053       0x54 build/default/production/_ext/22805713/radio_driver_sx1276.o
 .comment       0x00000053       0x54 build/default/production/_ext/1824799587/radio_get_set.o
 .comment       0x00000053       0x54 build/default/production/_ext/1824799587/radio_interface.o
 .comment       0x00000053       0x54 build/default/production/_ext/1824799587/radio_lbt.o
 .comment       0x00000053       0x54 build/default/production/_ext/1824799587/radio_task_manager.o
 .comment       0x00000053       0x54 build/default/production/_ext/1824799587/radio_transaction.o
 .comment       0x00000053       0x54 build/default/production/_ext/60163342/plib_adc.o
 .comment       0x00000053       0x54 build/default/production/_ext/1984496892/plib_clock.o
 .comment       0x00000053       0x54 build/default/production/_ext/60167341/plib_eic.o
 .comment       0x00000053       0x54 build/default/production/_ext/1986646378/plib_evsys.o
 .comment       0x00000053       0x54 build/default/production/_ext/1865468468/plib_nvic.o
 .comment       0x00000053       0x54 build/default/production/_ext/1593096446/plib_nvmctrl.o
 .comment       0x00000053       0x54 build/default/production/_ext/829342769/plib_pm.o
 .comment       0x00000053       0x54 build/default/production/_ext/1865521619/plib_port.o
 .comment       0x00000053       0x54 build/default/production/_ext/1865585090/plib_rstc.o
 .comment       0x00000053       0x54 build/default/production/_ext/60180175/plib_rtc_timer.o
 .comment       0x00000053       0x54 build/default/production/_ext/17022449/plib_sercom4_spi_master.o
 .comment       0x00000053       0x54 build/default/production/_ext/1865616679/plib_supc.o
 .comment       0x00000053       0x54 build/default/production/_ext/1827571544/plib_systick.o
 .comment       0x00000053       0x54 build/default/production/_ext/829342655/plib_tc0.o
 .comment       0x00000053       0x54 build/default/production/_ext/1881668453/sys_int.o
 .comment       0x00000053       0x54 build/default/production/_ext/1171490990/exceptions.o
 .comment       0x00000053       0x54 build/default/production/_ext/1171490990/interrupts.o
 .comment       0x00000053       0x54 build/default/production/_ext/1171490990/startup_xc32.o
 .comment       0x00000053       0x54 build/default/production/_ext/1171490990/initialization.o
 .comment       0x00000053       0x54 build/default/production/_ext/1530445869/tasks.o
 .comment       0x00000053       0x54 build/default/production/_ext/1530445869/app.o
 .comment       0x00000053       0x54 build/default/production/_ext/1360937237/main.o
 .comment       0x00000053       0x54 c:/program files/microchip/xc32/v3.01/bin/bin/../../lib/gcc/pic32c/8.3.1/../../../../pic32c/lib/thumb/v6-m/nofp\libpic32c.a(data_init.o)
 .comment       0x00000053       0x54 c:/program files/microchip/xc32/v3.01/bin/bin/../../lib/gcc/pic32c/8.3.1/thumb/v6-m/nofp\libgcc.a(_fixunssfsi.o)
 .comment       0x00000053       0x54 c:/program files/microchip/xc32/v3.01/bin/bin/../../lib/gcc/pic32c/8.3.1/thumb/v6-m/nofp\libgcc.a(_fixunssfdi.o)
 .comment       0x00000053       0x54 c:/program files/microchip/xc32/v3.01/bin/bin/../../lib/gcc/pic32c/8.3.1/thumb/v6-m/nofp\libgcc.a(_udivmoddi4.o)
 .comment       0x00000053       0x54 c:/program files/microchip/xc32/v3.01/bin/bin/../../lib/gcc/pic32c/8.3.1/thumb/v6-m/nofp\libgcc.a(mulsf3.o)
 .comment       0x00000053       0x54 c:/program files/microchip/xc32/v3.01/bin/bin/../../lib/gcc/pic32c/8.3.1/thumb/v6-m/nofp\libgcc.a(subsf3.o)
 .comment       0x00000053       0x54 c:/program files/microchip/xc32/v3.01/bin/bin/../../lib/gcc/pic32c/8.3.1/thumb/v6-m/nofp\libgcc.a(fixsfsi.o)
 .comment       0x00000053       0x54 c:/program files/microchip/xc32/v3.01/bin/bin/../../lib/gcc/pic32c/8.3.1/thumb/v6-m/nofp\libgcc.a(floatunsisf.o)
 .comment       0x00000053       0x54 c:/program files/microchip/xc32/v3.01/bin/bin/../../lib/gcc/pic32c/8.3.1/thumb/v6-m/nofp\libgcc.a(muldf3.o)
 .comment       0x00000053       0x54 c:/program files/microchip/xc32/v3.01/bin/bin/../../lib/gcc/pic32c/8.3.1/thumb/v6-m/nofp\libgcc.a(subdf3.o)
 .comment       0x00000053       0x54 c:/program files/microchip/xc32/v3.01/bin/bin/../../lib/gcc/pic32c/8.3.1/thumb/v6-m/nofp\libgcc.a(floatunsidf.o)
 .comment       0x00000053       0x54 c:/program files/microchip/xc32/v3.01/bin/bin/../../lib/gcc/pic32c/8.3.1/thumb/v6-m/nofp\libgcc.a(extendsfdf2.o)
 .comment       0x00000053       0x54 c:/program files/microchip/xc32/v3.01/bin/bin/../../lib/gcc/pic32c/8.3.1/thumb/v6-m/nofp\libgcc.a(_fixunsdfsi.o)
 .comment       0x00000053       0x54 c:/program files/microchip/xc32/v3.01/bin/bin/../../lib/gcc/pic32c/8.3.1/thumb/v6-m/nofp\libgcc.a(eqsf2.o)
 .comment       0x00000053       0x54 c:/program files/microchip/xc32/v3.01/bin/bin/../../lib/gcc/pic32c/8.3.1/thumb/v6-m/nofp\libgcc.a(gesf2.o)
 .comment       0x00000053       0x54 c:/program files/microchip/xc32/v3.01/bin/bin/../../lib/gcc/pic32c/8.3.1/thumb/v6-m/nofp\libgcc.a(lesf2.o)
 .comment       0x00000053       0x54 c:/program files/microchip/xc32/v3.01/bin/bin/../../lib/gcc/pic32c/8.3.1/thumb/v6-m/nofp\libgcc.a(fixdfsi.o)
 .comment       0x00000053       0x54 c:/program files/microchip/xc32/v3.01/bin/bin/../../lib/gcc/pic32c/8.3.1/thumb/v6-m/nofp\libgcc.a(eqdf2.o)
 .comment       0x00000053       0x54 c:/program files/microchip/xc32/v3.01/bin/bin/../../lib/gcc/pic32c/8.3.1/thumb/v6-m/nofp\libgcc.a(gedf2.o)
 .comment       0x00000053       0x54 c:/program files/microchip/xc32/v3.01/bin/bin/../../lib/gcc/pic32c/8.3.1/thumb/v6-m/nofp\libgcc.a(ledf2.o)
 .comment       0x00000053       0x54 c:/program files/microchip/xc32/v3.01/bin/bin/../../lib/gcc/pic32c/8.3.1/../../../../pic32c/lib/thumb/v6-m/nofp\libc_nano.a(lib_a-init.o)

.debug_info     0x00000000    0x4e7a4
 .debug_info    0x00000000     0x4706 build/default/production/_ext/1824788055/radio_driver_hal.o
 .debug_info    0x00004706     0x27dc build/default/production/_ext/1824788055/sleep.o
 .debug_info    0x00006ee2     0x2934 build/default/production/_ext/1824788055/sleep_timer.o
 .debug_info    0x00009816     0x2ec6 build/default/production/_ext/1824788055/sys.o
 .debug_info    0x0000c6dc     0x3072 build/default/production/_ext/1824796116/pmm.o
 .debug_info    0x0000f74e     0x454b build/default/production/_ext/282161921/sw_timer.o
 .debug_info    0x00013c99      0x537 build/default/production/_ext/1824799377/system_task_manager.o
 .debug_info    0x000141d0     0x339a build/default/production/_ext/22805713/radio_driver_sx1276.o
 .debug_info    0x0001756a     0x3739 build/default/production/_ext/1824799587/radio_get_set.o
 .debug_info    0x0001aca3     0x2cc7 build/default/production/_ext/1824799587/radio_interface.o
 .debug_info    0x0001d96a     0x3113 build/default/production/_ext/1824799587/radio_lbt.o
 .debug_info    0x00020a7d      0x616 build/default/production/_ext/1824799587/radio_task_manager.o
 .debug_info    0x00021093     0x53a3 build/default/production/_ext/1824799587/radio_transaction.o
 .debug_info    0x00026436      0xcb1 build/default/production/_ext/60163342/plib_adc.o
 .debug_info    0x000270e7      0xb5a build/default/production/_ext/1984496892/plib_clock.o
 .debug_info    0x00027c41      0x73f build/default/production/_ext/60167341/plib_eic.o
 .debug_info    0x00028380      0x304 build/default/production/_ext/1986646378/plib_evsys.o
 .debug_info    0x00028684      0xaa8 build/default/production/_ext/1865468468/plib_nvic.o
 .debug_info    0x0002912c     0x1501 build/default/production/_ext/1593096446/plib_nvmctrl.o
 .debug_info    0x0002a62d      0x625 build/default/production/_ext/829342769/plib_pm.o
 .debug_info    0x0002ac52      0xc8d build/default/production/_ext/1865521619/plib_port.o
 .debug_info    0x0002b8df      0x5ba build/default/production/_ext/1865585090/plib_rstc.o
 .debug_info    0x0002be99     0x1795 build/default/production/_ext/60180175/plib_rtc_timer.o
 .debug_info    0x0002d62e     0x120f build/default/production/_ext/17022449/plib_sercom4_spi_master.o
 .debug_info    0x0002e83d      0x5e8 build/default/production/_ext/1865616679/plib_supc.o
 .debug_info    0x0002ee25      0x68e build/default/production/_ext/1827571544/plib_systick.o
 .debug_info    0x0002f4b3      0xd0c build/default/production/_ext/829342655/plib_tc0.o
 .debug_info    0x000301bf      0x9ec build/default/production/_ext/1881668453/sys_int.o
 .debug_info    0x00030bab     0x273e build/default/production/_ext/1171490990/exceptions.o
 .debug_info    0x000332e9     0x311e build/default/production/_ext/1171490990/interrupts.o
 .debug_info    0x00036407      0x49b build/default/production/_ext/1171490990/startup_xc32.o
 .debug_info    0x000368a2     0x2a98 build/default/production/_ext/1171490990/initialization.o
 .debug_info    0x0003933a     0x273f build/default/production/_ext/1530445869/tasks.o
 .debug_info    0x0003ba79     0x3bd0 build/default/production/_ext/1530445869/app.o
 .debug_info    0x0003f649     0x2733 build/default/production/_ext/1360937237/main.o
 .debug_info    0x00041d7c      0x2c3 c:/program files/microchip/xc32/v3.01/bin/bin/../../lib/gcc/pic32c/8.3.1/../../../../pic32c/lib/thumb/v6-m/nofp\libpic32c.a(data_init.o)
 .debug_info    0x0004203f       0x26 c:/program files/microchip/xc32/v3.01/bin/bin/../../lib/gcc/pic32c/8.3.1/thumb/v6-m/nofp\libgcc.a(_udivsi3.o)
 .debug_info    0x00042065       0x26 c:/program files/microchip/xc32/v3.01/bin/bin/../../lib/gcc/pic32c/8.3.1/thumb/v6-m/nofp\libgcc.a(_divsi3.o)
 .debug_info    0x0004208b       0x26 c:/program files/microchip/xc32/v3.01/bin/bin/../../lib/gcc/pic32c/8.3.1/thumb/v6-m/nofp\libgcc.a(_dvmd_tls.o)
 .debug_info    0x000420b1       0x26 c:/program files/microchip/xc32/v3.01/bin/bin/../../lib/gcc/pic32c/8.3.1/thumb/v6-m/nofp\libgcc.a(_aeabi_uldivmod.o)
 .debug_info    0x000420d7     0x1b5e c:/program files/microchip/xc32/v3.01/bin/bin/../../lib/gcc/pic32c/8.3.1/thumb/v6-m/nofp\libgcc.a(_fixunssfsi.o)
 .debug_info    0x00043c35     0x1bb5 c:/program files/microchip/xc32/v3.01/bin/bin/../../lib/gcc/pic32c/8.3.1/thumb/v6-m/nofp\libgcc.a(_fixunssfdi.o)
 .debug_info    0x000457ea     0x1c12 c:/program files/microchip/xc32/v3.01/bin/bin/../../lib/gcc/pic32c/8.3.1/thumb/v6-m/nofp\libgcc.a(_udivmoddi4.o)
 .debug_info    0x000473fc      0x6e2 c:/program files/microchip/xc32/v3.01/bin/bin/../../lib/gcc/pic32c/8.3.1/thumb/v6-m/nofp\libgcc.a(mulsf3.o)
 .debug_info    0x00047ade      0x63e c:/program files/microchip/xc32/v3.01/bin/bin/../../lib/gcc/pic32c/8.3.1/thumb/v6-m/nofp\libgcc.a(subsf3.o)
 .debug_info    0x0004811c      0x441 c:/program files/microchip/xc32/v3.01/bin/bin/../../lib/gcc/pic32c/8.3.1/thumb/v6-m/nofp\libgcc.a(fixsfsi.o)
 .debug_info    0x0004855d      0x515 c:/program files/microchip/xc32/v3.01/bin/bin/../../lib/gcc/pic32c/8.3.1/thumb/v6-m/nofp\libgcc.a(floatunsisf.o)
 .debug_info    0x00048a72      0xc00 c:/program files/microchip/xc32/v3.01/bin/bin/../../lib/gcc/pic32c/8.3.1/thumb/v6-m/nofp\libgcc.a(muldf3.o)
 .debug_info    0x00049672      0x90d c:/program files/microchip/xc32/v3.01/bin/bin/../../lib/gcc/pic32c/8.3.1/thumb/v6-m/nofp\libgcc.a(subdf3.o)
 .debug_info    0x00049f7f      0x5b1 c:/program files/microchip/xc32/v3.01/bin/bin/../../lib/gcc/pic32c/8.3.1/thumb/v6-m/nofp\libgcc.a(floatunsidf.o)
 .debug_info    0x0004a530      0x531 c:/program files/microchip/xc32/v3.01/bin/bin/../../lib/gcc/pic32c/8.3.1/thumb/v6-m/nofp\libgcc.a(extendsfdf2.o)
 .debug_info    0x0004aa61       0x26 c:/program files/microchip/xc32/v3.01/bin/bin/../../lib/gcc/pic32c/8.3.1/thumb/v6-m/nofp\libgcc.a(_arm_cmpsf2.o)
 .debug_info    0x0004aa87       0x26 c:/program files/microchip/xc32/v3.01/bin/bin/../../lib/gcc/pic32c/8.3.1/thumb/v6-m/nofp\libgcc.a(_clzsi2.o)
 .debug_info    0x0004aaad       0x26 c:/program files/microchip/xc32/v3.01/bin/bin/../../lib/gcc/pic32c/8.3.1/thumb/v6-m/nofp\libgcc.a(_clzdi2.o)
 .debug_info    0x0004aad3     0x1b5e c:/program files/microchip/xc32/v3.01/bin/bin/../../lib/gcc/pic32c/8.3.1/thumb/v6-m/nofp\libgcc.a(_fixunsdfsi.o)
 .debug_info    0x0004c631      0x491 c:/program files/microchip/xc32/v3.01/bin/bin/../../lib/gcc/pic32c/8.3.1/thumb/v6-m/nofp\libgcc.a(eqsf2.o)
 .debug_info    0x0004cac2      0x4c3 c:/program files/microchip/xc32/v3.01/bin/bin/../../lib/gcc/pic32c/8.3.1/thumb/v6-m/nofp\libgcc.a(gesf2.o)
 .debug_info    0x0004cf85      0x4c3 c:/program files/microchip/xc32/v3.01/bin/bin/../../lib/gcc/pic32c/8.3.1/thumb/v6-m/nofp\libgcc.a(lesf2.o)
 .debug_info    0x0004d448      0x462 c:/program files/microchip/xc32/v3.01/bin/bin/../../lib/gcc/pic32c/8.3.1/thumb/v6-m/nofp\libgcc.a(fixdfsi.o)
 .debug_info    0x0004d8aa       0x26 c:/program files/microchip/xc32/v3.01/bin/bin/../../lib/gcc/pic32c/8.3.1/thumb/v6-m/nofp\libgcc.a(_arm_cmpdf2.o)
 .debug_info    0x0004d8d0      0x4ca c:/program files/microchip/xc32/v3.01/bin/bin/../../lib/gcc/pic32c/8.3.1/thumb/v6-m/nofp\libgcc.a(eqdf2.o)
 .debug_info    0x0004dd9a      0x505 c:/program files/microchip/xc32/v3.01/bin/bin/../../lib/gcc/pic32c/8.3.1/thumb/v6-m/nofp\libgcc.a(gedf2.o)
 .debug_info    0x0004e29f      0x505 c:/program files/microchip/xc32/v3.01/bin/bin/../../lib/gcc/pic32c/8.3.1/thumb/v6-m/nofp\libgcc.a(ledf2.o)

.debug_abbrev   0x00000000     0x6edf
 .debug_abbrev  0x00000000      0x4ab build/default/production/_ext/1824788055/radio_driver_hal.o
 .debug_abbrev  0x000004ab      0x277 build/default/production/_ext/1824788055/sleep.o
 .debug_abbrev  0x00000722      0x2b9 build/default/production/_ext/1824788055/sleep_timer.o
 .debug_abbrev  0x000009db      0x324 build/default/production/_ext/1824788055/sys.o
 .debug_abbrev  0x00000cff      0x325 build/default/production/_ext/1824796116/pmm.o
 .debug_abbrev  0x00001024      0x532 build/default/production/_ext/282161921/sw_timer.o
 .debug_abbrev  0x00001556      0x11c build/default/production/_ext/1824799377/system_task_manager.o
 .debug_abbrev  0x00001672      0x36d build/default/production/_ext/22805713/radio_driver_sx1276.o
 .debug_abbrev  0x000019df      0x443 build/default/production/_ext/1824799587/radio_get_set.o
 .debug_abbrev  0x00001e22      0x344 build/default/production/_ext/1824799587/radio_interface.o
 .debug_abbrev  0x00002166      0x343 build/default/production/_ext/1824799587/radio_lbt.o
 .debug_abbrev  0x000024a9      0x148 build/default/production/_ext/1824799587/radio_task_manager.o
 .debug_abbrev  0x000025f1      0x624 build/default/production/_ext/1824799587/radio_transaction.o
 .debug_abbrev  0x00002c15      0x17b build/default/production/_ext/60163342/plib_adc.o
 .debug_abbrev  0x00002d90      0x160 build/default/production/_ext/1984496892/plib_clock.o
 .debug_abbrev  0x00002ef0      0x1ae build/default/production/_ext/60167341/plib_eic.o
 .debug_abbrev  0x0000309e       0x3b build/default/production/_ext/1986646378/plib_evsys.o
 .debug_abbrev  0x000030d9      0x1e1 build/default/production/_ext/1865468468/plib_nvic.o
 .debug_abbrev  0x000032ba      0x2a7 build/default/production/_ext/1593096446/plib_nvmctrl.o
 .debug_abbrev  0x00003561       0xec build/default/production/_ext/829342769/plib_pm.o
 .debug_abbrev  0x0000364d      0x1d6 build/default/production/_ext/1865521619/plib_port.o
 .debug_abbrev  0x00003823       0xa6 build/default/production/_ext/1865585090/plib_rstc.o
 .debug_abbrev  0x000038c9      0x255 build/default/production/_ext/60180175/plib_rtc_timer.o
 .debug_abbrev  0x00003b1e      0x233 build/default/production/_ext/17022449/plib_sercom4_spi_master.o
 .debug_abbrev  0x00003d51      0x112 build/default/production/_ext/1865616679/plib_supc.o
 .debug_abbrev  0x00003e63      0x117 build/default/production/_ext/1827571544/plib_systick.o
 .debug_abbrev  0x00003f7a      0x218 build/default/production/_ext/829342655/plib_tc0.o
 .debug_abbrev  0x00004192      0x246 build/default/production/_ext/1881668453/sys_int.o
 .debug_abbrev  0x000043d8      0x245 build/default/production/_ext/1171490990/exceptions.o
 .debug_abbrev  0x0000461d      0x252 build/default/production/_ext/1171490990/interrupts.o
 .debug_abbrev  0x0000486f      0x11f build/default/production/_ext/1171490990/startup_xc32.o
 .debug_abbrev  0x0000498e      0x28b build/default/production/_ext/1171490990/initialization.o
 .debug_abbrev  0x00004c19      0x263 build/default/production/_ext/1530445869/tasks.o
 .debug_abbrev  0x00004e7c      0x440 build/default/production/_ext/1530445869/app.o
 .debug_abbrev  0x000052bc      0x27e build/default/production/_ext/1360937237/main.o
 .debug_abbrev  0x0000553a       0x2e c:/program files/microchip/xc32/v3.01/bin/bin/../../lib/gcc/pic32c/8.3.1/../../../../pic32c/lib/thumb/v6-m/nofp\libpic32c.a(data_init.o)
 .debug_abbrev  0x00005568       0x14 c:/program files/microchip/xc32/v3.01/bin/bin/../../lib/gcc/pic32c/8.3.1/thumb/v6-m/nofp\libgcc.a(_udivsi3.o)
 .debug_abbrev  0x0000557c       0x14 c:/program files/microchip/xc32/v3.01/bin/bin/../../lib/gcc/pic32c/8.3.1/thumb/v6-m/nofp\libgcc.a(_divsi3.o)
 .debug_abbrev  0x00005590       0x14 c:/program files/microchip/xc32/v3.01/bin/bin/../../lib/gcc/pic32c/8.3.1/thumb/v6-m/nofp\libgcc.a(_dvmd_tls.o)
 .debug_abbrev  0x000055a4       0x14 c:/program files/microchip/xc32/v3.01/bin/bin/../../lib/gcc/pic32c/8.3.1/thumb/v6-m/nofp\libgcc.a(_aeabi_uldivmod.o)
 .debug_abbrev  0x000055b8      0x130 c:/program files/microchip/xc32/v3.01/bin/bin/../../lib/gcc/pic32c/8.3.1/thumb/v6-m/nofp\libgcc.a(_fixunssfsi.o)
 .debug_abbrev  0x000056e8      0x144 c:/program files/microchip/xc32/v3.01/bin/bin/../../lib/gcc/pic32c/8.3.1/thumb/v6-m/nofp\libgcc.a(_fixunssfdi.o)
 .debug_abbrev  0x0000582c      0x157 c:/program files/microchip/xc32/v3.01/bin/bin/../../lib/gcc/pic32c/8.3.1/thumb/v6-m/nofp\libgcc.a(_udivmoddi4.o)
 .debug_abbrev  0x00005983      0x161 c:/program files/microchip/xc32/v3.01/bin/bin/../../lib/gcc/pic32c/8.3.1/thumb/v6-m/nofp\libgcc.a(mulsf3.o)
 .debug_abbrev  0x00005ae4      0x172 c:/program files/microchip/xc32/v3.01/bin/bin/../../lib/gcc/pic32c/8.3.1/thumb/v6-m/nofp\libgcc.a(subsf3.o)
 .debug_abbrev  0x00005c56      0x153 c:/program files/microchip/xc32/v3.01/bin/bin/../../lib/gcc/pic32c/8.3.1/thumb/v6-m/nofp\libgcc.a(fixsfsi.o)
 .debug_abbrev  0x00005da9      0x14d c:/program files/microchip/xc32/v3.01/bin/bin/../../lib/gcc/pic32c/8.3.1/thumb/v6-m/nofp\libgcc.a(floatunsisf.o)
 .debug_abbrev  0x00005ef6      0x16f c:/program files/microchip/xc32/v3.01/bin/bin/../../lib/gcc/pic32c/8.3.1/thumb/v6-m/nofp\libgcc.a(muldf3.o)
 .debug_abbrev  0x00006065      0x177 c:/program files/microchip/xc32/v3.01/bin/bin/../../lib/gcc/pic32c/8.3.1/thumb/v6-m/nofp\libgcc.a(subdf3.o)
 .debug_abbrev  0x000061dc      0x136 c:/program files/microchip/xc32/v3.01/bin/bin/../../lib/gcc/pic32c/8.3.1/thumb/v6-m/nofp\libgcc.a(floatunsidf.o)
 .debug_abbrev  0x00006312      0x127 c:/program files/microchip/xc32/v3.01/bin/bin/../../lib/gcc/pic32c/8.3.1/thumb/v6-m/nofp\libgcc.a(extendsfdf2.o)
 .debug_abbrev  0x00006439       0x14 c:/program files/microchip/xc32/v3.01/bin/bin/../../lib/gcc/pic32c/8.3.1/thumb/v6-m/nofp\libgcc.a(_arm_cmpsf2.o)
 .debug_abbrev  0x0000644d       0x14 c:/program files/microchip/xc32/v3.01/bin/bin/../../lib/gcc/pic32c/8.3.1/thumb/v6-m/nofp\libgcc.a(_clzsi2.o)
 .debug_abbrev  0x00006461       0x14 c:/program files/microchip/xc32/v3.01/bin/bin/../../lib/gcc/pic32c/8.3.1/thumb/v6-m/nofp\libgcc.a(_clzdi2.o)
 .debug_abbrev  0x00006475      0x130 c:/program files/microchip/xc32/v3.01/bin/bin/../../lib/gcc/pic32c/8.3.1/thumb/v6-m/nofp\libgcc.a(_fixunsdfsi.o)
 .debug_abbrev  0x000065a5      0x14a c:/program files/microchip/xc32/v3.01/bin/bin/../../lib/gcc/pic32c/8.3.1/thumb/v6-m/nofp\libgcc.a(eqsf2.o)
 .debug_abbrev  0x000066ef      0x14c c:/program files/microchip/xc32/v3.01/bin/bin/../../lib/gcc/pic32c/8.3.1/thumb/v6-m/nofp\libgcc.a(gesf2.o)
 .debug_abbrev  0x0000683b      0x14c c:/program files/microchip/xc32/v3.01/bin/bin/../../lib/gcc/pic32c/8.3.1/thumb/v6-m/nofp\libgcc.a(lesf2.o)
 .debug_abbrev  0x00006987      0x151 c:/program files/microchip/xc32/v3.01/bin/bin/../../lib/gcc/pic32c/8.3.1/thumb/v6-m/nofp\libgcc.a(fixdfsi.o)
 .debug_abbrev  0x00006ad8       0x14 c:/program files/microchip/xc32/v3.01/bin/bin/../../lib/gcc/pic32c/8.3.1/thumb/v6-m/nofp\libgcc.a(_arm_cmpdf2.o)
 .debug_abbrev  0x00006aec      0x15b c:/program files/microchip/xc32/v3.01/bin/bin/../../lib/gcc/pic32c/8.3.1/thumb/v6-m/nofp\libgcc.a(eqdf2.o)
 .debug_abbrev  0x00006c47      0x14c c:/program files/microchip/xc32/v3.01/bin/bin/../../lib/gcc/pic32c/8.3.1/thumb/v6-m/nofp\libgcc.a(gedf2.o)
 .debug_abbrev  0x00006d93      0x14c c:/program files/microchip/xc32/v3.01/bin/bin/../../lib/gcc/pic32c/8.3.1/thumb/v6-m/nofp\libgcc.a(ledf2.o)

.debug_loc      0x00000000     0xa73a
 .debug_loc     0x00000000      0x5b8 build/default/production/_ext/1824788055/radio_driver_hal.o
 .debug_loc     0x000005b8       0x7f build/default/production/_ext/1824788055/sleep.o
 .debug_loc     0x00000637       0xe4 build/default/production/_ext/1824788055/sleep_timer.o
 .debug_loc     0x0000071b      0x171 build/default/production/_ext/1824788055/sys.o
 .debug_loc     0x0000088c      0x2ff build/default/production/_ext/1824796116/pmm.o
 .debug_loc     0x00000b8b      0xa58 build/default/production/_ext/282161921/sw_timer.o
 .debug_loc     0x000015e3       0xa5 build/default/production/_ext/1824799377/system_task_manager.o
 .debug_loc     0x00001688      0x3fc build/default/production/_ext/22805713/radio_driver_sx1276.o
 .debug_loc     0x00001a84      0xbb1 build/default/production/_ext/1824799587/radio_get_set.o
 .debug_loc     0x00002635      0x238 build/default/production/_ext/1824799587/radio_interface.o
 .debug_loc     0x0000286d       0xc6 build/default/production/_ext/1824799587/radio_lbt.o
 .debug_loc     0x00002933       0xea build/default/production/_ext/1824799587/radio_task_manager.o
 .debug_loc     0x00002a1d      0x878 build/default/production/_ext/1824799587/radio_transaction.o
 .debug_loc     0x00003295      0x12a build/default/production/_ext/60163342/plib_adc.o
 .debug_loc     0x000033bf       0x55 build/default/production/_ext/1984496892/plib_clock.o
 .debug_loc     0x00003414      0x115 build/default/production/_ext/60167341/plib_eic.o
 .debug_loc     0x00003529       0x9c build/default/production/_ext/1865468468/plib_nvic.o
 .debug_loc     0x000035c5      0x3a4 build/default/production/_ext/1593096446/plib_nvmctrl.o
 .debug_loc     0x00003969       0x63 build/default/production/_ext/829342769/plib_pm.o
 .debug_loc     0x000039cc      0x226 build/default/production/_ext/1865521619/plib_port.o
 .debug_loc     0x00003bf2       0x6a build/default/production/_ext/60180175/plib_rtc_timer.o
 .debug_loc     0x00003c5c      0x665 build/default/production/_ext/17022449/plib_sercom4_spi_master.o
 .debug_loc     0x000042c1       0x83 build/default/production/_ext/1865616679/plib_supc.o
 .debug_loc     0x00004344      0x2d3 build/default/production/_ext/1827571544/plib_systick.o
 .debug_loc     0x00004617       0xe8 build/default/production/_ext/829342655/plib_tc0.o
 .debug_loc     0x000046ff      0x17d build/default/production/_ext/1881668453/sys_int.o
 .debug_loc     0x0000487c       0x20 build/default/production/_ext/1171490990/startup_xc32.o
 .debug_loc     0x0000489c       0x45 build/default/production/_ext/1171490990/initialization.o
 .debug_loc     0x000048e1       0x20 build/default/production/_ext/1530445869/tasks.o
 .debug_loc     0x00004901      0x226 build/default/production/_ext/1530445869/app.o
 .debug_loc     0x00004b27       0x20 build/default/production/_ext/1360937237/main.o
 .debug_loc     0x00004b47       0x14 c:/program files/microchip/xc32/v3.01/bin/bin/../../lib/gcc/pic32c/8.3.1/../../../../pic32c/lib/thumb/v6-m/nofp\libpic32c.a(data_init.o)
 .debug_loc     0x00004b5b       0x62 c:/program files/microchip/xc32/v3.01/bin/bin/../../lib/gcc/pic32c/8.3.1/thumb/v6-m/nofp\libgcc.a(_fixunssfsi.o)
 .debug_loc     0x00004bbd       0xed c:/program files/microchip/xc32/v3.01/bin/bin/../../lib/gcc/pic32c/8.3.1/thumb/v6-m/nofp\libgcc.a(_fixunssfdi.o)
 .debug_loc     0x00004caa      0x41c c:/program files/microchip/xc32/v3.01/bin/bin/../../lib/gcc/pic32c/8.3.1/thumb/v6-m/nofp\libgcc.a(_udivmoddi4.o)
 .debug_loc     0x000050c6      0x8ef c:/program files/microchip/xc32/v3.01/bin/bin/../../lib/gcc/pic32c/8.3.1/thumb/v6-m/nofp\libgcc.a(mulsf3.o)
 .debug_loc     0x000059b5      0x8e2 c:/program files/microchip/xc32/v3.01/bin/bin/../../lib/gcc/pic32c/8.3.1/thumb/v6-m/nofp\libgcc.a(subsf3.o)
 .debug_loc     0x00006297       0xf4 c:/program files/microchip/xc32/v3.01/bin/bin/../../lib/gcc/pic32c/8.3.1/thumb/v6-m/nofp\libgcc.a(fixsfsi.o)
 .debug_loc     0x0000638b      0x228 c:/program files/microchip/xc32/v3.01/bin/bin/../../lib/gcc/pic32c/8.3.1/thumb/v6-m/nofp\libgcc.a(floatunsisf.o)
 .debug_loc     0x000065b3     0x11a6 c:/program files/microchip/xc32/v3.01/bin/bin/../../lib/gcc/pic32c/8.3.1/thumb/v6-m/nofp\libgcc.a(muldf3.o)
 .debug_loc     0x00007759     0x192c c:/program files/microchip/xc32/v3.01/bin/bin/../../lib/gcc/pic32c/8.3.1/thumb/v6-m/nofp\libgcc.a(subdf3.o)
 .debug_loc     0x00009085      0x2ca c:/program files/microchip/xc32/v3.01/bin/bin/../../lib/gcc/pic32c/8.3.1/thumb/v6-m/nofp\libgcc.a(floatunsidf.o)
 .debug_loc     0x0000934f      0x26c c:/program files/microchip/xc32/v3.01/bin/bin/../../lib/gcc/pic32c/8.3.1/thumb/v6-m/nofp\libgcc.a(extendsfdf2.o)
 .debug_loc     0x000095bb       0x4d c:/program files/microchip/xc32/v3.01/bin/bin/../../lib/gcc/pic32c/8.3.1/thumb/v6-m/nofp\libgcc.a(_fixunsdfsi.o)
 .debug_loc     0x00009608      0x166 c:/program files/microchip/xc32/v3.01/bin/bin/../../lib/gcc/pic32c/8.3.1/thumb/v6-m/nofp\libgcc.a(eqsf2.o)
 .debug_loc     0x0000976e      0x27d c:/program files/microchip/xc32/v3.01/bin/bin/../../lib/gcc/pic32c/8.3.1/thumb/v6-m/nofp\libgcc.a(gesf2.o)
 .debug_loc     0x000099eb      0x272 c:/program files/microchip/xc32/v3.01/bin/bin/../../lib/gcc/pic32c/8.3.1/thumb/v6-m/nofp\libgcc.a(lesf2.o)
 .debug_loc     0x00009c5d      0x1a8 c:/program files/microchip/xc32/v3.01/bin/bin/../../lib/gcc/pic32c/8.3.1/thumb/v6-m/nofp\libgcc.a(fixdfsi.o)
 .debug_loc     0x00009e05      0x176 c:/program files/microchip/xc32/v3.01/bin/bin/../../lib/gcc/pic32c/8.3.1/thumb/v6-m/nofp\libgcc.a(eqdf2.o)
 .debug_loc     0x00009f7b      0x3e0 c:/program files/microchip/xc32/v3.01/bin/bin/../../lib/gcc/pic32c/8.3.1/thumb/v6-m/nofp\libgcc.a(gedf2.o)
 .debug_loc     0x0000a35b      0x3df c:/program files/microchip/xc32/v3.01/bin/bin/../../lib/gcc/pic32c/8.3.1/thumb/v6-m/nofp\libgcc.a(ledf2.o)

.debug_aranges  0x00000000      0xe88
 .debug_aranges
                0x00000000      0x108 build/default/production/_ext/1824788055/radio_driver_hal.o
 .debug_aranges
                0x00000108       0x20 build/default/production/_ext/1824788055/sleep.o
 .debug_aranges
                0x00000128       0x38 build/default/production/_ext/1824788055/sleep_timer.o
 .debug_aranges
                0x00000160       0x48 build/default/production/_ext/1824788055/sys.o
 .debug_aranges
                0x000001a8       0x28 build/default/production/_ext/1824796116/pmm.o
 .debug_aranges
                0x000001d0       0xb8 build/default/production/_ext/282161921/sw_timer.o
 .debug_aranges
                0x00000288       0x30 build/default/production/_ext/1824799377/system_task_manager.o
 .debug_aranges
                0x000002b8       0x40 build/default/production/_ext/22805713/radio_driver_sx1276.o
 .debug_aranges
                0x000002f8       0x40 build/default/production/_ext/1824799587/radio_get_set.o
 .debug_aranges
                0x00000338       0x58 build/default/production/_ext/1824799587/radio_interface.o
 .debug_aranges
                0x00000390       0x30 build/default/production/_ext/1824799587/radio_lbt.o
 .debug_aranges
                0x000003c0       0x30 build/default/production/_ext/1824799587/radio_task_manager.o
 .debug_aranges
                0x000003f0      0x108 build/default/production/_ext/1824799587/radio_transaction.o
 .debug_aranges
                0x000004f8       0x80 build/default/production/_ext/60163342/plib_adc.o
 .debug_aranges
                0x00000578       0x20 build/default/production/_ext/1984496892/plib_clock.o
 .debug_aranges
                0x00000598       0x40 build/default/production/_ext/60167341/plib_eic.o
 .debug_aranges
                0x000005d8       0x20 build/default/production/_ext/1986646378/plib_evsys.o
 .debug_aranges
                0x000005f8       0x38 build/default/production/_ext/1865468468/plib_nvic.o
 .debug_aranges
                0x00000630       0x78 build/default/production/_ext/1593096446/plib_nvmctrl.o
 .debug_aranges
                0x000006a8       0x58 build/default/production/_ext/829342769/plib_pm.o
 .debug_aranges
                0x00000700       0x70 build/default/production/_ext/1865521619/plib_port.o
 .debug_aranges
                0x00000770       0x38 build/default/production/_ext/1865585090/plib_rstc.o
 .debug_aranges
                0x000007a8       0x78 build/default/production/_ext/60180175/plib_rtc_timer.o
 .debug_aranges
                0x00000820       0x48 build/default/production/_ext/17022449/plib_sercom4_spi_master.o
 .debug_aranges
                0x00000868       0x40 build/default/production/_ext/1865616679/plib_supc.o
 .debug_aranges
                0x000008a8       0x70 build/default/production/_ext/1827571544/plib_systick.o
 .debug_aranges
                0x00000918       0x78 build/default/production/_ext/829342655/plib_tc0.o
 .debug_aranges
                0x00000990       0x40 build/default/production/_ext/1881668453/sys_int.o
 .debug_aranges
                0x000009d0       0x28 build/default/production/_ext/1171490990/exceptions.o
 .debug_aranges
                0x000009f8       0x20 build/default/production/_ext/1171490990/interrupts.o
 .debug_aranges
                0x00000a18       0x28 build/default/production/_ext/1171490990/startup_xc32.o
 .debug_aranges
                0x00000a40       0x20 build/default/production/_ext/1171490990/initialization.o
 .debug_aranges
                0x00000a60       0x20 build/default/production/_ext/1530445869/tasks.o
 .debug_aranges
                0x00000a80       0x68 build/default/production/_ext/1530445869/app.o
 .debug_aranges
                0x00000ae8       0x20 build/default/production/_ext/1360937237/main.o
 .debug_aranges
                0x00000b08       0x20 c:/program files/microchip/xc32/v3.01/bin/bin/../../lib/gcc/pic32c/8.3.1/../../../../pic32c/lib/thumb/v6-m/nofp\libpic32c.a(data_init.o)
 .debug_aranges
                0x00000b28       0x20 c:/program files/microchip/xc32/v3.01/bin/bin/../../lib/gcc/pic32c/8.3.1/thumb/v6-m/nofp\libgcc.a(_udivsi3.o)
 .debug_aranges
                0x00000b48       0x20 c:/program files/microchip/xc32/v3.01/bin/bin/../../lib/gcc/pic32c/8.3.1/thumb/v6-m/nofp\libgcc.a(_divsi3.o)
 .debug_aranges
                0x00000b68       0x20 c:/program files/microchip/xc32/v3.01/bin/bin/../../lib/gcc/pic32c/8.3.1/thumb/v6-m/nofp\libgcc.a(_dvmd_tls.o)
 .debug_aranges
                0x00000b88       0x20 c:/program files/microchip/xc32/v3.01/bin/bin/../../lib/gcc/pic32c/8.3.1/thumb/v6-m/nofp\libgcc.a(_aeabi_uldivmod.o)
 .debug_aranges
                0x00000ba8       0x20 c:/program files/microchip/xc32/v3.01/bin/bin/../../lib/gcc/pic32c/8.3.1/thumb/v6-m/nofp\libgcc.a(_fixunssfsi.o)
 .debug_aranges
                0x00000bc8       0x20 c:/program files/microchip/xc32/v3.01/bin/bin/../../lib/gcc/pic32c/8.3.1/thumb/v6-m/nofp\libgcc.a(_fixunssfdi.o)
 .debug_aranges
                0x00000be8       0x20 c:/program files/microchip/xc32/v3.01/bin/bin/../../lib/gcc/pic32c/8.3.1/thumb/v6-m/nofp\libgcc.a(_udivmoddi4.o)
 .debug_aranges
                0x00000c08       0x20 c:/program files/microchip/xc32/v3.01/bin/bin/../../lib/gcc/pic32c/8.3.1/thumb/v6-m/nofp\libgcc.a(mulsf3.o)
 .debug_aranges
                0x00000c28       0x20 c:/program files/microchip/xc32/v3.01/bin/bin/../../lib/gcc/pic32c/8.3.1/thumb/v6-m/nofp\libgcc.a(subsf3.o)
 .debug_aranges
                0x00000c48       0x20 c:/program files/microchip/xc32/v3.01/bin/bin/../../lib/gcc/pic32c/8.3.1/thumb/v6-m/nofp\libgcc.a(fixsfsi.o)
 .debug_aranges
                0x00000c68       0x20 c:/program files/microchip/xc32/v3.01/bin/bin/../../lib/gcc/pic32c/8.3.1/thumb/v6-m/nofp\libgcc.a(floatunsisf.o)
 .debug_aranges
                0x00000c88       0x20 c:/program files/microchip/xc32/v3.01/bin/bin/../../lib/gcc/pic32c/8.3.1/thumb/v6-m/nofp\libgcc.a(muldf3.o)
 .debug_aranges
                0x00000ca8       0x20 c:/program files/microchip/xc32/v3.01/bin/bin/../../lib/gcc/pic32c/8.3.1/thumb/v6-m/nofp\libgcc.a(subdf3.o)
 .debug_aranges
                0x00000cc8       0x20 c:/program files/microchip/xc32/v3.01/bin/bin/../../lib/gcc/pic32c/8.3.1/thumb/v6-m/nofp\libgcc.a(floatunsidf.o)
 .debug_aranges
                0x00000ce8       0x20 c:/program files/microchip/xc32/v3.01/bin/bin/../../lib/gcc/pic32c/8.3.1/thumb/v6-m/nofp\libgcc.a(extendsfdf2.o)
 .debug_aranges
                0x00000d08       0x20 c:/program files/microchip/xc32/v3.01/bin/bin/../../lib/gcc/pic32c/8.3.1/thumb/v6-m/nofp\libgcc.a(_arm_cmpsf2.o)
 .debug_aranges
                0x00000d28       0x20 c:/program files/microchip/xc32/v3.01/bin/bin/../../lib/gcc/pic32c/8.3.1/thumb/v6-m/nofp\libgcc.a(_clzsi2.o)
 .debug_aranges
                0x00000d48       0x20 c:/program files/microchip/xc32/v3.01/bin/bin/../../lib/gcc/pic32c/8.3.1/thumb/v6-m/nofp\libgcc.a(_clzdi2.o)
 .debug_aranges
                0x00000d68       0x20 c:/program files/microchip/xc32/v3.01/bin/bin/../../lib/gcc/pic32c/8.3.1/thumb/v6-m/nofp\libgcc.a(_fixunsdfsi.o)
 .debug_aranges
                0x00000d88       0x20 c:/program files/microchip/xc32/v3.01/bin/bin/../../lib/gcc/pic32c/8.3.1/thumb/v6-m/nofp\libgcc.a(eqsf2.o)
 .debug_aranges
                0x00000da8       0x20 c:/program files/microchip/xc32/v3.01/bin/bin/../../lib/gcc/pic32c/8.3.1/thumb/v6-m/nofp\libgcc.a(gesf2.o)
 .debug_aranges
                0x00000dc8       0x20 c:/program files/microchip/xc32/v3.01/bin/bin/../../lib/gcc/pic32c/8.3.1/thumb/v6-m/nofp\libgcc.a(lesf2.o)
 .debug_aranges
                0x00000de8       0x20 c:/program files/microchip/xc32/v3.01/bin/bin/../../lib/gcc/pic32c/8.3.1/thumb/v6-m/nofp\libgcc.a(fixdfsi.o)
 .debug_aranges
                0x00000e08       0x20 c:/program files/microchip/xc32/v3.01/bin/bin/../../lib/gcc/pic32c/8.3.1/thumb/v6-m/nofp\libgcc.a(_arm_cmpdf2.o)
 .debug_aranges
                0x00000e28       0x20 c:/program files/microchip/xc32/v3.01/bin/bin/../../lib/gcc/pic32c/8.3.1/thumb/v6-m/nofp\libgcc.a(eqdf2.o)
 .debug_aranges
                0x00000e48       0x20 c:/program files/microchip/xc32/v3.01/bin/bin/../../lib/gcc/pic32c/8.3.1/thumb/v6-m/nofp\libgcc.a(gedf2.o)
 .debug_aranges
                0x00000e68       0x20 c:/program files/microchip/xc32/v3.01/bin/bin/../../lib/gcc/pic32c/8.3.1/thumb/v6-m/nofp\libgcc.a(ledf2.o)

.debug_ranges   0x00000000     0x1498
 .debug_ranges  0x00000000      0x1b8 build/default/production/_ext/1824788055/radio_driver_hal.o
 .debug_ranges  0x000001b8       0x10 build/default/production/_ext/1824788055/sleep.o
 .debug_ranges  0x000001c8       0x28 build/default/production/_ext/1824788055/sleep_timer.o
 .debug_ranges  0x000001f0       0x68 build/default/production/_ext/1824788055/sys.o
 .debug_ranges  0x00000258       0x48 build/default/production/_ext/1824796116/pmm.o
 .debug_ranges  0x000002a0       0xd8 build/default/production/_ext/282161921/sw_timer.o
 .debug_ranges  0x00000378       0x40 build/default/production/_ext/1824799377/system_task_manager.o
 .debug_ranges  0x000003b8       0x30 build/default/production/_ext/22805713/radio_driver_sx1276.o
 .debug_ranges  0x000003e8      0x158 build/default/production/_ext/1824799587/radio_get_set.o
 .debug_ranges  0x00000540       0x48 build/default/production/_ext/1824799587/radio_interface.o
 .debug_ranges  0x00000588       0x20 build/default/production/_ext/1824799587/radio_lbt.o
 .debug_ranges  0x000005a8       0x38 build/default/production/_ext/1824799587/radio_task_manager.o
 .debug_ranges  0x000005e0      0x110 build/default/production/_ext/1824799587/radio_transaction.o
 .debug_ranges  0x000006f0       0x70 build/default/production/_ext/60163342/plib_adc.o
 .debug_ranges  0x00000760       0x10 build/default/production/_ext/1984496892/plib_clock.o
 .debug_ranges  0x00000770       0x30 build/default/production/_ext/60167341/plib_eic.o
 .debug_ranges  0x000007a0       0x10 build/default/production/_ext/1986646378/plib_evsys.o
 .debug_ranges  0x000007b0       0x28 build/default/production/_ext/1865468468/plib_nvic.o
 .debug_ranges  0x000007d8       0x68 build/default/production/_ext/1593096446/plib_nvmctrl.o
 .debug_ranges  0x00000840       0x48 build/default/production/_ext/829342769/plib_pm.o
 .debug_ranges  0x00000888       0x60 build/default/production/_ext/1865521619/plib_port.o
 .debug_ranges  0x000008e8       0x28 build/default/production/_ext/1865585090/plib_rstc.o
 .debug_ranges  0x00000910       0x68 build/default/production/_ext/60180175/plib_rtc_timer.o
 .debug_ranges  0x00000978       0x38 build/default/production/_ext/17022449/plib_sercom4_spi_master.o
 .debug_ranges  0x000009b0       0x30 build/default/production/_ext/1865616679/plib_supc.o
 .debug_ranges  0x000009e0       0x60 build/default/production/_ext/1827571544/plib_systick.o
 .debug_ranges  0x00000a40       0x68 build/default/production/_ext/829342655/plib_tc0.o
 .debug_ranges  0x00000aa8       0x48 build/default/production/_ext/1881668453/sys_int.o
 .debug_ranges  0x00000af0       0x18 build/default/production/_ext/1171490990/exceptions.o
 .debug_ranges  0x00000b08       0x10 build/default/production/_ext/1171490990/interrupts.o
 .debug_ranges  0x00000b18       0x18 build/default/production/_ext/1171490990/startup_xc32.o
 .debug_ranges  0x00000b30       0x10 build/default/production/_ext/1171490990/initialization.o
 .debug_ranges  0x00000b40       0x10 build/default/production/_ext/1530445869/tasks.o
 .debug_ranges  0x00000b50       0x58 build/default/production/_ext/1530445869/app.o
 .debug_ranges  0x00000ba8       0x10 build/default/production/_ext/1360937237/main.o
 .debug_ranges  0x00000bb8       0x10 c:/program files/microchip/xc32/v3.01/bin/bin/../../lib/gcc/pic32c/8.3.1/../../../../pic32c/lib/thumb/v6-m/nofp\libpic32c.a(data_init.o)
 .debug_ranges  0x00000bc8       0x58 c:/program files/microchip/xc32/v3.01/bin/bin/../../lib/gcc/pic32c/8.3.1/thumb/v6-m/nofp\libgcc.a(mulsf3.o)
 .debug_ranges  0x00000c20      0x198 c:/program files/microchip/xc32/v3.01/bin/bin/../../lib/gcc/pic32c/8.3.1/thumb/v6-m/nofp\libgcc.a(subsf3.o)
 .debug_ranges  0x00000db8       0x38 c:/program files/microchip/xc32/v3.01/bin/bin/../../lib/gcc/pic32c/8.3.1/thumb/v6-m/nofp\libgcc.a(floatunsisf.o)
 .debug_ranges  0x00000df0      0x1d0 c:/program files/microchip/xc32/v3.01/bin/bin/../../lib/gcc/pic32c/8.3.1/thumb/v6-m/nofp\libgcc.a(muldf3.o)
 .debug_ranges  0x00000fc0      0x238 c:/program files/microchip/xc32/v3.01/bin/bin/../../lib/gcc/pic32c/8.3.1/thumb/v6-m/nofp\libgcc.a(subdf3.o)
 .debug_ranges  0x000011f8       0x50 c:/program files/microchip/xc32/v3.01/bin/bin/../../lib/gcc/pic32c/8.3.1/thumb/v6-m/nofp\libgcc.a(floatunsidf.o)
 .debug_ranges  0x00001248       0x38 c:/program files/microchip/xc32/v3.01/bin/bin/../../lib/gcc/pic32c/8.3.1/thumb/v6-m/nofp\libgcc.a(extendsfdf2.o)
 .debug_ranges  0x00001280       0x30 c:/program files/microchip/xc32/v3.01/bin/bin/../../lib/gcc/pic32c/8.3.1/thumb/v6-m/nofp\libgcc.a(eqsf2.o)
 .debug_ranges  0x000012b0       0x58 c:/program files/microchip/xc32/v3.01/bin/bin/../../lib/gcc/pic32c/8.3.1/thumb/v6-m/nofp\libgcc.a(gesf2.o)
 .debug_ranges  0x00001308       0x58 c:/program files/microchip/xc32/v3.01/bin/bin/../../lib/gcc/pic32c/8.3.1/thumb/v6-m/nofp\libgcc.a(lesf2.o)
 .debug_ranges  0x00001360       0x18 c:/program files/microchip/xc32/v3.01/bin/bin/../../lib/gcc/pic32c/8.3.1/thumb/v6-m/nofp\libgcc.a(fixdfsi.o)
 .debug_ranges  0x00001378       0x48 c:/program files/microchip/xc32/v3.01/bin/bin/../../lib/gcc/pic32c/8.3.1/thumb/v6-m/nofp\libgcc.a(eqdf2.o)
 .debug_ranges  0x000013c0       0x70 c:/program files/microchip/xc32/v3.01/bin/bin/../../lib/gcc/pic32c/8.3.1/thumb/v6-m/nofp\libgcc.a(gedf2.o)
 .debug_ranges  0x00001430       0x68 c:/program files/microchip/xc32/v3.01/bin/bin/../../lib/gcc/pic32c/8.3.1/thumb/v6-m/nofp\libgcc.a(ledf2.o)

.debug_line     0x00000000     0xd150
 .debug_line    0x00000000      0x9f5 build/default/production/_ext/1824788055/radio_driver_hal.o
 .debug_line    0x000009f5      0x2ea build/default/production/_ext/1824788055/sleep.o
 .debug_line    0x00000cdf      0x32a build/default/production/_ext/1824788055/sleep_timer.o
 .debug_line    0x00001009      0x469 build/default/production/_ext/1824788055/sys.o
 .debug_line    0x00001472      0x4c5 build/default/production/_ext/1824796116/pmm.o
 .debug_line    0x00001937      0xa99 build/default/production/_ext/282161921/sw_timer.o
 .debug_line    0x000023d0      0x1ec build/default/production/_ext/1824799377/system_task_manager.o
 .debug_line    0x000025bc      0x4d8 build/default/production/_ext/22805713/radio_driver_sx1276.o
 .debug_line    0x00002a94      0xceb build/default/production/_ext/1824799587/radio_get_set.o
 .debug_line    0x0000377f      0x4c2 build/default/production/_ext/1824799587/radio_interface.o
 .debug_line    0x00003c41      0x465 build/default/production/_ext/1824799587/radio_lbt.o
 .debug_line    0x000040a6      0x220 build/default/production/_ext/1824799587/radio_task_manager.o
 .debug_line    0x000042c6     0x1353 build/default/production/_ext/1824799587/radio_transaction.o
 .debug_line    0x00005619      0x3b3 build/default/production/_ext/60163342/plib_adc.o
 .debug_line    0x000059cc      0x348 build/default/production/_ext/1984496892/plib_clock.o
 .debug_line    0x00005d14      0x2ee build/default/production/_ext/60167341/plib_eic.o
 .debug_line    0x00006002       0x66 build/default/production/_ext/1986646378/plib_evsys.o
 .debug_line    0x00006068      0x32c build/default/production/_ext/1865468468/plib_nvic.o
 .debug_line    0x00006394      0x3b2 build/default/production/_ext/1593096446/plib_nvmctrl.o
 .debug_line    0x00006746      0x2db build/default/production/_ext/829342769/plib_pm.o
 .debug_line    0x00006a21      0x32e build/default/production/_ext/1865521619/plib_port.o
 .debug_line    0x00006d4f      0x190 build/default/production/_ext/1865585090/plib_rstc.o
 .debug_line    0x00006edf      0x3eb build/default/production/_ext/60180175/plib_rtc_timer.o
 .debug_line    0x000072ca      0x55b build/default/production/_ext/17022449/plib_sercom4_spi_master.o
 .debug_line    0x00007825      0x24f build/default/production/_ext/1865616679/plib_supc.o
 .debug_line    0x00007a74      0x360 build/default/production/_ext/1827571544/plib_systick.o
 .debug_line    0x00007dd4      0x3d4 build/default/production/_ext/829342655/plib_tc0.o
 .debug_line    0x000081a8      0x30f build/default/production/_ext/1881668453/sys_int.o
 .debug_line    0x000084b7      0x2a9 build/default/production/_ext/1171490990/exceptions.o
 .debug_line    0x00008760      0x2a8 build/default/production/_ext/1171490990/interrupts.o
 .debug_line    0x00008a08      0x1a1 build/default/production/_ext/1171490990/startup_xc32.o
 .debug_line    0x00008ba9      0x643 build/default/production/_ext/1171490990/initialization.o
 .debug_line    0x000091ec      0x2db build/default/production/_ext/1530445869/tasks.o
 .debug_line    0x000094c7      0x77b build/default/production/_ext/1530445869/app.o
 .debug_line    0x00009c42      0x2a8 build/default/production/_ext/1360937237/main.o
 .debug_line    0x00009eea      0x132 c:/program files/microchip/xc32/v3.01/bin/bin/../../lib/gcc/pic32c/8.3.1/../../../../pic32c/lib/thumb/v6-m/nofp\libpic32c.a(data_init.o)
 .debug_line    0x0000a01c       0xa8 c:/program files/microchip/xc32/v3.01/bin/bin/../../lib/gcc/pic32c/8.3.1/thumb/v6-m/nofp\libgcc.a(_udivsi3.o)
 .debug_line    0x0000a0c4       0xaf c:/program files/microchip/xc32/v3.01/bin/bin/../../lib/gcc/pic32c/8.3.1/thumb/v6-m/nofp\libgcc.a(_divsi3.o)
 .debug_line    0x0000a173       0x9c c:/program files/microchip/xc32/v3.01/bin/bin/../../lib/gcc/pic32c/8.3.1/thumb/v6-m/nofp\libgcc.a(_dvmd_tls.o)
 .debug_line    0x0000a20f       0xa7 c:/program files/microchip/xc32/v3.01/bin/bin/../../lib/gcc/pic32c/8.3.1/thumb/v6-m/nofp\libgcc.a(_aeabi_uldivmod.o)
 .debug_line    0x0000a2b6      0x2cb c:/program files/microchip/xc32/v3.01/bin/bin/../../lib/gcc/pic32c/8.3.1/thumb/v6-m/nofp\libgcc.a(_fixunssfsi.o)
 .debug_line    0x0000a581      0x2d0 c:/program files/microchip/xc32/v3.01/bin/bin/../../lib/gcc/pic32c/8.3.1/thumb/v6-m/nofp\libgcc.a(_fixunssfdi.o)
 .debug_line    0x0000a851      0x3d7 c:/program files/microchip/xc32/v3.01/bin/bin/../../lib/gcc/pic32c/8.3.1/thumb/v6-m/nofp\libgcc.a(_udivmoddi4.o)
 .debug_line    0x0000ac28      0x279 c:/program files/microchip/xc32/v3.01/bin/bin/../../lib/gcc/pic32c/8.3.1/thumb/v6-m/nofp\libgcc.a(mulsf3.o)
 .debug_line    0x0000aea1      0x314 c:/program files/microchip/xc32/v3.01/bin/bin/../../lib/gcc/pic32c/8.3.1/thumb/v6-m/nofp\libgcc.a(subsf3.o)
 .debug_line    0x0000b1b5      0x154 c:/program files/microchip/xc32/v3.01/bin/bin/../../lib/gcc/pic32c/8.3.1/thumb/v6-m/nofp\libgcc.a(fixsfsi.o)
 .debug_line    0x0000b309      0x18e c:/program files/microchip/xc32/v3.01/bin/bin/../../lib/gcc/pic32c/8.3.1/thumb/v6-m/nofp\libgcc.a(floatunsisf.o)
 .debug_line    0x0000b497      0x3b3 c:/program files/microchip/xc32/v3.01/bin/bin/../../lib/gcc/pic32c/8.3.1/thumb/v6-m/nofp\libgcc.a(muldf3.o)
 .debug_line    0x0000b84a      0x50d c:/program files/microchip/xc32/v3.01/bin/bin/../../lib/gcc/pic32c/8.3.1/thumb/v6-m/nofp\libgcc.a(subdf3.o)
 .debug_line    0x0000bd57      0x17b c:/program files/microchip/xc32/v3.01/bin/bin/../../lib/gcc/pic32c/8.3.1/thumb/v6-m/nofp\libgcc.a(floatunsidf.o)
 .debug_line    0x0000bed2      0x1b2 c:/program files/microchip/xc32/v3.01/bin/bin/../../lib/gcc/pic32c/8.3.1/thumb/v6-m/nofp\libgcc.a(extendsfdf2.o)
 .debug_line    0x0000c084       0xb1 c:/program files/microchip/xc32/v3.01/bin/bin/../../lib/gcc/pic32c/8.3.1/thumb/v6-m/nofp\libgcc.a(_arm_cmpsf2.o)
 .debug_line    0x0000c135       0xb0 c:/program files/microchip/xc32/v3.01/bin/bin/../../lib/gcc/pic32c/8.3.1/thumb/v6-m/nofp\libgcc.a(_clzsi2.o)
 .debug_line    0x0000c1e5       0xa6 c:/program files/microchip/xc32/v3.01/bin/bin/../../lib/gcc/pic32c/8.3.1/thumb/v6-m/nofp\libgcc.a(_clzdi2.o)
 .debug_line    0x0000c28b      0x2c7 c:/program files/microchip/xc32/v3.01/bin/bin/../../lib/gcc/pic32c/8.3.1/thumb/v6-m/nofp\libgcc.a(_fixunsdfsi.o)
 .debug_line    0x0000c552      0x179 c:/program files/microchip/xc32/v3.01/bin/bin/../../lib/gcc/pic32c/8.3.1/thumb/v6-m/nofp\libgcc.a(eqsf2.o)
 .debug_line    0x0000c6cb      0x1a8 c:/program files/microchip/xc32/v3.01/bin/bin/../../lib/gcc/pic32c/8.3.1/thumb/v6-m/nofp\libgcc.a(gesf2.o)
 .debug_line    0x0000c873      0x1a4 c:/program files/microchip/xc32/v3.01/bin/bin/../../lib/gcc/pic32c/8.3.1/thumb/v6-m/nofp\libgcc.a(lesf2.o)
 .debug_line    0x0000ca17      0x16e c:/program files/microchip/xc32/v3.01/bin/bin/../../lib/gcc/pic32c/8.3.1/thumb/v6-m/nofp\libgcc.a(fixdfsi.o)
 .debug_line    0x0000cb85       0xb4 c:/program files/microchip/xc32/v3.01/bin/bin/../../lib/gcc/pic32c/8.3.1/thumb/v6-m/nofp\libgcc.a(_arm_cmpdf2.o)
 .debug_line    0x0000cc39      0x187 c:/program files/microchip/xc32/v3.01/bin/bin/../../lib/gcc/pic32c/8.3.1/thumb/v6-m/nofp\libgcc.a(eqdf2.o)
 .debug_line    0x0000cdc0      0x1ca c:/program files/microchip/xc32/v3.01/bin/bin/../../lib/gcc/pic32c/8.3.1/thumb/v6-m/nofp\libgcc.a(gedf2.o)
 .debug_line    0x0000cf8a      0x1c6 c:/program files/microchip/xc32/v3.01/bin/bin/../../lib/gcc/pic32c/8.3.1/thumb/v6-m/nofp\libgcc.a(ledf2.o)

.debug_str      0x00000000     0x2078
 .debug_str     0x00000000      0x1d7 build/default/production/_ext/1824788055/radio_driver_hal.o
 .debug_str     0x000001d7       0x78 build/default/production/_ext/1824788055/sleep.o
 .debug_str     0x0000024f       0xf7 build/default/production/_ext/1824788055/sleep_timer.o
 .debug_str     0x00000346       0xd3 build/default/production/_ext/1824788055/sys.o
 .debug_str     0x00000419       0xe4 build/default/production/_ext/1824796116/pmm.o
 .debug_str     0x000004fd      0x1e6 build/default/production/_ext/282161921/sw_timer.o
 .debug_str     0x000006e3       0x3c build/default/production/_ext/1824799377/system_task_manager.o
 .debug_str     0x0000071f      0x10b build/default/production/_ext/22805713/radio_driver_sx1276.o
 .debug_str     0x0000082a      0x11f build/default/production/_ext/1824799587/radio_get_set.o
 .debug_str     0x00000949      0x137 build/default/production/_ext/1824799587/radio_interface.o
 .debug_str     0x00000a80      0x13f build/default/production/_ext/1824799587/radio_lbt.o
 .debug_str     0x00000bbf       0x4c build/default/production/_ext/1824799587/radio_task_manager.o
 .debug_str     0x00000c0b      0x286 build/default/production/_ext/1824799587/radio_transaction.o
 .debug_str     0x00000e91        0xe build/default/production/_ext/60163342/plib_adc.o
 .debug_str     0x00000e9f       0x1e build/default/production/_ext/1984496892/plib_clock.o
 .debug_str     0x00000ebd        0x9 build/default/production/_ext/60167341/plib_eic.o
 .debug_str     0x00000ec6        0x0 build/default/production/_ext/1986646378/plib_evsys.o
 .debug_str     0x00000ec6        0xa build/default/production/_ext/1865468468/plib_nvic.o
 .debug_str     0x00000ed0       0x1f build/default/production/_ext/1593096446/plib_nvmctrl.o
 .debug_str     0x00000eef        0x0 build/default/production/_ext/829342769/plib_pm.o
 .debug_str     0x00000eef        0xb build/default/production/_ext/1865521619/plib_port.o
 .debug_str     0x00000efa        0x0 build/default/production/_ext/1865585090/plib_rstc.o
 .debug_str     0x00000efa       0xc9 build/default/production/_ext/60180175/plib_rtc_timer.o
 .debug_str     0x00000fc3      0x110 build/default/production/_ext/17022449/plib_sercom4_spi_master.o
 .debug_str     0x000010d3        0x0 build/default/production/_ext/1865616679/plib_supc.o
 .debug_str     0x000010d3       0x3c build/default/production/_ext/1827571544/plib_systick.o
 .debug_str     0x0000110f       0xcf build/default/production/_ext/829342655/plib_tc0.o
 .debug_str     0x000011de       0x32 build/default/production/_ext/1881668453/sys_int.o
 .debug_str     0x00001210       0x51 build/default/production/_ext/1171490990/exceptions.o
 .debug_str     0x00001261       0x51 build/default/production/_ext/1171490990/interrupts.o
 .debug_str     0x000012b2       0x2f build/default/production/_ext/1171490990/startup_xc32.o
 .debug_str     0x000012e1      0x172 build/default/production/_ext/1171490990/initialization.o
 .debug_str     0x00001453       0x6b build/default/production/_ext/1530445869/tasks.o
 .debug_str     0x000014be      0x1f8 build/default/production/_ext/1530445869/app.o
 .debug_str     0x000016b6       0x6a build/default/production/_ext/1360937237/main.o
 .debug_str     0x00001720        0x0 c:/program files/microchip/xc32/v3.01/bin/bin/../../lib/gcc/pic32c/8.3.1/../../../../pic32c/lib/thumb/v6-m/nofp\libpic32c.a(data_init.o)
 .debug_str     0x00001720       0xee c:/program files/microchip/xc32/v3.01/bin/bin/../../lib/gcc/pic32c/8.3.1/thumb/v6-m/nofp\libgcc.a(_udivsi3.o)
 .debug_str     0x0000180e       0xee c:/program files/microchip/xc32/v3.01/bin/bin/../../lib/gcc/pic32c/8.3.1/thumb/v6-m/nofp\libgcc.a(_divsi3.o)
 .debug_str     0x000018fc       0xee c:/program files/microchip/xc32/v3.01/bin/bin/../../lib/gcc/pic32c/8.3.1/thumb/v6-m/nofp\libgcc.a(_dvmd_tls.o)
 .debug_str     0x000019ea       0xee c:/program files/microchip/xc32/v3.01/bin/bin/../../lib/gcc/pic32c/8.3.1/thumb/v6-m/nofp\libgcc.a(_aeabi_uldivmod.o)
 .debug_str     0x00001ad8        0x0 c:/program files/microchip/xc32/v3.01/bin/bin/../../lib/gcc/pic32c/8.3.1/thumb/v6-m/nofp\libgcc.a(_fixunssfsi.o)
 .debug_str     0x00001ad8        0x0 c:/program files/microchip/xc32/v3.01/bin/bin/../../lib/gcc/pic32c/8.3.1/thumb/v6-m/nofp\libgcc.a(_fixunssfdi.o)
 .debug_str     0x00001ad8        0x0 c:/program files/microchip/xc32/v3.01/bin/bin/../../lib/gcc/pic32c/8.3.1/thumb/v6-m/nofp\libgcc.a(_udivmoddi4.o)
 .debug_str     0x00001ad8       0x30 c:/program files/microchip/xc32/v3.01/bin/bin/../../lib/gcc/pic32c/8.3.1/thumb/v6-m/nofp\libgcc.a(mulsf3.o)
 .debug_str     0x00001b08       0x2c c:/program files/microchip/xc32/v3.01/bin/bin/../../lib/gcc/pic32c/8.3.1/thumb/v6-m/nofp\libgcc.a(subsf3.o)
 .debug_str     0x00001b34       0x13 c:/program files/microchip/xc32/v3.01/bin/bin/../../lib/gcc/pic32c/8.3.1/thumb/v6-m/nofp\libgcc.a(fixsfsi.o)
 .debug_str     0x00001b47        0x0 c:/program files/microchip/xc32/v3.01/bin/bin/../../lib/gcc/pic32c/8.3.1/thumb/v6-m/nofp\libgcc.a(floatunsisf.o)
 .debug_str     0x00001b47       0x56 c:/program files/microchip/xc32/v3.01/bin/bin/../../lib/gcc/pic32c/8.3.1/thumb/v6-m/nofp\libgcc.a(muldf3.o)
 .debug_str     0x00001b9d       0x2c c:/program files/microchip/xc32/v3.01/bin/bin/../../lib/gcc/pic32c/8.3.1/thumb/v6-m/nofp\libgcc.a(subdf3.o)
 .debug_str     0x00001bc9        0x0 c:/program files/microchip/xc32/v3.01/bin/bin/../../lib/gcc/pic32c/8.3.1/thumb/v6-m/nofp\libgcc.a(floatunsidf.o)
 .debug_str     0x00001bc9        0x0 c:/program files/microchip/xc32/v3.01/bin/bin/../../lib/gcc/pic32c/8.3.1/thumb/v6-m/nofp\libgcc.a(extendsfdf2.o)
 .debug_str     0x00001bc9       0xee c:/program files/microchip/xc32/v3.01/bin/bin/../../lib/gcc/pic32c/8.3.1/thumb/v6-m/nofp\libgcc.a(_arm_cmpsf2.o)
 .debug_str     0x00001cb7       0xee c:/program files/microchip/xc32/v3.01/bin/bin/../../lib/gcc/pic32c/8.3.1/thumb/v6-m/nofp\libgcc.a(_clzsi2.o)
 .debug_str     0x00001da5       0xee c:/program files/microchip/xc32/v3.01/bin/bin/../../lib/gcc/pic32c/8.3.1/thumb/v6-m/nofp\libgcc.a(_clzdi2.o)
 .debug_str     0x00001e93        0x0 c:/program files/microchip/xc32/v3.01/bin/bin/../../lib/gcc/pic32c/8.3.1/thumb/v6-m/nofp\libgcc.a(_fixunsdfsi.o)
 .debug_str     0x00001e93       0x26 c:/program files/microchip/xc32/v3.01/bin/bin/../../lib/gcc/pic32c/8.3.1/thumb/v6-m/nofp\libgcc.a(eqsf2.o)
 .debug_str     0x00001eb9       0x26 c:/program files/microchip/xc32/v3.01/bin/bin/../../lib/gcc/pic32c/8.3.1/thumb/v6-m/nofp\libgcc.a(gesf2.o)
 .debug_str     0x00001edf       0x26 c:/program files/microchip/xc32/v3.01/bin/bin/../../lib/gcc/pic32c/8.3.1/thumb/v6-m/nofp\libgcc.a(lesf2.o)
 .debug_str     0x00001f05       0x13 c:/program files/microchip/xc32/v3.01/bin/bin/../../lib/gcc/pic32c/8.3.1/thumb/v6-m/nofp\libgcc.a(fixdfsi.o)
 .debug_str     0x00001f18       0xee c:/program files/microchip/xc32/v3.01/bin/bin/../../lib/gcc/pic32c/8.3.1/thumb/v6-m/nofp\libgcc.a(_arm_cmpdf2.o)
 .debug_str     0x00002006       0x26 c:/program files/microchip/xc32/v3.01/bin/bin/../../lib/gcc/pic32c/8.3.1/thumb/v6-m/nofp\libgcc.a(eqdf2.o)
 .debug_str     0x0000202c       0x26 c:/program files/microchip/xc32/v3.01/bin/bin/../../lib/gcc/pic32c/8.3.1/thumb/v6-m/nofp\libgcc.a(gedf2.o)
 .debug_str     0x00002052       0x26 c:/program files/microchip/xc32/v3.01/bin/bin/../../lib/gcc/pic32c/8.3.1/thumb/v6-m/nofp\libgcc.a(ledf2.o)

.debug_frame    0x00000000     0x1b04
 .debug_frame   0x00000000      0x29c build/default/production/_ext/1824788055/radio_driver_hal.o
 .debug_frame   0x0000029c       0x28 build/default/production/_ext/1824788055/sleep.o
 .debug_frame   0x000002c4       0x74 build/default/production/_ext/1824788055/sleep_timer.o
 .debug_frame   0x00000338       0xb0 build/default/production/_ext/1824788055/sys.o
 .debug_frame   0x000003e8       0x48 build/default/production/_ext/1824796116/pmm.o
 .debug_frame   0x00000430      0x1fc build/default/production/_ext/282161921/sw_timer.o
 .debug_frame   0x0000062c       0x58 build/default/production/_ext/1824799377/system_task_manager.o
 .debug_frame   0x00000684       0x9c build/default/production/_ext/22805713/radio_driver_sx1276.o
 .debug_frame   0x00000720       0xa0 build/default/production/_ext/1824799587/radio_get_set.o
 .debug_frame   0x000007c0       0xf0 build/default/production/_ext/1824799587/radio_interface.o
 .debug_frame   0x000008b0       0x60 build/default/production/_ext/1824799587/radio_lbt.o
 .debug_frame   0x00000910       0x5c build/default/production/_ext/1824799587/radio_task_manager.o
 .debug_frame   0x0000096c      0x2e8 build/default/production/_ext/1824799587/radio_transaction.o
 .debug_frame   0x00000c54       0xe0 build/default/production/_ext/60163342/plib_adc.o
 .debug_frame   0x00000d34       0x20 build/default/production/_ext/1984496892/plib_clock.o
 .debug_frame   0x00000d54       0x88 build/default/production/_ext/60167341/plib_eic.o
 .debug_frame   0x00000ddc       0x20 build/default/production/_ext/1986646378/plib_evsys.o
 .debug_frame   0x00000dfc       0x50 build/default/production/_ext/1865468468/plib_nvic.o
 .debug_frame   0x00000e4c       0xe4 build/default/production/_ext/1593096446/plib_nvmctrl.o
 .debug_frame   0x00000f30       0x90 build/default/production/_ext/829342769/plib_pm.o
 .debug_frame   0x00000fc0       0xcc build/default/production/_ext/1865521619/plib_port.o
 .debug_frame   0x0000108c       0x50 build/default/production/_ext/1865585090/plib_rstc.o
 .debug_frame   0x000010dc       0xd8 build/default/production/_ext/60180175/plib_rtc_timer.o
 .debug_frame   0x000011b4       0xa8 build/default/production/_ext/17022449/plib_sercom4_spi_master.o
 .debug_frame   0x0000125c       0x68 build/default/production/_ext/1865616679/plib_supc.o
 .debug_frame   0x000012c4       0xd8 build/default/production/_ext/1827571544/plib_systick.o
 .debug_frame   0x0000139c       0xd8 build/default/production/_ext/829342655/plib_tc0.o
 .debug_frame   0x00001474       0x84 build/default/production/_ext/1881668453/sys_int.o
 .debug_frame   0x000014f8       0x30 build/default/production/_ext/1171490990/exceptions.o
 .debug_frame   0x00001528       0x20 build/default/production/_ext/1171490990/interrupts.o
 .debug_frame   0x00001548       0x38 build/default/production/_ext/1171490990/startup_xc32.o
 .debug_frame   0x00001580       0x28 build/default/production/_ext/1171490990/initialization.o
 .debug_frame   0x000015a8       0x28 build/default/production/_ext/1530445869/tasks.o
 .debug_frame   0x000015d0       0xec build/default/production/_ext/1530445869/app.o
 .debug_frame   0x000016bc       0x28 build/default/production/_ext/1360937237/main.o
 .debug_frame   0x000016e4       0x34 c:/program files/microchip/xc32/v3.01/bin/bin/../../lib/gcc/pic32c/8.3.1/../../../../pic32c/lib/thumb/v6-m/nofp\libpic32c.a(data_init.o)
 .debug_frame   0x00001718       0x20 c:/program files/microchip/xc32/v3.01/bin/bin/../../lib/gcc/pic32c/8.3.1/thumb/v6-m/nofp\libgcc.a(_udivsi3.o)
 .debug_frame   0x00001738       0x20 c:/program files/microchip/xc32/v3.01/bin/bin/../../lib/gcc/pic32c/8.3.1/thumb/v6-m/nofp\libgcc.a(_divsi3.o)
 .debug_frame   0x00001758       0x28 c:/program files/microchip/xc32/v3.01/bin/bin/../../lib/gcc/pic32c/8.3.1/thumb/v6-m/nofp\libgcc.a(_fixunssfsi.o)
 .debug_frame   0x00001780       0x2c c:/program files/microchip/xc32/v3.01/bin/bin/../../lib/gcc/pic32c/8.3.1/thumb/v6-m/nofp\libgcc.a(_fixunssfdi.o)
 .debug_frame   0x000017ac       0x3c c:/program files/microchip/xc32/v3.01/bin/bin/../../lib/gcc/pic32c/8.3.1/thumb/v6-m/nofp\libgcc.a(_udivmoddi4.o)
 .debug_frame   0x000017e8       0x38 c:/program files/microchip/xc32/v3.01/bin/bin/../../lib/gcc/pic32c/8.3.1/thumb/v6-m/nofp\libgcc.a(mulsf3.o)
 .debug_frame   0x00001820       0x3c c:/program files/microchip/xc32/v3.01/bin/bin/../../lib/gcc/pic32c/8.3.1/thumb/v6-m/nofp\libgcc.a(subsf3.o)
 .debug_frame   0x0000185c       0x20 c:/program files/microchip/xc32/v3.01/bin/bin/../../lib/gcc/pic32c/8.3.1/thumb/v6-m/nofp\libgcc.a(fixsfsi.o)
 .debug_frame   0x0000187c       0x2c c:/program files/microchip/xc32/v3.01/bin/bin/../../lib/gcc/pic32c/8.3.1/thumb/v6-m/nofp\libgcc.a(floatunsisf.o)
 .debug_frame   0x000018a8       0x3c c:/program files/microchip/xc32/v3.01/bin/bin/../../lib/gcc/pic32c/8.3.1/thumb/v6-m/nofp\libgcc.a(muldf3.o)
 .debug_frame   0x000018e4       0x3c c:/program files/microchip/xc32/v3.01/bin/bin/../../lib/gcc/pic32c/8.3.1/thumb/v6-m/nofp\libgcc.a(subdf3.o)
 .debug_frame   0x00001920       0x2c c:/program files/microchip/xc32/v3.01/bin/bin/../../lib/gcc/pic32c/8.3.1/thumb/v6-m/nofp\libgcc.a(floatunsidf.o)
 .debug_frame   0x0000194c       0x2c c:/program files/microchip/xc32/v3.01/bin/bin/../../lib/gcc/pic32c/8.3.1/thumb/v6-m/nofp\libgcc.a(extendsfdf2.o)
 .debug_frame   0x00001978       0x2c c:/program files/microchip/xc32/v3.01/bin/bin/../../lib/gcc/pic32c/8.3.1/thumb/v6-m/nofp\libgcc.a(_fixunsdfsi.o)
 .debug_frame   0x000019a4       0x2c c:/program files/microchip/xc32/v3.01/bin/bin/../../lib/gcc/pic32c/8.3.1/thumb/v6-m/nofp\libgcc.a(eqsf2.o)
 .debug_frame   0x000019d0       0x30 c:/program files/microchip/xc32/v3.01/bin/bin/../../lib/gcc/pic32c/8.3.1/thumb/v6-m/nofp\libgcc.a(gesf2.o)
 .debug_frame   0x00001a00       0x30 c:/program files/microchip/xc32/v3.01/bin/bin/../../lib/gcc/pic32c/8.3.1/thumb/v6-m/nofp\libgcc.a(lesf2.o)
 .debug_frame   0x00001a30       0x2c c:/program files/microchip/xc32/v3.01/bin/bin/../../lib/gcc/pic32c/8.3.1/thumb/v6-m/nofp\libgcc.a(fixdfsi.o)
 .debug_frame   0x00001a5c       0x38 c:/program files/microchip/xc32/v3.01/bin/bin/../../lib/gcc/pic32c/8.3.1/thumb/v6-m/nofp\libgcc.a(eqdf2.o)
 .debug_frame   0x00001a94       0x38 c:/program files/microchip/xc32/v3.01/bin/bin/../../lib/gcc/pic32c/8.3.1/thumb/v6-m/nofp\libgcc.a(gedf2.o)
 .debug_frame   0x00001acc       0x38 c:/program files/microchip/xc32/v3.01/bin/bin/../../lib/gcc/pic32c/8.3.1/thumb/v6-m/nofp\libgcc.a(ledf2.o)

.stack          0x20000670      0x100
 .stack         0x20000670      0x100 stack

.bss.swTimers%1
                0x20000000      0x190
 .bss.swTimers  0x20000000      0x190 build/default/production/_ext/282161921/sw_timer.o
                0x20000000                swTimers

.bss.radioBuffer%2
                0x20000190      0x10f
 .bss.radioBuffer
                0x20000190      0x10f build/default/production/_ext/1824799587/radio_transaction.o
                0x20000190                radioBuffer

.bss.eicCallbackObject%3
                0x200002a0       0xc0
 .bss.eicCallbackObject
                0x200002a0       0xc0 build/default/production/_ext/60167341/plib_eic.o

.bss.radioConfiguration%4
                0x20000360       0x5c
 .bss.radioConfiguration
                0x20000360       0x5c build/default/production/_ext/22805713/radio_driver_sx1276.o
                0x20000360                radioConfiguration

.bss%5          0x200003bc       0x1c
 .bss           0x200003bc       0x1c c:/program files/microchip/xc32/v3.01/bin/bin/../../lib/gcc/pic32c/8.3.1/thumb/v6-m/nofp/crtbegin.o

.bss.rtcObj%6   0x200003d8        0xc
 .bss.rtcObj    0x200003d8        0xc build/default/production/_ext/60180175/plib_rtc_timer.o

.bss.defaultSleep%7
                0x200003e4        0xc
 .bss.defaultSleep
                0x200003e4        0xc build/default/production/_ext/1530445869/app.o
                0x200003e4                defaultSleep

.bss.sysTimeLastKnown%8
                0x200003f0        0x8
 .bss.sysTimeLastKnown
                0x200003f0        0x8 build/default/production/_ext/282161921/sw_timer.o

.bss.timeOnAir%9
                0x200003f8        0x8
 .bss.timeOnAir
                0x200003f8        0x8 build/default/production/_ext/1824799587/radio_transaction.o

.bss.TC0_CallbackObject%10
                0x20000400        0x8
 .bss.TC0_CallbackObject
                0x20000400        0x8 build/default/production/_ext/829342655/plib_tc0.o

.bss.interruptHandlerDio0%11
                0x20000408        0x4
 .bss.interruptHandlerDio0
                0x20000408        0x4 build/default/production/_ext/1824788055/radio_driver_hal.o

.bss.interruptHandlerDio1%12
                0x2000040c        0x4
 .bss.interruptHandlerDio1
                0x2000040c        0x4 build/default/production/_ext/1824788055/radio_driver_hal.o

.bss.interruptHandlerDio2%13
                0x20000410        0x4
 .bss.interruptHandlerDio2
                0x20000410        0x4 build/default/production/_ext/1824788055/radio_driver_hal.o

.data.cycles_per_ms%14
                0x20000414        0x4
 .data.cycles_per_ms
                0x20000414        0x4 build/default/production/_ext/1824788055/sys.o

.data.cycles_per_us%15
                0x20000418        0x4
 .data.cycles_per_us
                0x20000418        0x4 build/default/production/_ext/1824788055/sys.o

.bss.sleepReq%16
                0x2000041c        0x4
 .bss.sleepReq  0x2000041c        0x4 build/default/production/_ext/1824796116/pmm.o

.bss.compareValue%17
                0x20000420        0x4
 .bss.compareValue
                0x20000420        0x4 build/default/production/_ext/282161921/sw_timer.o

.bss.currentCount%18
                0x20000424        0x4
 .bss.currentCount
                0x20000424        0x4 build/default/production/_ext/282161921/sw_timer.o

.bss.lastCount%19
                0x20000428        0x4
 .bss.lastCount
                0x20000428        0x4 build/default/production/_ext/282161921/sw_timer.o

.bss.sysTimeOvf%20
                0x2000042c        0x4
 .bss.sysTimeOvf
                0x2000042c        0x4 build/default/production/_ext/282161921/sw_timer.o
                0x2000042c                sysTimeOvf

.bss.transmitBufferPtr%21
                0x20000430        0x4
 .bss.transmitBufferPtr
                0x20000430        0x4 build/default/production/_ext/1824799587/radio_transaction.o

.bss.appData%22
                0x20000434        0x4
 .bss.appData   0x20000434        0x4 build/default/production/_ext/1530445869/app.o
                0x20000434                appData

.bss.mlsAppSleepWakeupCallback%23
                0x20000438        0x4
 .bss.mlsAppSleepWakeupCallback
                0x20000438        0x4 build/default/production/_ext/1530445869/app.o
                0x20000438                mlsAppSleepWakeupCallback

.bss%24         0x2000043c        0x4
 .bss           0x2000043c        0x4 c:/program files/microchip/xc32/v3.01/bin/bin/../../lib/gcc/pic32c/8.3.1/../../../../pic32c/lib/thumb/v6-m/nofp\libpic32c.a(data_init.o)

.bss.radioEvents%25
                0x20000440        0x2
 .bss.radioEvents
                0x20000440        0x2 build/default/production/_ext/1824799587/radio_transaction.o
                0x20000440                radioEvents

.bss.rxWindowSize%26
                0x20000442        0x2
 .bss.rxWindowSize
                0x20000442        0x2 build/default/production/_ext/1824799587/radio_transaction.o

.bss.radioCallbackMask%27
                0x20000444        0x1
 .bss.radioCallbackMask
                0x20000444        0x1 build/default/production/_ext/1824799587/radio_transaction.o
                0x20000444                radioCallbackMask

.bss.sysTaskFlag%28
                0x20000446        0x2
 .bss.sysTaskFlag
                0x20000446        0x2 build/default/production/_ext/1824799377/system_task_manager.o

.bss.radioTaskFlags%29
                0x20000448        0x2
 .bss.radioTaskFlags
                0x20000448        0x2 build/default/production/_ext/1824799587/radio_task_manager.o

.bss.instRSSI%30
                0x2000044a        0x2
 .bss.instRSSI  0x2000044a        0x2 build/default/production/_ext/1824799587/radio_transaction.o

.bss.interrupt_flag%31
                0x2000029f        0x1
 .bss.interrupt_flag
                0x2000029f        0x1 build/default/production/_ext/1824788055/sys.o
                0x2000029f                interrupt_flag

.bss.pmmState%32
                0x20000445        0x1
 .bss.pmmState  0x20000445        0x1 build/default/production/_ext/1824796116/pmm.o

.bss.allocatedTimerId%33
                0x2000044c        0x1
 .bss.allocatedTimerId
                0x2000044c        0x1 build/default/production/_ext/282161921/sw_timer.o

.bss.compareCallbackEnabled%34
                0x2000044d        0x1
 .bss.compareCallbackEnabled
                0x2000044d        0x1 build/default/production/_ext/282161921/sw_timer.o

.bss.radioState%35
                0x2000044e        0x1
 .bss.radioState
                0x2000044e        0x1 build/default/production/_ext/1824799587/radio_transaction.o
                0x2000044e                radioState

.bss.txBufferLen%36
                0x2000044f        0x1
 .bss.txBufferLen
                0x2000044f        0x1 build/default/production/_ext/1824799587/radio_transaction.o

.eh_frame%z1    0x00000000        0x0
 .eh_frame      0x00000000        0x0 c:/program files/microchip/xc32/v3.01/bin/bin/../../lib/gcc/pic32c/8.3.1/thumb/v6-m/nofp/crtbegin.o

.config_00804000%37
                0x00804000        0x4
 .config_00804000
                0x00804000        0x4 build/default/production/_ext/1171490990/initialization.o
                0x00804000                __config_00804000

.config_00804004%38
                0x00804004        0x4
 .config_00804004
                0x00804004        0x4 build/default/production/_ext/1171490990/initialization.o
                0x00804004                __config_00804004

.text%39        0x000000d8      0xc18
 .text          0x000000d8      0x734 c:/program files/microchip/xc32/v3.01/bin/bin/../../lib/gcc/pic32c/8.3.1/thumb/v6-m/nofp\libgcc.a(subdf3.o)
                0x000000d8                __aeabi_dsub
 .text          0x0000080c      0x4e4 c:/program files/microchip/xc32/v3.01/bin/bin/../../lib/gcc/pic32c/8.3.1/thumb/v6-m/nofp\libgcc.a(muldf3.o)
                0x0000080c                __aeabi_dmul

.text.Radio_WriteConfiguration%41
                0x00000cf0      0x428
 .text.Radio_WriteConfiguration
                0x00000cf0      0x428 build/default/production/_ext/1824799587/radio_get_set.o
                0x00000cf0                Radio_WriteConfiguration

.text%42        0x00001118      0x348
 .text          0x00001118      0x348 c:/program files/microchip/xc32/v3.01/bin/bin/../../lib/gcc/pic32c/8.3.1/thumb/v6-m/nofp\libgcc.a(subsf3.o)
                0x00001118                __aeabi_fsub

.text.RADIO_RxDoneHandler%43
                0x00001460      0x2bc
 .text.RADIO_RxDoneHandler
                0x00001460      0x2bc build/default/production/_ext/1824799587/radio_transaction.o
                0x00001460                RADIO_RxDoneHandler

.text%44        0x0000171c      0x400
 .text          0x0000171c      0x22c c:/program files/microchip/xc32/v3.01/bin/bin/../../lib/gcc/pic32c/8.3.1/thumb/v6-m/nofp\libgcc.a(mulsf3.o)
                0x0000171c                __aeabi_fmul
 .text          0x00001948      0x1d4 c:/program files/microchip/xc32/v3.01/bin/bin/../../lib/gcc/pic32c/8.3.1/thumb/v6-m/nofp\libgcc.a(_divsi3.o)
                0x00001948                __divsi3
                0x00001948                __aeabi_idiv
                0x00001b14                __aeabi_idivmod

.text.SERCOM4_SPI_WriteRead%46
                0x00001b1c      0x1c0
 .text.SERCOM4_SPI_WriteRead
                0x00001b1c      0x1c0 build/default/production/_ext/17022449/plib_sercom4_spi_master.o
                0x00001b1c                SERCOM4_SPI_WriteRead

.dinit%47       0x00001cdc      0x1c0
 .dinit         0x00001cdc      0x1c0 data_init

.text.RADIO_InitDefaultAttributes%48
                0x00001e9c      0x1bc
 .text.RADIO_InitDefaultAttributes
                0x00001e9c      0x1bc build/default/production/_ext/1824799587/radio_transaction.o
                0x00001e9c                RADIO_InitDefaultAttributes

.text%49        0x00002058      0x1a4
 .text          0x00002058      0x1a4 c:/program files/microchip/xc32/v3.01/bin/bin/../../lib/gcc/pic32c/8.3.1/thumb/v6-m/nofp\libgcc.a(_udivmoddi4.o)
                0x00002058                __udivmoddi4

.text.RADIO_TxHandler%50
                0x000021fc      0x164
 .text.RADIO_TxHandler
                0x000021fc      0x164 build/default/production/_ext/1824799587/radio_transaction.o
                0x000021fc                RADIO_TxHandler

.text.RADIO_FSKPayloadReady%51
                0x00002360      0x144
 .text.RADIO_FSKPayloadReady
                0x00002360      0x144 build/default/production/_ext/1824799587/radio_transaction.o
                0x00002360                RADIO_FSKPayloadReady

.text.CLOCK_Initialize%52
                0x000024a4      0x13c
 .text.CLOCK_Initialize
                0x000024a4      0x13c build/default/production/_ext/1984496892/plib_clock.o
                0x000024a4                CLOCK_Initialize

.text.RADIO_RxHandler%53
                0x000025e0      0x128
 .text.RADIO_RxHandler
                0x000025e0      0x128 build/default/production/_ext/1824799587/radio_transaction.o
                0x000025e0                RADIO_RxHandler

.text%54        0x00002708      0x114
 .text          0x00002708      0x114 c:/program files/microchip/xc32/v3.01/bin/bin/../../lib/gcc/pic32c/8.3.1/thumb/v6-m/nofp\libgcc.a(_udivsi3.o)
                0x00002708                __aeabi_uidiv
                0x00002708                __udivsi3
                0x00002814                __aeabi_uidivmod

.text.RADIO_TxDoneHandler%55
                0x0000281c       0xe0
 .text.RADIO_TxDoneHandler
                0x0000281c       0xe0 build/default/production/_ext/1824799587/radio_transaction.o
                0x0000281c                RADIO_TxDoneHandler

.text.APP_Tasks%56
                0x000028fc       0xe0
 .text.APP_Tasks
                0x000028fc       0xe0 build/default/production/_ext/1530445869/app.o
                0x000028fc                APP_Tasks

.text%57        0x000029dc      0x1bc
 .text          0x000029dc       0xe0 c:/program files/microchip/xc32/v3.01/bin/bin/../../lib/gcc/pic32c/8.3.1/thumb/v6-m/nofp\libgcc.a(gedf2.o)
                0x000029dc                __gedf2
                0x000029dc                __gtdf2
 .text          0x00002abc       0xdc c:/program files/microchip/xc32/v3.01/bin/bin/../../lib/gcc/pic32c/8.3.1/thumb/v6-m/nofp\libgcc.a(ledf2.o)
                0x00002abc                __ledf2
                0x00002abc                __ltdf2

.text.Radio_WriteMode%59
                0x00002b98       0xd6
 .text.Radio_WriteMode
                0x00002b98       0xd6 build/default/production/_ext/22805713/radio_driver_sx1276.o
                0x00002b98                Radio_WriteMode

.text.HAL_RadioInit%60
                0x00002c70       0xd4
 .text.HAL_RadioInit
                0x00002c70       0xd4 build/default/production/_ext/1824788055/radio_driver_hal.o
                0x00002c70                HAL_RadioInit

.text.PMM_Sleep%61
                0x00002d44       0xc4
 .text.PMM_Sleep
                0x00002d44       0xc4 build/default/production/_ext/1824796116/pmm.o
                0x00002d44                PMM_Sleep

.text.RADIO_FSKFifoLevel%62
                0x00002e08       0xb4
 .text.RADIO_FSKFifoLevel
                0x00002e08       0xb4 build/default/production/_ext/1824799587/radio_transaction.o
                0x00002e08                RADIO_FSKFifoLevel

.text.SwTimerStart%63
                0x00002ebc       0xa4
 .text.SwTimerStart
                0x00002ebc       0xa4 build/default/production/_ext/282161921/sw_timer.o
                0x00002ebc                SwTimerStart

.text%64        0x00002f60       0xa4
 .text          0x00002f60       0xa4 c:/program files/microchip/xc32/v3.01/bin/bin/../../lib/gcc/pic32c/8.3.1/thumb/v6-m/nofp\libgcc.a(extendsfdf2.o)
                0x00002f60                __aeabi_f2d

.text.EIC_Initialize%65
                0x00003004       0xa0
 .text.EIC_Initialize