Archive member included to satisfy reference by file (symbol)

c:/program files/microchip/xc32/v3.01/bin/bin/../../lib/gcc/pic32c/8.3.1/../../../../pic32c/lib/thumb/v6-m/nofp\libpic32c.a(data_init.o)
                              build/default/debug/_ext/1171490990/startup_xc32.o (__pic32c_data_initialization)
c:/program files/microchip/xc32/v3.01/bin/bin/../../lib/gcc/pic32c/8.3.1/thumb/v6-m/nofp\libgcc.a(_udivsi3.o)
                              build/default/debug/_ext/1824796116/pmm.o (__aeabi_uidiv)
c:/program files/microchip/xc32/v3.01/bin/bin/../../lib/gcc/pic32c/8.3.1/thumb/v6-m/nofp\libgcc.a(_divsi3.o)
                              build/default/debug/_ext/1824799587/radio_get_set.o (__aeabi_idiv)
c:/program files/microchip/xc32/v3.01/bin/bin/../../lib/gcc/pic32c/8.3.1/thumb/v6-m/nofp\libgcc.a(_dvmd_tls.o)
                              c:/program files/microchip/xc32/v3.01/bin/bin/../../lib/gcc/pic32c/8.3.1/thumb/v6-m/nofp\libgcc.a(_udivsi3.o) (__aeabi_idiv0)
c:/program files/microchip/xc32/v3.01/bin/bin/../../lib/gcc/pic32c/8.3.1/thumb/v6-m/nofp\libgcc.a(_aeabi_uldivmod.o)
                              build/default/debug/_ext/1824796116/pmm.o (__aeabi_uldivmod)
c:/program files/microchip/xc32/v3.01/bin/bin/../../lib/gcc/pic32c/8.3.1/thumb/v6-m/nofp\libgcc.a(_fixunssfsi.o)
                              build/default/debug/_ext/1824796116/pmm.o (__aeabi_f2uiz)
c:/program files/microchip/xc32/v3.01/bin/bin/../../lib/gcc/pic32c/8.3.1/thumb/v6-m/nofp\libgcc.a(_fixunssfdi.o)
                              build/default/debug/_ext/1824796116/pmm.o (__aeabi_f2ulz)
c:/program files/microchip/xc32/v3.01/bin/bin/../../lib/gcc/pic32c/8.3.1/thumb/v6-m/nofp\libgcc.a(_udivmoddi4.o)
                              c:/program files/microchip/xc32/v3.01/bin/bin/../../lib/gcc/pic32c/8.3.1/thumb/v6-m/nofp\libgcc.a(_aeabi_uldivmod.o) (__udivmoddi4)
c:/program files/microchip/xc32/v3.01/bin/bin/../../lib/gcc/pic32c/8.3.1/thumb/v6-m/nofp\libgcc.a(addsf3.o)
                              build/default/debug/_ext/508257091/plib_sercom1_i2c_master.o (__aeabi_fadd)
c:/program files/microchip/xc32/v3.01/bin/bin/../../lib/gcc/pic32c/8.3.1/thumb/v6-m/nofp\libgcc.a(divsf3.o)
                              build/default/debug/_ext/508257091/plib_sercom1_i2c_master.o (__aeabi_fdiv)
c:/program files/microchip/xc32/v3.01/bin/bin/../../lib/gcc/pic32c/8.3.1/thumb/v6-m/nofp\libgcc.a(mulsf3.o)
                              build/default/debug/_ext/1824796116/pmm.o (__aeabi_fmul)
c:/program files/microchip/xc32/v3.01/bin/bin/../../lib/gcc/pic32c/8.3.1/thumb/v6-m/nofp\libgcc.a(subsf3.o)
                              build/default/debug/_ext/508257091/plib_sercom1_i2c_master.o (__aeabi_fsub)
c:/program files/microchip/xc32/v3.01/bin/bin/../../lib/gcc/pic32c/8.3.1/thumb/v6-m/nofp\libgcc.a(fixsfsi.o)
                              c:/program files/microchip/xc32/v3.01/bin/bin/../../lib/gcc/pic32c/8.3.1/thumb/v6-m/nofp\libgcc.a(_fixunssfsi.o) (__aeabi_f2iz)
c:/program files/microchip/xc32/v3.01/bin/bin/../../lib/gcc/pic32c/8.3.1/thumb/v6-m/nofp\libgcc.a(floatsisf.o)
                              build/default/debug/_ext/1824799587/radio_get_set.o (__aeabi_i2f)
c:/program files/microchip/xc32/v3.01/bin/bin/../../lib/gcc/pic32c/8.3.1/thumb/v6-m/nofp\libgcc.a(floatunsisf.o)
                              build/default/debug/_ext/1824796116/pmm.o (__aeabi_ui2f)
c:/program files/microchip/xc32/v3.01/bin/bin/../../lib/gcc/pic32c/8.3.1/thumb/v6-m/nofp\libgcc.a(muldf3.o)
                              c:/program files/microchip/xc32/v3.01/bin/bin/../../lib/gcc/pic32c/8.3.1/thumb/v6-m/nofp\libgcc.a(_fixunssfdi.o) (__aeabi_dmul)
c:/program files/microchip/xc32/v3.01/bin/bin/../../lib/gcc/pic32c/8.3.1/thumb/v6-m/nofp\libgcc.a(subdf3.o)
                              c:/program files/microchip/xc32/v3.01/bin/bin/../../lib/gcc/pic32c/8.3.1/thumb/v6-m/nofp\libgcc.a(_fixunssfdi.o) (__aeabi_dsub)
c:/program files/microchip/xc32/v3.01/bin/bin/../../lib/gcc/pic32c/8.3.1/thumb/v6-m/nofp\libgcc.a(floatunsidf.o)
                              c:/program files/microchip/xc32/v3.01/bin/bin/../../lib/gcc/pic32c/8.3.1/thumb/v6-m/nofp\libgcc.a(_fixunssfdi.o) (__aeabi_ui2d)
c:/program files/microchip/xc32/v3.01/bin/bin/../../lib/gcc/pic32c/8.3.1/thumb/v6-m/nofp\libgcc.a(extendsfdf2.o)
                              c:/program files/microchip/xc32/v3.01/bin/bin/../../lib/gcc/pic32c/8.3.1/thumb/v6-m/nofp\libgcc.a(_fixunssfdi.o) (__aeabi_f2d)
c:/program files/microchip/xc32/v3.01/bin/bin/../../lib/gcc/pic32c/8.3.1/thumb/v6-m/nofp\libgcc.a(_arm_cmpsf2.o)
                              c:/program files/microchip/xc32/v3.01/bin/bin/../../lib/gcc/pic32c/8.3.1/thumb/v6-m/nofp\libgcc.a(_fixunssfsi.o) (__aeabi_fcmpge)
c:/program files/microchip/xc32/v3.01/bin/bin/../../lib/gcc/pic32c/8.3.1/thumb/v6-m/nofp\libgcc.a(_clzsi2.o)
                              c:/program files/microchip/xc32/v3.01/bin/bin/../../lib/gcc/pic32c/8.3.1/thumb/v6-m/nofp\libgcc.a(addsf3.o) (__clzsi2)
[...]
Memory Configuration

Name             Origin             Length             Attributes
rom              0x00000000         0x00040000         xrl
ram              0x20000000         0x00008000         xw !r
lpram            0x30000000         0x00002000         xw !r
config_D0804000  0xd0804000         0x00000004
config_D0806020  0xd0806020         0x00000004
config_D0804004  0xd0804004         0x00000004
config_D0806034  0xd0806034         0x00000004
config_D0806030  0xd0806030         0x00000004
*default*        0x00000000         0xffffffff

Linker script and memory map

LOAD c:/program files/microchip/xc32/v3.01/bin/bin/../../lib/gcc/pic32c/8.3.1/thumb/v6-m/nofp/crti.o
LOAD c:/program files/microchip/xc32/v3.01/bin/bin/../../lib/gcc/pic32c/8.3.1/thumb/v6-m/nofp/crtbegin.o
LOAD build/default/debug/_ext/1824796116/pmm.o
LOAD build/default/debug/_ext/2120447010/lorawan_mband_eu.o
LOAD build/default/debug/_ext/282161921/sw_timer.o
LOAD build/default/debug/_ext/1824799377/system_assert.o
LOAD build/default/debug/_ext/1824799377/system_init.o
LOAD build/default/debug/_ext/1824799377/system_task_manager.o
LOAD build/default/debug/_ext/22805713/radio_driver_sx1276.o
LOAD build/default/debug/_ext/1824799587/radio_get_set.o
LOAD build/default/debug/_ext/1824799587/radio_interface.o
LOAD build/default/debug/_ext/1824799587/radio_lbt.o
LOAD build/default/debug/_ext/1824799587/radio_task_manager.o
LOAD build/default/debug/_ext/1824799587/radio_transaction.o
LOAD build/default/debug/_ext/1530445869/radioconfig.o
LOAD build/default/debug/_ext/60163342/plib_adc.o
LOAD build/default/debug/_ext/1984496892/plib_clock.o
LOAD build/default/debug/_ext/60167341/plib_eic.o
LOAD build/default/debug/_ext/1986646378/plib_evsys.o
LOAD build/default/debug/_ext/1865468468/plib_nvic.o
LOAD build/default/debug/_ext/1593096446/plib_nvmctrl.o
LOAD build/default/debug/_ext/829342769/plib_pm.o
LOAD build/default/debug/_ext/1865521619/plib_port.o
LOAD build/default/debug/_ext/1865585090/plib_rstc.o
LOAD build/default/debug/_ext/60180175/plib_rtc_timer.o
LOAD build/default/debug/_ext/508257091/plib_sercom1_i2c_master.o
LOAD build/default/debug/_ext/17022449/plib_sercom4_spi_master.o
LOAD build/default/debug/_ext/504274921/plib_sercom0_usart.o
LOAD build/default/debug/_ext/1865616679/plib_supc.o
LOAD build/default/debug/_ext/1827571544/plib_systick.o
LOAD build/default/debug/_ext/829342655/plib_tc0.o
LOAD build/default/debug/_ext/163028504/xc32_monitor.o
LOAD build/default/debug/_ext/1881668453/sys_int.o
LOAD build/default/debug/_ext/1000052432/sys_reset.o
LOAD build/default/debug/_ext/1171490990/exceptions.o
LOAD build/default/debug/_ext/1171490990/interrupts.o
LOAD build/default/debug/_ext/1171490990/startup_xc32.o
LOAD build/default/debug/_ext/1171490990/initialization.o
LOAD build/default/debug/_ext/1171490990/libc_syscalls.o
LOAD build/default/debug/_ext/1530445869/tasks.o
LOAD build/default/debug/_ext/1530445869/app.o
LOAD build/default/debug/_ext/1360937237/main.o
LOAD build/default/debug/_ext/1824788055/radio_driver_hal.o
LOAD build/default/debug/_ext/1824788055/sleep.o
LOAD build/default/debug/_ext/1824788055/sleep_timer.o
LOAD build/default/debug/_ext/1824788055/sys.o
                0x00000001                __MPLAB_BUILD = 0x1
                0x00040000                __rom_end = (ORIGIN (rom) + LENGTH (rom))
                0x20008000                __ram_end = (ORIGIN (ram) + LENGTH (ram))

.config_D0804000
 *(.config_D0804000)

.config_D0806020
 *(.config_D0806020)

.config_D0804004
 *(.config_D0804004)

.config_D0806034
 *(.config_D0806034)

.config_D0806030
 *(.config_D0806030)

.vectors        0x00000000       0xb0
                0x00000000                . = ALIGN (0x4)
                0x00000000                _sfixed = .
 *(.vectors .vectors.* .vectors_default .vectors_default.*)
 .vectors       0x00000000       0xb0 build/default/debug/_ext/1171490990/interrupts.o
                0x00000000                exception_table
 *(.isr_vector)
 *(.reset*)
 *(.after_vectors)

.text           0x000000b0       0x20
                0x000000b0                . = ALIGN (0x4)
 *(.glue_7t)
 .glue_7t       0x000000b0        0x0 linker stubs
 *(.glue_7)
 .glue_7        0x000000b0        0x0 linker stubs
 *(.gnu.linkonce.r.*)
 *(.ARM.extab* .gnu.linkonce.armextab.*)
                0x000000b0                . = ALIGN (0x4)
 *(.init)
 .init          0x000000b0        0x4 c:/program files/microchip/xc32/v3.01/bin/bin/../../lib/gcc/pic32c/8.3.1/thumb/v6-m/nofp/crti.o
                0x000000b0                _init
 .init          0x000000b4        0x8 c:/program files/microchip/xc32/v3.01/bin/bin/../../lib/gcc/pic32c/8.3.1/thumb/v6-m/nofp/crtn.o
                0x000000bc                . = ALIGN (0x4)
                0x000000bc                __preinit_array_start = .
 *(.preinit_array)
                0x000000bc                __preinit_array_end = .
                0x000000bc                . = ALIGN (0x4)
                0x000000bc                __init_array_start = .
 *(SORT_BY_NAME(.init_array.*))
 *(.init_array)
 .init_array    0x000000bc        0x4 c:/program files/microchip/xc32/v3.01/bin/bin/../../lib/gcc/pic32c/8.3.1/thumb/v6-m/nofp/crtbegin.o
                0x000000c0                __init_array_end = .
                0x000000c0                . = ALIGN (0x4)
 *crtbegin.o(.ctors)
 *(EXCLUDE_FILE(*crtend.o) .ctors)
 *(SORT_BY_NAME(.ctors.*))
 *crtend.o(.ctors)
                0x000000c0                . = ALIGN (0x4)
 *(.fini)
 .fini          0x000000c0        0x4 c:/program files/microchip/xc32/v3.01/bin/bin/../../lib/gcc/pic32c/8.3.1/thumb/v6-m/nofp/crti.o
                0x000000c0                _fini
 .fini          0x000000c4        0x8 c:/program files/microchip/xc32/v3.01/bin/bin/../../lib/gcc/pic32c/8.3.1/thumb/v6-m/nofp/crtn.o
                0x000000cc                . = ALIGN (0x4)
                0x000000cc                __fini_array_start = .
 *(.fini_array)
 .fini_array    0x000000cc        0x4 c:/program files/microchip/xc32/v3.01/bin/bin/../../lib/gcc/pic32c/8.3.1/thumb/v6-m/nofp/crtbegin.o
 *(SORT_BY_NAME(.fini_array.*))
                0x000000d0                __fini_array_end = .
 *crtbegin.o(.dtors)
 *(EXCLUDE_FILE(*crtend.o) .dtors)
 *(SORT_BY_NAME(.dtors.*))
 *crtend.o(.dtors)
                0x000000d0                . = ALIGN (0x4)
                0x000000d0                _efixed = .
                [!provide]                PROVIDE (__exidx_start = .)

.ARM.exidx      0x000000d0        0x8
 *(.ARM.exidx* .gnu.linkonce.armexidx.*)
 .ARM.exidx     0x000000d0        0x8 c:/program files/microchip/xc32/v3.01/bin/bin/../../lib/gcc/pic32c/8.3.1/thumb/v6-m/nofp\libgcc.a(_udivmoddi4.o)
                [!provide]                PROVIDE (__exidx_end = .)
                0x000000d8                . = ALIGN (0x4)
                0x000000d8                _etext = .

.bss            0x20000000        0x0
                0x20000000                . = ALIGN (0x4)
                0x20000000                __bss_start__ = .
                0x20000000                _sbss = .
                0x20000000                _szero = .
 *(COMMON)
                0x20000000                . = ALIGN (0x4)
                0x20000000                __bss_end__ = .
                0x20000000                _ebss = .
                0x20000000                _ezero = .
                0x20000000                . = ALIGN (0x4)
                0x20000000                _end = .
                0x20007fff                _ram_end_ = ((ORIGIN (ram) + LENGTH (ram)) - 0x1)

.lpram_output   0x30000000        0x0
                0x30000000                . = ALIGN (0x4)
 *(.lpram .lpram.*)
                0x30000000                . = ALIGN (0x4)
                0x30000000                . = ALIGN (0x4)
                0x30001fff                _lpram_end_ = ((ORIGIN (lpram) + LENGTH (lpram)) - 0x1)
                0x00000001                __ICD2RAM = 0x1
                0x00000001                __MPLAB_DEBUG = 0x1
                0x00000001                __DEBUG = 0x1
                0x00000200                _min_heap_size = 0x200
START GROUP
LOAD c:/program files/microchip/xc32/v3.01/bin/bin/../../lib/gcc/pic32c/8.3.1/../../../../pic32c/lib/thumb/v6-m/nofp\libpic32c.a
LOAD c:/program files/microchip/xc32/v3.01/bin/bin/../../lib/gcc/pic32c/8.3.1/thumb/v6-m/nofp\libgcc.a
LOAD c:/program files/microchip/xc32/v3.01/bin/bin/../../lib/gcc/pic32c/8.3.1/../../../../pic32c/lib/thumb/v6-m/nofp\libg_nano.a
LOAD c:/program files/microchip/xc32/v3.01/bin/bin/../../lib/gcc/pic32c/8.3.1/../../../../pic32c/lib/thumb/v6-m/nofp\libm_nano.a
LOAD c:/program files/microchip/xc32/v3.01/bin/bin/../../lib/gcc/pic32c/8.3.1/../../../../pic32c/lib/thumb/v6-m/nofp\libc_nano.a
END GROUP
LOAD c:/program files/microchip/xc32/v3.01/bin/bin/../../lib/gcc/pic32c/8.3.1/thumb/v6-m/nofp/crtend.o
LOAD c:/program files/microchip/xc32/v3.01/bin/bin/../../lib/gcc/pic32c/8.3.1/thumb/v6-m/nofp/crtn.o
OUTPUT(dist/default/debug/Lorafrom0.X.debug.elf elf32-littlearm)
LOAD stack
LOAD data_init

.ARM.attributes
                0x00000000       0x2a
 .ARM.attributes
                0x00000000       0x1e c:/program files/microchip/xc32/v3.01/bin/bin/../../lib/gcc/pic32c/8.3.1/thumb/v6-m/nofp/crti.o
 .ARM.attributes
                0x0000001e       0x2c c:/program files/microchip/xc32/v3.01/bin/bin/../../lib/gcc/pic32c/8.3.1/thumb/v6-m/nofp/crtbegin.o
 .ARM.attributes
                0x0000004a       0x2c build/default/debug/_ext/1824796116/pmm.o
 .ARM.attributes
                0x00000076       0x2c build/default/debug/_ext/282161921/sw_timer.o
 .ARM.attributes
                0x000000a2       0x2c build/default/debug/_ext/1824799377/system_task_manager.o
 .ARM.attributes
                0x000000ce       0x2c build/default/debug/_ext/22805713/radio_driver_sx1276.o
 .ARM.attributes
                0x000000fa       0x2c build/default/debug/_ext/1824799587/radio_get_set.o
 .ARM.attributes
                0x00000126       0x2c build/default/debug/_ext/1824799587/radio_interface.o
 .ARM.attributes
                0x00000152       0x2c build/default/debug/_ext/1824799587/radio_lbt.o
 .ARM.attributes
                0x0000017e       0x2c build/default/debug/_ext/1824799587/radio_task_manager.o
 .ARM.attributes
                0x000001aa       0x2c build/default/debug/_ext/1824799587/radio_transaction.o
 .ARM.attributes
                0x000001d6       0x2c build/default/debug/_ext/1530445869/radioconfig.o
 .ARM.attributes
                0x00000202       0x2c build/default/debug/_ext/60163342/plib_adc.o
 .ARM.attributes
                0x0000022e       0x2c build/default/debug/_ext/1984496892/plib_clock.o
 .ARM.attributes
                0x0000025a       0x2c build/default/debug/_ext/60167341/plib_eic.o
 .ARM.attributes
                0x00000286       0x2c build/default/debug/_ext/1986646378/plib_evsys.o
 .ARM.attributes
                0x000002b2       0x2c build/default/debug/_ext/1865468468/plib_nvic.o
 .ARM.attributes
                0x000002de       0x2c build/default/debug/_ext/1593096446/plib_nvmctrl.o
 .ARM.attributes
                0x0000030a       0x2c build/default/debug/_ext/829342769/plib_pm.o
 .ARM.attributes
                0x00000336       0x2c build/default/debug/_ext/1865521619/plib_port.o
 .ARM.attributes
                0x00000362       0x2c build/default/debug/_ext/1865585090/plib_rstc.o
 .ARM.attributes
                0x0000038e       0x2c build/default/debug/_ext/60180175/plib_rtc_timer.o
 .ARM.attributes
                0x000003ba       0x2c build/default/debug/_ext/17022449/plib_sercom4_spi_master.o
 .ARM.attributes
                0x000003e6       0x2c build/default/debug/_ext/1865616679/plib_supc.o
 .ARM.attributes
                0x00000412       0x2c build/default/debug/_ext/1827571544/plib_systick.o
 .ARM.attributes
                0x0000043e       0x2c build/default/debug/_ext/829342655/plib_tc0.o
 .ARM.attributes
                0x0000046a       0x2c build/default/debug/_ext/1881668453/sys_int.o
 .ARM.attributes
                0x00000496       0x2c build/default/debug/_ext/1171490990/exceptions.o
 .ARM.attributes
                0x000004c2       0x2c build/default/debug/_ext/1171490990/interrupts.o
 .ARM.attributes
                0x000004ee       0x2c build/default/debug/_ext/1171490990/startup_xc32.o
 .ARM.attributes
                0x0000051a       0x2c build/default/debug/_ext/1171490990/initialization.o
 .ARM.attributes
                0x00000546       0x2c build/default/debug/_ext/1530445869/tasks.o
 .ARM.attributes
                0x00000572       0x2c build/default/debug/_ext/1530445869/app.o
 .ARM.attributes
                0x0000059e       0x2c build/default/debug/_ext/1360937237/main.o
 .ARM.attributes
                0x000005ca       0x2c build/default/debug/_ext/1824788055/radio_driver_hal.o
 .ARM.attributes
                0x000005f6       0x2c build/default/debug/_ext/1824788055/sleep.o
 .ARM.attributes
                0x00000622       0x2c build/default/debug/_ext/1824788055/sleep_timer.o
 .ARM.attributes
                0x0000064e       0x2c build/default/debug/_ext/1824788055/sys.o
 .ARM.attributes
                0x0000067a       0x2c c:/program files/microchip/xc32/v3.01/bin/bin/../../lib/gcc/pic32c/8.3.1/../../../../pic32c/lib/thumb/v6-m/nofp\libpic32c.a(data_init.o)
 .ARM.attributes
                0x000006a6       0x1e c:/program files/microchip/xc32/v3.01/bin/bin/../../lib/gcc/pic32c/8.3.1/thumb/v6-m/nofp\libgcc.a(_udivsi3.o)
 .ARM.attributes
                0x000006c4       0x1e c:/program files/microchip/xc32/v3.01/bin/bin/../../lib/gcc/pic32c/8.3.1/thumb/v6-m/nofp\libgcc.a(_divsi3.o)
 .ARM.attributes
                0x000006e2       0x1e c:/program files/microchip/xc32/v3.01/bin/bin/../../lib/gcc/pic32c/8.3.1/thumb/v6-m/nofp\libgcc.a(_dvmd_tls.o)
 .ARM.attributes
                0x00000700       0x1e c:/program files/microchip/xc32/v3.01/bin/bin/../../lib/gcc/pic32c/8.3.1/thumb/v6-m/nofp\libgcc.a(_aeabi_uldivmod.o)
 .ARM.attributes
                0x0000071e       0x2c c:/program files/microchip/xc32/v3.01/bin/bin/../../lib/gcc/pic32c/8.3.1/thumb/v6-m/nofp\libgcc.a(_fixunssfsi.o)
 .ARM.attributes
                0x0000074a       0x2c c:/program files/microchip/xc32/v3.01/bin/bin/../../lib/gcc/pic32c/8.3.1/thumb/v6-m/nofp\libgcc.a(_fixunssfdi.o)
 .ARM.attributes
                0x00000776       0x2c c:/program files/microchip/xc32/v3.01/bin/bin/../../lib/gcc/pic32c/8.3.1/thumb/v6-m/nofp\libgcc.a(_udivmoddi4.o)
 .ARM.attributes
                0x000007a2       0x2c c:/program files/microchip/xc32/v3.01/bin/bin/../../lib/gcc/pic32c/8.3.1/thumb/v6-m/nofp\libgcc.a(mulsf3.o)
 .ARM.attributes
                0x000007ce       0x2c c:/program files/microchip/xc32/v3.01/bin/bin/../../lib/gcc/pic32c/8.3.1/thumb/v6-m/nofp\libgcc.a(subsf3.o)
 .ARM.attributes
                0x000007fa       0x2c c:/program files/microchip/xc32/v3.01/bin/bin/../../lib/gcc/pic32c/8.3.1/thumb/v6-m/nofp\libgcc.a(fixsfsi.o)
 .ARM.attributes
                0x00000826       0x2c c:/program files/microchip/xc32/v3.01/bin/bin/../../lib/gcc/pic32c/8.3.1/thumb/v6-m/nofp\libgcc.a(floatsisf.o)
 .ARM.attributes
                0x00000852       0x2c c:/program files/microchip/xc32/v3.01/bin/bin/../../lib/gcc/pic32c/8.3.1/thumb/v6-m/nofp\libgcc.a(floatunsisf.o)
 .ARM.attributes
                0x0000087e       0x2c c:/program files/microchip/xc32/v3.01/bin/bin/../../lib/gcc/pic32c/8.3.1/thumb/v6-m/nofp\libgcc.a(muldf3.o)
 .ARM.attributes
                0x000008aa       0x2c c:/program files/microchip/xc32/v3.01/bin/bin/../../lib/gcc/pic32c/8.3.1/thumb/v6-m/nofp\libgcc.a(subdf3.o)
 .ARM.attributes
                0x000008d6       0x2c c:/program files/microchip/xc32/v3.01/bin/bin/../../lib/gcc/pic32c/8.3.1/thumb/v6-m/nofp\libgcc.a(floatunsidf.o)
 .ARM.attributes
                0x00000902       0x2c c:/program files/microchip/xc32/v3.01/bin/bin/../../lib/gcc/pic32c/8.3.1/thumb/v6-m/nofp\libgcc.a(extendsfdf2.o)
 .ARM.attributes
                0x0000092e       0x1e c:/program files/microchip/xc32/v3.01/bin/bin/../../lib/gcc/pic32c/8.3.1/thumb/v6-m/nofp\libgcc.a(_arm_cmpsf2.o)
 .ARM.attributes
                0x0000094c       0x1e c:/program files/microchip/xc32/v3.01/bin/bin/../../lib/gcc/pic32c/8.3.1/thumb/v6-m/nofp\libgcc.a(_clzsi2.o)
 .ARM.attributes
                0x0000096a       0x1e c:/program files/microchip/xc32/v3.01/bin/bin/../../lib/gcc/pic32c/8.3.1/thumb/v6-m/nofp\libgcc.a(_clzdi2.o)
 .ARM.attributes
                0x00000988       0x2c c:/program files/microchip/xc32/v3.01/bin/bin/../../lib/gcc/pic32c/8.3.1/thumb/v6-m/nofp\libgcc.a(_fixunsdfsi.o)
 .ARM.attributes
                0x000009b4       0x2c c:/program files/microchip/xc32/v3.01/bin/bin/../../lib/gcc/pic32c/8.3.1/thumb/v6-m/nofp\libgcc.a(eqsf2.o)
 .ARM.attributes
                0x000009e0       0x2c c:/program files/microchip/xc32/v3.01/bin/bin/../../lib/gcc/pic32c/8.3.1/thumb/v6-m/nofp\libgcc.a(gesf2.o)
 .ARM.attributes
                0x00000a0c       0x2c c:/program files/microchip/xc32/v3.01/bin/bin/../../lib/gcc/pic32c/8.3.1/thumb/v6-m/nofp\libgcc.a(lesf2.o)
 .ARM.attributes
                0x00000a38       0x2c c:/program files/microchip/xc32/v3.01/bin/bin/../../lib/gcc/pic32c/8.3.1/thumb/v6-m/nofp\libgcc.a(fixdfsi.o)
 .ARM.attributes
                0x00000a64       0x1e c:/program files/microchip/xc32/v3.01/bin/bin/../../lib/gcc/pic32c/8.3.1/thumb/v6-m/nofp\libgcc.a(_arm_cmpdf2.o)
 .ARM.attributes
                0x00000a82       0x2c c:/program files/microchip/xc32/v3.01/bin/bin/../../lib/gcc/pic32c/8.3.1/thumb/v6-m/nofp\libgcc.a(eqdf2.o)
 .ARM.attributes
                0x00000aae       0x2c c:/program files/microchip/xc32/v3.01/bin/bin/../../lib/gcc/pic32c/8.3.1/thumb/v6-m/nofp\libgcc.a(gedf2.o)
 .ARM.attributes
                0x00000ada       0x2c c:/program files/microchip/xc32/v3.01/bin/bin/../../lib/gcc/pic32c/8.3.1/thumb/v6-m/nofp\libgcc.a(ledf2.o)
 .ARM.attributes
                0x00000b06       0x2c c:/program files/microchip/xc32/v3.01/bin/bin/../../lib/gcc/pic32c/8.3.1/../../../../pic32c/lib/thumb/v6-m/nofp\libg_nano.a(lib_a-init.o)
 .ARM.attributes
                0x00000b32       0x2c c:/program files/microchip/xc32/v3.01/bin/bin/../../lib/gcc/pic32c/8.3.1/../../../../pic32c/lib/thumb/v6-m/nofp\libg_nano.a(lib_a-memcpy-stub.o)
 .ARM.attributes
                0x00000b5e       0x1e c:/program files/microchip/xc32/v3.01/bin/bin/../../lib/gcc/pic32c/8.3.1/thumb/v6-m/nofp/crtn.o

.comment        0x00000000       0x53
 .comment       0x00000000       0x53 c:/program files/microchip/xc32/v3.01/bin/bin/../../lib/gcc/pic32c/8.3.1/thumb/v6-m/nofp/crtbegin.o
                                 0x54 (size before relaxing)
 .comment       0x00000053       0x54 build/default/debug/_ext/1824796116/pmm.o
 .comment       0x00000053       0x54 build/default/debug/_ext/282161921/sw_timer.o
 .comment       0x00000053       0x54 build/default/debug/_ext/1824799377/system_task_manager.o
 .comment       0x00000053       0x54 build/default/debug/_ext/22805713/radio_driver_sx1276.o
 .comment       0x00000053       0x54 build/default/debug/_ext/1824799587/radio_get_set.o
 .comment       0x00000053       0x54 build/default/debug/_ext/1824799587/radio_interface.o
 .comment       0x00000053       0x54 build/default/debug/_ext/1824799587/radio_lbt.o
 .comment       0x00000053       0x54 build/default/debug/_ext/1824799587/radio_task_manager.o
 .comment       0x00000053       0x54 build/default/debug/_ext/1824799587/radio_transaction.o
 .comment       0x00000053       0x54 build/default/debug/_ext/1530445869/radioconfig.o
 .comment       0x00000053       0x54 build/default/debug/_ext/60163342/plib_adc.o
 .comment       0x00000053       0x54 build/default/debug/_ext/1984496892/plib_clock.o
 .comment       0x00000053       0x54 build/default/debug/_ext/60167341/plib_eic.o
 .comment       0x00000053       0x54 build/default/debug/_ext/1986646378/plib_evsys.o
 .comment       0x00000053       0x54 build/default/debug/_ext/1865468468/plib_nvic.o
 .comment       0x00000053       0x54 build/default/debug/_ext/1593096446/plib_nvmctrl.o
 .comment       0x00000053       0x54 build/default/debug/_ext/829342769/plib_pm.o
 .comment       0x00000053       0x54 build/default/debug/_ext/1865521619/plib_port.o
 .comment       0x00000053       0x54 build/default/debug/_ext/1865585090/plib_rstc.o
 .comment       0x00000053       0x54 build/default/debug/_ext/60180175/plib_rtc_timer.o
 .comment       0x00000053       0x54 build/default/debug/_ext/17022449/plib_sercom4_spi_master.o
 .comment       0x00000053       0x54 build/default/debug/_ext/1865616679/plib_supc.o
 .comment       0x00000053       0x54 build/default/debug/_ext/1827571544/plib_systick.o
 .comment       0x00000053       0x54 build/default/debug/_ext/829342655/plib_tc0.o
 .comment       0x00000053       0x54 build/default/debug/_ext/1881668453/sys_int.o
 .comment       0x00000053       0x54 build/default/debug/_ext/1171490990/exceptions.o
 .comment       0x00000053       0x54 build/default/debug/_ext/1171490990/interrupts.o
 .comment       0x00000053       0x54 build/default/debug/_ext/1171490990/startup_xc32.o
 .comment       0x00000053       0x54 build/default/debug/_ext/1171490990/initialization.o
 .comment       0x00000053       0x54 build/default/debug/_ext/1530445869/tasks.o
 .comment       0x00000053       0x54 build/default/debug/_ext/1530445869/app.o
 .comment       0x00000053       0x54 build/default/debug/_ext/1360937237/main.o
 .comment       0x00000053       0x54 build/default/debug/_ext/1824788055/radio_driver_hal.o
 .comment       0x00000053       0x54 build/default/debug/_ext/1824788055/sleep.o
 .comment       0x00000053       0x54 build/default/debug/_ext/1824788055/sleep_timer.o
 .comment       0x00000053       0x54 build/default/debug/_ext/1824788055/sys.o
 .comment       0x00000053       0x54 c:/program files/microchip/xc32/v3.01/bin/bin/../../lib/gcc/pic32c/8.3.1/../../../../pic32c/lib/thumb/v6-m/nofp\libpic32c.a(data_init.o)
 .comment       0x00000053       0x54 c:/program files/microchip/xc32/v3.01/bin/bin/../../lib/gcc/pic32c/8.3.1/thumb/v6-m/nofp\libgcc.a(_fixunssfsi.o)
 .comment       0x00000053       0x54 c:/program files/microchip/xc32/v3.01/bin/bin/../../lib/gcc/pic32c/8.3.1/thumb/v6-m/nofp\libgcc.a(_fixunssfdi.o)
 .comment       0x00000053       0x54 c:/program files/microchip/xc32/v3.01/bin/bin/../../lib/gcc/pic32c/8.3.1/thumb/v6-m/nofp\libgcc.a(_udivmoddi4.o)
 .comment       0x00000053       0x54 c:/program files/microchip/xc32/v3.01/bin/bin/../../lib/gcc/pic32c/8.3.1/thumb/v6-m/nofp\libgcc.a(mulsf3.o)
 .comment       0x00000053       0x54 c:/program files/microchip/xc32/v3.01/bin/bin/../../lib/gcc/pic32c/8.3.1/thumb/v6-m/nofp\libgcc.a(subsf3.o)
 .comment       0x00000053       0x54 c:/program files/microchip/xc32/v3.01/bin/bin/../../lib/gcc/pic32c/8.3.1/thumb/v6-m/nofp\libgcc.a(fixsfsi.o)
 .comment       0x00000053       0x54 c:/program files/microchip/xc32/v3.01/bin/bin/../../lib/gcc/pic32c/8.3.1/thumb/v6-m/nofp\libgcc.a(floatsisf.o)
 .comment       0x00000053       0x54 c:/program files/microchip/xc32/v3.01/bin/bin/../../lib/gcc/pic32c/8.3.1/thumb/v6-m/nofp\libgcc.a(floatunsisf.o)
 .comment       0x00000053       0x54 c:/program files/microchip/xc32/v3.01/bin/bin/../../lib/gcc/pic32c/8.3.1/thumb/v6-m/nofp\libgcc.a(muldf3.o)
 .comment       0x00000053       0x54 c:/program files/microchip/xc32/v3.01/bin/bin/../../lib/gcc/pic32c/8.3.1/thumb/v6-m/nofp\libgcc.a(subdf3.o)
 .comment       0x00000053       0x54 c:/program files/microchip/xc32/v3.01/bin/bin/../../lib/gcc/pic32c/8.3.1/thumb/v6-m/nofp\libgcc.a(floatunsidf.o)
 .comment       0x00000053       0x54 c:/program files/microchip/xc32/v3.01/bin/bin/../../lib/gcc/pic32c/8.3.1/thumb/v6-m/nofp\libgcc.a(extendsfdf2.o)
 .comment       0x00000053       0x54 c:/program files/microchip/xc32/v3.01/bin/bin/../../lib/gcc/pic32c/8.3.1/thumb/v6-m/nofp\libgcc.a(_fixunsdfsi.o)
 .comment       0x00000053       0x54 c:/program files/microchip/xc32/v3.01/bin/bin/../../lib/gcc/pic32c/8.3.1/thumb/v6-m/nofp\libgcc.a(eqsf2.o)
 .comment       0x00000053       0x54 c:/program files/microchip/xc32/v3.01/bin/bin/../../lib/gcc/pic32c/8.3.1/thumb/v6-m/nofp\libgcc.a(gesf2.o)
 .comment       0x00000053       0x54 c:/program files/microchip/xc32/v3.01/bin/bin/../../lib/gcc/pic32c/8.3.1/thumb/v6-m/nofp\libgcc.a(lesf2.o)
 .comment       0x00000053       0x54 c:/program files/microchip/xc32/v3.01/bin/bin/../../lib/gcc/pic32c/8.3.1/thumb/v6-m/nofp\libgcc.a(fixdfsi.o)
 .comment       0x00000053       0x54 c:/program files/microchip/xc32/v3.01/bin/bin/../../lib/gcc/pic32c/8.3.1/thumb/v6-m/nofp\libgcc.a(eqdf2.o)
 .comment       0x00000053       0x54 c:/program files/microchip/xc32/v3.01/bin/bin/../../lib/gcc/pic32c/8.3.1/thumb/v6-m/nofp\libgcc.a(gedf2.o)
 .comment       0x00000053       0x54 c:/program files/microchip/xc32/v3.01/bin/bin/../../lib/gcc/pic32c/8.3.1/thumb/v6-m/nofp\libgcc.a(ledf2.o)
 .comment       0x00000053       0x54 c:/program files/microchip/xc32/v3.01/bin/bin/../../lib/gcc/pic32c/8.3.1/../../../../pic32c/lib/thumb/v6-m/nofp\libg_nano.a(lib_a-init.o)
 .comment       0x00000053       0x54 c:/program files/microchip/xc32/v3.01/bin/bin/../../lib/gcc/pic32c/8.3.1/../../../../pic32c/lib/thumb/v6-m/nofp\libg_nano.a(lib_a-memcpy-stub.o)

.debug_info     0x00000000    0x52177
 .debug_info    0x00000000     0x307d build/default/debug/_ext/1824796116/pmm.o
 .debug_info    0x0000307d     0x4556 build/default/debug/_ext/282161921/sw_timer.o
 .debug_info    0x000075d3      0x542 build/default/debug/_ext/1824799377/system_task_manager.o
 .debug_info    0x00007b15     0x33a5 build/default/debug/_ext/22805713/radio_driver_sx1276.o
 .debug_info    0x0000aeba     0x3744 build/default/debug/_ext/1824799587/radio_get_set.o
 .debug_info    0x0000e5fe     0x2cd2 build/default/debug/_ext/1824799587/radio_interface.o
 .debug_info    0x000112d0     0x311e build/default/debug/_ext/1824799587/radio_lbt.o
 .debug_info    0x000143ee      0x621 build/default/debug/_ext/1824799587/radio_task_manager.o
 .debug_info    0x00014a0f     0x53ae build/default/debug/_ext/1824799587/radio_transaction.o
 .debug_info    0x00019dbd     0x2fd3 build/default/debug/_ext/1530445869/radioconfig.o
 .debug_info    0x0001cd90      0xcbc build/default/debug/_ext/60163342/plib_adc.o
 .debug_info    0x0001da4c      0xb65 build/default/debug/_ext/1984496892/plib_clock.o
 .debug_info    0x0001e5b1      0x74a build/default/debug/_ext/60167341/plib_eic.o
 .debug_info    0x0001ecfb      0x30f build/default/debug/_ext/1986646378/plib_evsys.o
 .debug_info    0x0001f00a      0xab3 build/default/debug/_ext/1865468468/plib_nvic.o
 .debug_info    0x0001fabd     0x150c build/default/debug/_ext/1593096446/plib_nvmctrl.o
 .debug_info    0x00020fc9      0x630 build/default/debug/_ext/829342769/plib_pm.o
 .debug_info    0x000215f9      0xc9c build/default/debug/_ext/1865521619/plib_port.o
 .debug_info    0x00022295      0x5c5 build/default/debug/_ext/1865585090/plib_rstc.o
 .debug_info    0x0002285a     0x17a0 build/default/debug/_ext/60180175/plib_rtc_timer.o
 .debug_info    0x00023ffa     0x121a build/default/debug/_ext/17022449/plib_sercom4_spi_master.o
 .debug_info    0x00025214      0x5d1 build/default/debug/_ext/1865616679/plib_supc.o
 .debug_info    0x000257e5      0x699 build/default/debug/_ext/1827571544/plib_systick.o
 .debug_info    0x00025e7e      0xd17 build/default/debug/_ext/829342655/plib_tc0.o
 .debug_info    0x00026b95      0x9f7 build/default/debug/_ext/1881668453/sys_int.o
 .debug_info    0x0002758c     0x2749 build/default/debug/_ext/1171490990/exceptions.o
 .debug_info    0x00029cd5     0x3129 build/default/debug/_ext/1171490990/interrupts.o
 .debug_info    0x0002cdfe      0x4a6 build/default/debug/_ext/1171490990/startup_xc32.o
 .debug_info    0x0002d2a4     0x2aba build/default/debug/_ext/1171490990/initialization.o
 .debug_info    0x0002fd5e     0x274a build/default/debug/_ext/1530445869/tasks.o
 .debug_info    0x000324a8     0x3f3f build/default/debug/_ext/1530445869/app.o
 .debug_info    0x000363e7     0x273e build/default/debug/_ext/1360937237/main.o
 .debug_info    0x00038b25     0x4711 build/default/debug/_ext/1824788055/radio_driver_hal.o
 .debug_info    0x0003d236     0x27e7 build/default/debug/_ext/1824788055/sleep.o
 .debug_info    0x0003fa1d     0x293f build/default/debug/_ext/1824788055/sleep_timer.o
 .debug_info    0x0004235c     0x2ed1 build/default/debug/_ext/1824788055/sys.o
 .debug_info    0x0004522d      0x2c3 c:/program files/microchip/xc32/v3.01/bin/bin/../../lib/gcc/pic32c/8.3.1/../../../../pic32c/lib/thumb/v6-m/nofp\libpic32c.a(data_init.o)
 .debug_info    0x000454f0       0x26 c:/program files/microchip/xc32/v3.01/bin/bin/../../lib/gcc/pic32c/8.3.1/thumb/v6-m/nofp\libgcc.a(_udivsi3.o)
 .debug_info    0x00045516       0x26 c:/program files/microchip/xc32/v3.01/bin/bin/../../lib/gcc/pic32c/8.3.1/thumb/v6-m/nofp\libgcc.a(_divsi3.o)
 .debug_info    0x0004553c       0x26 c:/program files/microchip/xc32/v3.01/bin/bin/../../lib/gcc/pic32c/8.3.1/thumb/v6-m/nofp\libgcc.a(_dvmd_tls.o)
 .debug_info    0x00045562       0x26 c:/program files/microchip/xc32/v3.01/bin/bin/../../lib/gcc/pic32c/8.3.1/thumb/v6-m/nofp\libgcc.a(_aeabi_uldivmod.o)
 .debug_info    0x00045588     0x1b5e c:/program files/microchip/xc32/v3.01/bin/bin/../../lib/gcc/pic32c/8.3.1/thumb/v6-m/nofp\libgcc.a(_fixunssfsi.o)
 .debug_info    0x000470e6     0x1bb5 c:/program files/microchip/xc32/v3.01/bin/bin/../../lib/gcc/pic32c/8.3.1/thumb/v6-m/nofp\libgcc.a(_fixunssfdi.o)
 .debug_info    0x00048c9b     0x1c12 c:/program files/microchip/xc32/v3.01/bin/bin/../../lib/gcc/pic32c/8.3.1/thumb/v6-m/nofp\libgcc.a(_udivmoddi4.o)
 .debug_info    0x0004a8ad      0x6e2 c:/program files/microchip/xc32/v3.01/bin/bin/../../lib/gcc/pic32c/8.3.1/thumb/v6-m/nofp\libgcc.a(mulsf3.o)
 .debug_info    0x0004af8f      0x63e c:/program files/microchip/xc32/v3.01/bin/bin/../../lib/gcc/pic32c/8.3.1/thumb/v6-m/nofp\libgcc.a(subsf3.o)
 .debug_info    0x0004b5cd      0x441 c:/program files/microchip/xc32/v3.01/bin/bin/../../lib/gcc/pic32c/8.3.1/thumb/v6-m/nofp\libgcc.a(fixsfsi.o)
 .debug_info    0x0004ba0e      0x522 c:/program files/microchip/xc32/v3.01/bin/bin/../../lib/gcc/pic32c/8.3.1/thumb/v6-m/nofp\libgcc.a(floatsisf.o)
 .debug_info    0x0004bf30      0x515 c:/program files/microchip/xc32/v3.01/bin/bin/../../lib/gcc/pic32c/8.3.1/thumb/v6-m/nofp\libgcc.a(floatunsisf.o)
 .debug_info    0x0004c445      0xc00 c:/program files/microchip/xc32/v3.01/bin/bin/../../lib/gcc/pic32c/8.3.1/thumb/v6-m/nofp\libgcc.a(muldf3.o)
 .debug_info    0x0004d045      0x90d c:/program files/microchip/xc32/v3.01/bin/bin/../../lib/gcc/pic32c/8.3.1/thumb/v6-m/nofp\libgcc.a(subdf3.o)
 .debug_info    0x0004d952      0x5b1 c:/program files/microchip/xc32/v3.01/bin/bin/../../lib/gcc/pic32c/8.3.1/thumb/v6-m/nofp\libgcc.a(floatunsidf.o)
 .debug_info    0x0004df03      0x531 c:/program files/microchip/xc32/v3.01/bin/bin/../../lib/gcc/pic32c/8.3.1/thumb/v6-m/nofp\libgcc.a(extendsfdf2.o)
 .debug_info    0x0004e434       0x26 c:/program files/microchip/xc32/v3.01/bin/bin/../../lib/gcc/pic32c/8.3.1/thumb/v6-m/nofp\libgcc.a(_arm_cmpsf2.o)
 .debug_info    0x0004e45a       0x26 c:/program files/microchip/xc32/v3.01/bin/bin/../../lib/gcc/pic32c/8.3.1/thumb/v6-m/nofp\libgcc.a(_clzsi2.o)
 .debug_info    0x0004e480       0x26 c:/program files/microchip/xc32/v3.01/bin/bin/../../lib/gcc/pic32c/8.3.1/thumb/v6-m/nofp\libgcc.a(_clzdi2.o)
 .debug_info    0x0004e4a6     0x1b5e c:/program files/microchip/xc32/v3.01/bin/bin/../../lib/gcc/pic32c/8.3.1/thumb/v6-m/nofp\libgcc.a(_fixunsdfsi.o)
 .debug_info    0x00050004      0x491 c:/program files/microchip/xc32/v3.01/bin/bin/../../lib/gcc/pic32c/8.3.1/thumb/v6-m/nofp\libgcc.a(eqsf2.o)
 .debug_info    0x00050495      0x4c3 c:/program files/microchip/xc32/v3.01/bin/bin/../../lib/gcc/pic32c/8.3.1/thumb/v6-m/nofp\libgcc.a(gesf2.o)
 .debug_info    0x00050958      0x4c3 c:/program files/microchip/xc32/v3.01/bin/bin/../../lib/gcc/pic32c/8.3.1/thumb/v6-m/nofp\libgcc.a(lesf2.o)
 .debug_info    0x00050e1b      0x462 c:/program files/microchip/xc32/v3.01/bin/bin/../../lib/gcc/pic32c/8.3.1/thumb/v6-m/nofp\libgcc.a(fixdfsi.o)
 .debug_info    0x0005127d       0x26 c:/program files/microchip/xc32/v3.01/bin/bin/../../lib/gcc/pic32c/8.3.1/thumb/v6-m/nofp\libgcc.a(_arm_cmpdf2.o)
 .debug_info    0x000512a3      0x4ca c:/program files/microchip/xc32/v3.01/bin/bin/../../lib/gcc/pic32c/8.3.1/thumb/v6-m/nofp\libgcc.a(eqdf2.o)
 .debug_info    0x0005176d      0x505 c:/program files/microchip/xc32/v3.01/bin/bin/../../lib/gcc/pic32c/8.3.1/thumb/v6-m/nofp\libgcc.a(gedf2.o)
 .debug_info    0x00051c72      0x505 c:/program files/microchip/xc32/v3.01/bin/bin/../../lib/gcc/pic32c/8.3.1/thumb/v6-m/nofp\libgcc.a(ledf2.o)

.debug_abbrev   0x00000000     0x7336
 .debug_abbrev  0x00000000      0x325 build/default/debug/_ext/1824796116/pmm.o
 .debug_abbrev  0x00000325      0x532 build/default/debug/_ext/282161921/sw_timer.o
 .debug_abbrev  0x00000857      0x11c build/default/debug/_ext/1824799377/system_task_manager.o
 .debug_abbrev  0x00000973      0x36d build/default/debug/_ext/22805713/radio_driver_sx1276.o
 .debug_abbrev  0x00000ce0      0x443 build/default/debug/_ext/1824799587/radio_get_set.o
 .debug_abbrev  0x00001123      0x344 build/default/debug/_ext/1824799587/radio_interface.o
 .debug_abbrev  0x00001467      0x343 build/default/debug/_ext/1824799587/radio_lbt.o
 .debug_abbrev  0x000017aa      0x148 build/default/debug/_ext/1824799587/radio_task_manager.o
 .debug_abbrev  0x000018f2      0x624 build/default/debug/_ext/1824799587/radio_transaction.o
 .debug_abbrev  0x00001f16      0x2ff build/default/debug/_ext/1530445869/radioconfig.o
 .debug_abbrev  0x00002215      0x17b build/default/debug/_ext/60163342/plib_adc.o
 .debug_abbrev  0x00002390      0x160 build/default/debug/_ext/1984496892/plib_clock.o
 .debug_abbrev  0x000024f0      0x1ae build/default/debug/_ext/60167341/plib_eic.o
 .debug_abbrev  0x0000269e       0x3b build/default/debug/_ext/1986646378/plib_evsys.o
 .debug_abbrev  0x000026d9      0x1e1 build/default/debug/_ext/1865468468/plib_nvic.o
 .debug_abbrev  0x000028ba      0x2a7 build/default/debug/_ext/1593096446/plib_nvmctrl.o
 .debug_abbrev  0x00002b61       0xec build/default/debug/_ext/829342769/plib_pm.o
 .debug_abbrev  0x00002c4d      0x1d6 build/default/debug/_ext/1865521619/plib_port.o
 .debug_abbrev  0x00002e23       0xa6 build/default/debug/_ext/1865585090/plib_rstc.o
 .debug_abbrev  0x00002ec9      0x255 build/default/debug/_ext/60180175/plib_rtc_timer.o
 .debug_abbrev  0x0000311e      0x233 build/default/debug/_ext/17022449/plib_sercom4_spi_master.o
 .debug_abbrev  0x00003351       0xf8 build/default/debug/_ext/1865616679/plib_supc.o
 .debug_abbrev  0x00003449      0x117 build/default/debug/_ext/1827571544/plib_systick.o
 .debug_abbrev  0x00003560      0x218 build/default/debug/_ext/829342655/plib_tc0.o
 .debug_abbrev  0x00003778      0x246 build/default/debug/_ext/1881668453/sys_int.o
 .debug_abbrev  0x000039be      0x245 build/default/debug/_ext/1171490990/exceptions.o
 .debug_abbrev  0x00003c03      0x252 build/default/debug/_ext/1171490990/interrupts.o
 .debug_abbrev  0x00003e55      0x11f build/default/debug/_ext/1171490990/startup_xc32.o
 .debug_abbrev  0x00003f74      0x28b build/default/debug/_ext/1171490990/initialization.o
 .debug_abbrev  0x000041ff      0x263 build/default/debug/_ext/1530445869/tasks.o
 .debug_abbrev  0x00004462      0x465 build/default/debug/_ext/1530445869/app.o
 .debug_abbrev  0x000048c7      0x27e build/default/debug/_ext/1360937237/main.o
 .debug_abbrev  0x00004b45      0x4ab build/default/debug/_ext/1824788055/radio_driver_hal.o
 .debug_abbrev  0x00004ff0      0x277 build/default/debug/_ext/1824788055/sleep.o
 .debug_abbrev  0x00005267      0x2b9 build/default/debug/_ext/1824788055/sleep_timer.o
 .debug_abbrev  0x00005520      0x324 build/default/debug/_ext/1824788055/sys.o
 .debug_abbrev  0x00005844       0x2e c:/program files/microchip/xc32/v3.01/bin/bin/../../lib/gcc/pic32c/8.3.1/../../../../pic32c/lib/thumb/v6-m/nofp\libpic32c.a(data_init.o)
 .debug_abbrev  0x00005872       0x14 c:/program files/microchip/xc32/v3.01/bin/bin/../../lib/gcc/pic32c/8.3.1/thumb/v6-m/nofp\libgcc.a(_udivsi3.o)
 .debug_abbrev  0x00005886       0x14 c:/program files/microchip/xc32/v3.01/bin/bin/../../lib/gcc/pic32c/8.3.1/thumb/v6-m/nofp\libgcc.a(_divsi3.o)
 .debug_abbrev  0x0000589a       0x14 c:/program files/microchip/xc32/v3.01/bin/bin/../../lib/gcc/pic32c/8.3.1/thumb/v6-m/nofp\libgcc.a(_dvmd_tls.o)
 .debug_abbrev  0x000058ae       0x14 c:/program files/microchip/xc32/v3.01/bin/bin/../../lib/gcc/pic32c/8.3.1/thumb/v6-m/nofp\libgcc.a(_aeabi_uldivmod.o)
 .debug_abbrev  0x000058c2      0x130 c:/program files/microchip/xc32/v3.01/bin/bin/../../lib/gcc/pic32c/8.3.1/thumb/v6-m/nofp\libgcc.a(_fixunssfsi.o)
 .debug_abbrev  0x000059f2      0x144 c:/program files/microchip/xc32/v3.01/bin/bin/../../lib/gcc/pic32c/8.3.1/thumb/v6-m/nofp\libgcc.a(_fixunssfdi.o)
 .debug_abbrev  0x00005b36      0x157 c:/program files/microchip/xc32/v3.01/bin/bin/../../lib/gcc/pic32c/8.3.1/thumb/v6-m/nofp\libgcc.a(_udivmoddi4.o)
 .debug_abbrev  0x00005c8d      0x161 c:/program files/microchip/xc32/v3.01/bin/bin/../../lib/gcc/pic32c/8.3.1/thumb/v6-m/nofp\libgcc.a(mulsf3.o)
 .debug_abbrev  0x00005dee      0x172 c:/program files/microchip/xc32/v3.01/bin/bin/../../lib/gcc/pic32c/8.3.1/thumb/v6-m/nofp\libgcc.a(subsf3.o)
 .debug_abbrev  0x00005f60      0x153 c:/program files/microchip/xc32/v3.01/bin/bin/../../lib/gcc/pic32c/8.3.1/thumb/v6-m/nofp\libgcc.a(fixsfsi.o)
 .debug_abbrev  0x000060b3      0x14d c:/program files/microchip/xc32/v3.01/bin/bin/../../lib/gcc/pic32c/8.3.1/thumb/v6-m/nofp\libgcc.a(floatsisf.o)
 .debug_abbrev  0x00006200      0x14d c:/program files/microchip/xc32/v3.01/bin/bin/../../lib/gcc/pic32c/8.3.1/thumb/v6-m/nofp\libgcc.a(floatunsisf.o)
 .debug_abbrev  0x0000634d      0x16f c:/program files/microchip/xc32/v3.01/bin/bin/../../lib/gcc/pic32c/8.3.1/thumb/v6-m/nofp\libgcc.a(muldf3.o)
 .debug_abbrev  0x000064bc      0x177 c:/program files/microchip/xc32/v3.01/bin/bin/../../lib/gcc/pic32c/8.3.1/thumb/v6-m/nofp\libgcc.a(subdf3.o)
 .debug_abbrev  0x00006633      0x136 c:/program files/microchip/xc32/v3.01/bin/bin/../../lib/gcc/pic32c/8.3.1/thumb/v6-m/nofp\libgcc.a(floatunsidf.o)
 .debug_abbrev  0x00006769      0x127 c:/program files/microchip/xc32/v3.01/bin/bin/../../lib/gcc/pic32c/8.3.1/thumb/v6-m/nofp\libgcc.a(extendsfdf2.o)
 .debug_abbrev  0x00006890       0x14 c:/program files/microchip/xc32/v3.01/bin/bin/../../lib/gcc/pic32c/8.3.1/thumb/v6-m/nofp\libgcc.a(_arm_cmpsf2.o)
 .debug_abbrev  0x000068a4       0x14 c:/program files/microchip/xc32/v3.01/bin/bin/../../lib/gcc/pic32c/8.3.1/thumb/v6-m/nofp\libgcc.a(_clzsi2.o)
 .debug_abbrev  0x000068b8       0x14 c:/program files/microchip/xc32/v3.01/bin/bin/../../lib/gcc/pic32c/8.3.1/thumb/v6-m/nofp\libgcc.a(_clzdi2.o)
 .debug_abbrev  0x000068cc      0x130 c:/program files/microchip/xc32/v3.01/bin/bin/../../lib/gcc/pic32c/8.3.1/thumb/v6-m/nofp\libgcc.a(_fixunsdfsi.o)
 .debug_abbrev  0x000069fc      0x14a c:/program files/microchip/xc32/v3.01/bin/bin/../../lib/gcc/pic32c/8.3.1/thumb/v6-m/nofp\libgcc.a(eqsf2.o)
 .debug_abbrev  0x00006b46      0x14c c:/program files/microchip/xc32/v3.01/bin/bin/../../lib/gcc/pic32c/8.3.1/thumb/v6-m/nofp\libgcc.a(gesf2.o)
 .debug_abbrev  0x00006c92      0x14c c:/program files/microchip/xc32/v3.01/bin/bin/../../lib/gcc/pic32c/8.3.1/thumb/v6-m/nofp\libgcc.a(lesf2.o)
 .debug_abbrev  0x00006dde      0x151 c:/program files/microchip/xc32/v3.01/bin/bin/../../lib/gcc/pic32c/8.3.1/thumb/v6-m/nofp\libgcc.a(fixdfsi.o)
 .debug_abbrev  0x00006f2f       0x14 c:/program files/microchip/xc32/v3.01/bin/bin/../../lib/gcc/pic32c/8.3.1/thumb/v6-m/nofp\libgcc.a(_arm_cmpdf2.o)
 .debug_abbrev  0x00006f43      0x15b c:/program files/microchip/xc32/v3.01/bin/bin/../../lib/gcc/pic32c/8.3.1/thumb/v6-m/nofp\libgcc.a(eqdf2.o)
 .debug_abbrev  0x0000709e      0x14c c:/program files/microchip/xc32/v3.01/bin/bin/../../lib/gcc/pic32c/8.3.1/thumb/v6-m/nofp\libgcc.a(gedf2.o)
 .debug_abbrev  0x000071ea      0x14c c:/program files/microchip/xc32/v3.01/bin/bin/../../lib/gcc/pic32c/8.3.1/thumb/v6-m/nofp\libgcc.a(ledf2.o)

.debug_loc      0x00000000     0xaaf6
 .debug_loc     0x00000000      0x2ff build/default/debug/_ext/1824796116/pmm.o
 .debug_loc     0x000002ff      0xa58 build/default/debug/_ext/282161921/sw_timer.o
 .debug_loc     0x00000d57       0xa5 build/default/debug/_ext/1824799377/system_task_manager.o
 .debug_loc     0x00000dfc      0x3fc build/default/debug/_ext/22805713/radio_driver_sx1276.o
 .debug_loc     0x000011f8      0xbb1 build/default/debug/_ext/1824799587/radio_get_set.o
 .debug_loc     0x00001da9      0x238 build/default/debug/_ext/1824799587/radio_interface.o
 .debug_loc     0x00001fe1       0xc6 build/default/debug/_ext/1824799587/radio_lbt.o
 .debug_loc     0x000020a7       0xea build/default/debug/_ext/1824799587/radio_task_manager.o
 .debug_loc     0x00002191      0x878 build/default/debug/_ext/1824799587/radio_transaction.o
 .debug_loc     0x00002a09       0x7d build/default/debug/_ext/1530445869/radioconfig.o
 .debug_loc     0x00002a86      0x12a build/default/debug/_ext/60163342/plib_adc.o
 .debug_loc     0x00002bb0       0x55 build/default/debug/_ext/1984496892/plib_clock.o
 .debug_loc     0x00002c05      0x115 build/default/debug/_ext/60167341/plib_eic.o
 .debug_loc     0x00002d1a       0x9c build/default/debug/_ext/1865468468/plib_nvic.o
 .debug_loc     0x00002db6      0x3a4 build/default/debug/_ext/1593096446/plib_nvmctrl.o
 .debug_loc     0x0000315a       0x63 build/default/debug/_ext/829342769/plib_pm.o
 .debug_loc     0x000031bd      0x246 build/default/debug/_ext/1865521619/plib_port.o
 .debug_loc     0x00003403       0x6a build/default/debug/_ext/60180175/plib_rtc_timer.o
 .debug_loc     0x0000346d      0x665 build/default/debug/_ext/17022449/plib_sercom4_spi_master.o
 .debug_loc     0x00003ad2       0x83 build/default/debug/_ext/1865616679/plib_supc.o
 .debug_loc     0x00003b55      0x2d3 build/default/debug/_ext/1827571544/plib_systick.o
 .debug_loc     0x00003e28       0xe8 build/default/debug/_ext/829342655/plib_tc0.o
 .debug_loc     0x00003f10      0x17d build/default/debug/_ext/1881668453/sys_int.o
 .debug_loc     0x0000408d       0x20 build/default/debug/_ext/1171490990/startup_xc32.o
 .debug_loc     0x000040ad       0x45 build/default/debug/_ext/1171490990/initialization.o
 .debug_loc     0x000040f2       0x20 build/default/debug/_ext/1530445869/tasks.o
 .debug_loc     0x00004112      0x327 build/default/debug/_ext/1530445869/app.o
 .debug_loc     0x00004439       0x20 build/default/debug/_ext/1360937237/main.o
 .debug_loc     0x00004459      0x5b8 build/default/debug/_ext/1824788055/radio_driver_hal.o
 .debug_loc     0x00004a11       0x7f build/default/debug/_ext/1824788055/sleep.o
 .debug_loc     0x00004a90       0xe4 build/default/debug/_ext/1824788055/sleep_timer.o
 .debug_loc     0x00004b74      0x171 build/default/debug/_ext/1824788055/sys.o
 .debug_loc     0x00004ce5       0x14 c:/program files/microchip/xc32/v3.01/bin/bin/../../lib/gcc/pic32c/8.3.1/../../../../pic32c/lib/thumb/v6-m/nofp\libpic32c.a(data_init.o)
 .debug_loc     0x00004cf9       0x62 c:/program files/microchip/xc32/v3.01/bin/bin/../../lib/gcc/pic32c/8.3.1/thumb/v6-m/nofp\libgcc.a(_fixunssfsi.o)
 .debug_loc     0x00004d5b       0xed c:/program files/microchip/xc32/v3.01/bin/bin/../../lib/gcc/pic32c/8.3.1/thumb/v6-m/nofp\libgcc.a(_fixunssfdi.o)
 .debug_loc     0x00004e48      0x41c c:/program files/microchip/xc32/v3.01/bin/bin/../../lib/gcc/pic32c/8.3.1/thumb/v6-m/nofp\libgcc.a(_udivmoddi4.o)
 .debug_loc     0x00005264      0x8ef c:/program files/microchip/xc32/v3.01/bin/bin/../../lib/gcc/pic32c/8.3.1/thumb/v6-m/nofp\libgcc.a(mulsf3.o)
 .debug_loc     0x00005b53      0x8e2 c:/program files/microchip/xc32/v3.01/bin/bin/../../lib/gcc/pic32c/8.3.1/thumb/v6-m/nofp\libgcc.a(subsf3.o)
 .debug_loc     0x00006435       0xf4 c:/program files/microchip/xc32/v3.01/bin/bin/../../lib/gcc/pic32c/8.3.1/thumb/v6-m/nofp\libgcc.a(fixsfsi.o)
 .debug_loc     0x00006529      0x21e c:/program files/microchip/xc32/v3.01/bin/bin/../../lib/gcc/pic32c/8.3.1/thumb/v6-m/nofp\libgcc.a(floatsisf.o)
 .debug_loc     0x00006747      0x228 c:/program files/microchip/xc32/v3.01/bin/bin/../../lib/gcc/pic32c/8.3.1/thumb/v6-m/nofp\libgcc.a(floatunsisf.o)
 .debug_loc     0x0000696f     0x11a6 c:/program files/microchip/xc32/v3.01/bin/bin/../../lib/gcc/pic32c/8.3.1/thumb/v6-m/nofp\libgcc.a(muldf3.o)
 .debug_loc     0x00007b15     0x192c c:/program files/microchip/xc32/v3.01/bin/bin/../../lib/gcc/pic32c/8.3.1/thumb/v6-m/nofp\libgcc.a(subdf3.o)
 .debug_loc     0x00009441      0x2ca c:/program files/microchip/xc32/v3.01/bin/bin/../../lib/gcc/pic32c/8.3.1/thumb/v6-m/nofp\libgcc.a(floatunsidf.o)
 .debug_loc     0x0000970b      0x26c c:/program files/microchip/xc32/v3.01/bin/bin/../../lib/gcc/pic32c/8.3.1/thumb/v6-m/nofp\libgcc.a(extendsfdf2.o)
 .debug_loc     0x00009977       0x4d c:/program files/microchip/xc32/v3.01/bin/bin/../../lib/gcc/pic32c/8.3.1/thumb/v6-m/nofp\libgcc.a(_fixunsdfsi.o)
 .debug_loc     0x000099c4      0x166 c:/program files/microchip/xc32/v3.01/bin/bin/../../lib/gcc/pic32c/8.3.1/thumb/v6-m/nofp\libgcc.a(eqsf2.o)
 .debug_loc     0x00009b2a      0x27d c:/program files/microchip/xc32/v3.01/bin/bin/../../lib/gcc/pic32c/8.3.1/thumb/v6-m/nofp\libgcc.a(gesf2.o)
 .debug_loc     0x00009da7      0x272 c:/program files/microchip/xc32/v3.01/bin/bin/../../lib/gcc/pic32c/8.3.1/thumb/v6-m/nofp\libgcc.a(lesf2.o)
 .debug_loc     0x0000a019      0x1a8 c:/program files/microchip/xc32/v3.01/bin/bin/../../lib/gcc/pic32c/8.3.1/thumb/v6-m/nofp\libgcc.a(fixdfsi.o)
 .debug_loc     0x0000a1c1      0x176 c:/program files/microchip/xc32/v3.01/bin/bin/../../lib/gcc/pic32c/8.3.1/thumb/v6-m/nofp\libgcc.a(eqdf2.o)
 .debug_loc     0x0000a337      0x3e0 c:/program files/microchip/xc32/v3.01/bin/bin/../../lib/gcc/pic32c/8.3.1/thumb/v6-m/nofp\libgcc.a(gedf2.o)
 .debug_loc     0x0000a717      0x3df c:/program files/microchip/xc32/v3.01/bin/bin/../../lib/gcc/pic32c/8.3.1/thumb/v6-m/nofp\libgcc.a(ledf2.o)

.debug_aranges  0x00000000      0xed0
 .debug_aranges
                0x00000000       0x28 build/default/debug/_ext/1824796116/pmm.o
 .debug_aranges
                0x00000028       0xb8 build/default/debug/_ext/282161921/sw_timer.o
 .debug_aranges
                0x000000e0       0x30 build/default/debug/_ext/1824799377/system_task_manager.o
 .debug_aranges
                0x00000110       0x40 build/default/debug/_ext/22805713/radio_driver_sx1276.o
 .debug_aranges
                0x00000150       0x40 build/default/debug/_ext/1824799587/radio_get_set.o
 .debug_aranges
                0x00000190       0x58 build/default/debug/_ext/1824799587/radio_interface.o
 .debug_aranges
                0x000001e8       0x30 build/default/debug/_ext/1824799587/radio_lbt.o
 .debug_aranges
                0x00000218       0x30 build/default/debug/_ext/1824799587/radio_task_manager.o
 .debug_aranges
                0x00000248      0x108 build/default/debug/_ext/1824799587/radio_transaction.o
 .debug_aranges
                0x00000350       0x30 build/default/debug/_ext/1530445869/radioconfig.o
 .debug_aranges
                0x00000380       0x80 build/default/debug/_ext/60163342/plib_adc.o
 .debug_aranges
                0x00000400       0x20 build/default/debug/_ext/1984496892/plib_clock.o
 .debug_aranges
                0x00000420       0x40 build/default/debug/_ext/60167341/plib_eic.o
 .debug_aranges
                0x00000460       0x20 build/default/debug/_ext/1986646378/plib_evsys.o
 .debug_aranges
                0x00000480       0x38 build/default/debug/_ext/1865468468/plib_nvic.o
 .debug_aranges
                0x000004b8       0x78 build/default/debug/_ext/1593096446/plib_nvmctrl.o
 .debug_aranges
                0x00000530       0x58 build/default/debug/_ext/829342769/plib_pm.o
 .debug_aranges
                0x00000588       0x70 build/default/debug/_ext/1865521619/plib_port.o
 .debug_aranges
                0x000005f8       0x38 build/default/debug/_ext/1865585090/plib_rstc.o
 .debug_aranges
                0x00000630       0x78 build/default/debug/_ext/60180175/plib_rtc_timer.o
 .debug_aranges
                0x000006a8       0x48 build/default/debug/_ext/17022449/plib_sercom4_spi_master.o
 .debug_aranges
                0x000006f0       0x38 build/default/debug/_ext/1865616679/plib_supc.o
 .debug_aranges
                0x00000728       0x70 build/default/debug/_ext/1827571544/plib_systick.o
 .debug_aranges
                0x00000798       0x78 build/default/debug/_ext/829342655/plib_tc0.o
 .debug_aranges
                0x00000810       0x40 build/default/debug/_ext/1881668453/sys_int.o
 .debug_aranges
                0x00000850       0x28 build/default/debug/_ext/1171490990/exceptions.o
 .debug_aranges
                0x00000878       0x20 build/default/debug/_ext/1171490990/interrupts.o
 .debug_aranges
                0x00000898       0x28 build/default/debug/_ext/1171490990/startup_xc32.o
 .debug_aranges
                0x000008c0       0x20 build/default/debug/_ext/1171490990/initialization.o
 .debug_aranges
                0x000008e0       0x20 build/default/debug/_ext/1530445869/tasks.o
 .debug_aranges
                0x00000900       0x68 build/default/debug/_ext/1530445869/app.o
 .debug_aranges
                0x00000968       0x20 build/default/debug/_ext/1360937237/main.o
 .debug_aranges
                0x00000988      0x108 build/default/debug/_ext/1824788055/radio_driver_hal.o
 .debug_aranges
                0x00000a90       0x20 build/default/debug/_ext/1824788055/sleep.o
 .debug_aranges
                0x00000ab0       0x38 build/default/debug/_ext/1824788055/sleep_timer.o
 .debug_aranges
                0x00000ae8       0x48 build/default/debug/_ext/1824788055/sys.o
 .debug_aranges
                0x00000b30       0x20 c:/program files/microchip/xc32/v3.01/bin/bin/../../lib/gcc/pic32c/8.3.1/../../../../pic32c/lib/thumb/v6-m/nofp\libpic32c.a(data_init.o)
 .debug_aranges
                0x00000b50       0x20 c:/program files/microchip/xc32/v3.01/bin/bin/../../lib/gcc/pic32c/8.3.1/thumb/v6-m/nofp\libgcc.a(_udivsi3.o)
 .debug_aranges
                0x00000b70       0x20 c:/program files/microchip/xc32/v3.01/bin/bin/../../lib/gcc/pic32c/8.3.1/thumb/v6-m/nofp\libgcc.a(_divsi3.o)
 .debug_aranges
                0x00000b90       0x20 c:/program files/microchip/xc32/v3.01/bin/bin/../../lib/gcc/pic32c/8.3.1/thumb/v6-m/nofp\libgcc.a(_dvmd_tls.o)
 .debug_aranges
                0x00000bb0       0x20 c:/program files/microchip/xc32/v3.01/bin/bin/../../lib/gcc/pic32c/8.3.1/thumb/v6-m/nofp\libgcc.a(_aeabi_uldivmod.o)
 .debug_aranges
                0x00000bd0       0x20 c:/program files/microchip/xc32/v3.01/bin/bin/../../lib/gcc/pic32c/8.3.1/thumb/v6-m/nofp\libgcc.a(_fixunssfsi.o)
 .debug_aranges
                0x00000bf0       0x20 c:/program files/microchip/xc32/v3.01/bin/bin/../../lib/gcc/pic32c/8.3.1/thumb/v6-m/nofp\libgcc.a(_fixunssfdi.o)
 .debug_aranges
                0x00000c10       0x20 c:/program files/microchip/xc32/v3.01/bin/bin/../../lib/gcc/pic32c/8.3.1/thumb/v6-m/nofp\libgcc.a(_udivmoddi4.o)
 .debug_aranges
                0x00000c30       0x20 c:/program files/microchip/xc32/v3.01/bin/bin/../../lib/gcc/pic32c/8.3.1/thumb/v6-m/nofp\libgcc.a(mulsf3.o)
 .debug_aranges
                0x00000c50       0x20 c:/program files/microchip/xc32/v3.01/bin/bin/../../lib/gcc/pic32c/8.3.1/thumb/v6-m/nofp\libgcc.a(subsf3.o)
 .debug_aranges
                0x00000c70       0x20 c:/program files/microchip/xc32/v3.01/bin/bin/../../lib/gcc/pic32c/8.3.1/thumb/v6-m/nofp\libgcc.a(fixsfsi.o)
 .debug_aranges
                0x00000c90       0x20 c:/program files/microchip/xc32/v3.01/bin/bin/../../lib/gcc/pic32c/8.3.1/thumb/v6-m/nofp\libgcc.a(floatsisf.o)
 .debug_aranges
                0x00000cb0       0x20 c:/program files/microchip/xc32/v3.01/bin/bin/../../lib/gcc/pic32c/8.3.1/thumb/v6-m/nofp\libgcc.a(floatunsisf.o)
 .debug_aranges
                0x00000cd0       0x20 c:/program files/microchip/xc32/v3.01/bin/bin/../../lib/gcc/pic32c/8.3.1/thumb/v6-m/nofp\libgcc.a(muldf3.o)
 .debug_aranges
                0x00000cf0       0x20 c:/program files/microchip/xc32/v3.01/bin/bin/../../lib/gcc/pic32c/8.3.1/thumb/v6-m/nofp\libgcc.a(subdf3.o)
 .debug_aranges
                0x00000d10       0x20 c:/program files/microchip/xc32/v3.01/bin/bin/../../lib/gcc/pic32c/8.3.1/thumb/v6-m/nofp\libgcc.a(floatunsidf.o)
 .debug_aranges
                0x00000d30       0x20 c:/program files/microchip/xc32/v3.01/bin/bin/../../lib/gcc/pic32c/8.3.1/thumb/v6-m/nofp\libgcc.a(extendsfdf2.o)
 .debug_aranges
                0x00000d50       0x20 c:/program files/microchip/xc32/v3.01/bin/bin/../../lib/gcc/pic32c/8.3.1/thumb/v6-m/nofp\libgcc.a(_arm_cmpsf2.o)
 .debug_aranges
                0x00000d70       0x20 c:/program files/microchip/xc32/v3.01/bin/bin/../../lib/gcc/pic32c/8.3.1/thumb/v6-m/nofp\libgcc.a(_clzsi2.o)
 .debug_aranges
                0x00000d90       0x20 c:/program files/microchip/xc32/v3.01/bin/bin/../../lib/gcc/pic32c/8.3.1/thumb/v6-m/nofp\libgcc.a(_clzdi2.o)
 .debug_aranges
                0x00000db0       0x20 c:/program files/microchip/xc32/v3.01/bin/bin/../../lib/gcc/pic32c/8.3.1/thumb/v6-m/nofp\libgcc.a(_fixunsdfsi.o)
 .debug_aranges
                0x00000dd0       0x20 c:/program files/microchip/xc32/v3.01/bin/bin/../../lib/gcc/pic32c/8.3.1/thumb/v6-m/nofp\libgcc.a(eqsf2.o)
 .debug_aranges
                0x00000df0       0x20 c:/program files/microchip/xc32/v3.01/bin/bin/../../lib/gcc/pic32c/8.3.1/thumb/v6-m/nofp\libgcc.a(gesf2.o)
 .debug_aranges
                0x00000e10       0x20 c:/program files/microchip/xc32/v3.01/bin/bin/../../lib/gcc/pic32c/8.3.1/thumb/v6-m/nofp\libgcc.a(lesf2.o)
 .debug_aranges
                0x00000e30       0x20 c:/program files/microchip/xc32/v3.01/bin/bin/../../lib/gcc/pic32c/8.3.1/thumb/v6-m/nofp\libgcc.a(fixdfsi.o)
 .debug_aranges
                0x00000e50       0x20 c:/program files/microchip/xc32/v3.01/bin/bin/../../lib/gcc/pic32c/8.3.1/thumb/v6-m/nofp\libgcc.a(_arm_cmpdf2.o)
 .debug_aranges
                0x00000e70       0x20 c:/program files/microchip/xc32/v3.01/bin/bin/../../lib/gcc/pic32c/8.3.1/thumb/v6-m/nofp\libgcc.a(eqdf2.o)
 .debug_aranges
                0x00000e90       0x20 c:/program files/microchip/xc32/v3.01/bin/bin/../../lib/gcc/pic32c/8.3.1/thumb/v6-m/nofp\libgcc.a(gedf2.o)
 .debug_aranges
                0x00000eb0       0x20 c:/program files/microchip/xc32/v3.01/bin/bin/../../lib/gcc/pic32c/8.3.1/thumb/v6-m/nofp\libgcc.a(ledf2.o)

.debug_ranges   0x00000000     0x14e8
 .debug_ranges  0x00000000       0x48 build/default/debug/_ext/1824796116/pmm.o
 .debug_ranges  0x00000048       0xd8 build/default/debug/_ext/282161921/sw_timer.o
 .debug_ranges  0x00000120       0x40 build/default/debug/_ext/1824799377/system_task_manager.o
 .debug_ranges  0x00000160       0x30 build/default/debug/_ext/22805713/radio_driver_sx1276.o
 .debug_ranges  0x00000190      0x158 build/default/debug/_ext/1824799587/radio_get_set.o
 .debug_ranges  0x000002e8       0x48 build/default/debug/_ext/1824799587/radio_interface.o
 .debug_ranges  0x00000330       0x20 build/default/debug/_ext/1824799587/radio_lbt.o
 .debug_ranges  0x00000350       0x38 build/default/debug/_ext/1824799587/radio_task_manager.o
 .debug_ranges  0x00000388      0x110 build/default/debug/_ext/1824799587/radio_transaction.o
 .debug_ranges  0x00000498       0x20 build/default/debug/_ext/1530445869/radioconfig.o
 .debug_ranges  0x000004b8       0x70 build/default/debug/_ext/60163342/plib_adc.o
 .debug_ranges  0x00000528       0x10 build/default/debug/_ext/1984496892/plib_clock.o
 .debug_ranges  0x00000538       0x30 build/default/debug/_ext/60167341/plib_eic.o
 .debug_ranges  0x00000568       0x10 build/default/debug/_ext/1986646378/plib_evsys.o
 .debug_ranges  0x00000578       0x28 build/default/debug/_ext/1865468468/plib_nvic.o
 .debug_ranges  0x000005a0       0x68 build/default/debug/_ext/1593096446/plib_nvmctrl.o
 .debug_ranges  0x00000608       0x48 build/default/debug/_ext/829342769/plib_pm.o
 .debug_ranges  0x00000650       0x60 build/default/debug/_ext/1865521619/plib_port.o
 .debug_ranges  0x000006b0       0x28 build/default/debug/_ext/1865585090/plib_rstc.o
 .debug_ranges  0x000006d8       0x68 build/default/debug/_ext/60180175/plib_rtc_timer.o
 .debug_ranges  0x00000740       0x38 build/default/debug/_ext/17022449/plib_sercom4_spi_master.o
 .debug_ranges  0x00000778       0x28 build/default/debug/_ext/1865616679/plib_supc.o
 .debug_ranges  0x000007a0       0x60 build/default/debug/_ext/1827571544/plib_systick.o
 .debug_ranges  0x00000800       0x68 build/default/debug/_ext/829342655/plib_tc0.o
 .debug_ranges  0x00000868       0x48 build/default/debug/_ext/1881668453/sys_int.o
 .debug_ranges  0x000008b0       0x18 build/default/debug/_ext/1171490990/exceptions.o
 .debug_ranges  0x000008c8       0x10 build/default/debug/_ext/1171490990/interrupts.o
 .debug_ranges  0x000008d8       0x18 build/default/debug/_ext/1171490990/startup_xc32.o
 .debug_ranges  0x000008f0       0x10 build/default/debug/_ext/1171490990/initialization.o
 .debug_ranges  0x00000900       0x10 build/default/debug/_ext/1530445869/tasks.o
 .debug_ranges  0x00000910       0x58 build/default/debug/_ext/1530445869/app.o
 .debug_ranges  0x00000968       0x10 build/default/debug/_ext/1360937237/main.o
 .debug_ranges  0x00000978      0x1b8 build/default/debug/_ext/1824788055/radio_driver_hal.o
 .debug_ranges  0x00000b30       0x10 build/default/debug/_ext/1824788055/sleep.o
 .debug_ranges  0x00000b40       0x28 build/default/debug/_ext/1824788055/sleep_timer.o
 .debug_ranges  0x00000b68       0x68 build/default/debug/_ext/1824788055/sys.o
 .debug_ranges  0x00000bd0       0x10 c:/program files/microchip/xc32/v3.01/bin/bin/../../lib/gcc/pic32c/8.3.1/../../../../pic32c/lib/thumb/v6-m/nofp\libpic32c.a(data_init.o)
 .debug_ranges  0x00000be0       0x58 c:/program files/microchip/xc32/v3.01/bin/bin/../../lib/gcc/pic32c/8.3.1/thumb/v6-m/nofp\libgcc.a(mulsf3.o)
 .debug_ranges  0x00000c38      0x198 c:/program files/microchip/xc32/v3.01/bin/bin/../../lib/gcc/pic32c/8.3.1/thumb/v6-m/nofp\libgcc.a(subsf3.o)
 .debug_ranges  0x00000dd0       0x38 c:/program files/microchip/xc32/v3.01/bin/bin/../../lib/gcc/pic32c/8.3.1/thumb/v6-m/nofp\libgcc.a(floatsisf.o)
 .debug_ranges  0x00000e08       0x38 c:/program files/microchip/xc32/v3.01/bin/bin/../../lib/gcc/pic32c/8.3.1/thumb/v6-m/nofp\libgcc.a(floatunsisf.o)
 .debug_ranges  0x00000e40      0x1d0 c:/program files/microchip/xc32/v3.01/bin/bin/../../lib/gcc/pic32c/8.3.1/thumb/v6-m/nofp\libgcc.a(muldf3.o)
 .debug_ranges  0x00001010      0x238 c:/program files/microchip/xc32/v3.01/bin/bin/../../lib/gcc/pic32c/8.3.1/thumb/v6-m/nofp\libgcc.a(subdf3.o)
 .debug_ranges  0x00001248       0x50 c:/program files/microchip/xc32/v3.01/bin/bin/../../lib/gcc/pic32c/8.3.1/thumb/v6-m/nofp\libgcc.a(floatunsidf.o)
 .debug_ranges  0x00001298       0x38 c:/program files/microchip/xc32/v3.01/bin/bin/../../lib/gcc/pic32c/8.3.1/thumb/v6-m/nofp\libgcc.a(extendsfdf2.o)
 .debug_ranges  0x000012d0       0x30 c:/program files/microchip/xc32/v3.01/bin/bin/../../lib/gcc/pic32c/8.3.1/thumb/v6-m/nofp\libgcc.a(eqsf2.o)
 .debug_ranges  0x00001300       0x58 c:/program files/microchip/xc32/v3.01/bin/bin/../../lib/gcc/pic32c/8.3.1/thumb/v6-m/nofp\libgcc.a(gesf2.o)
 .debug_ranges  0x00001358       0x58 c:/program files/microchip/xc32/v3.01/bin/bin/../../lib/gcc/pic32c/8.3.1/thumb/v6-m/nofp\libgcc.a(lesf2.o)
 .debug_ranges  0x000013b0       0x18 c:/program files/microchip/xc32/v3.01/bin/bin/../../lib/gcc/pic32c/8.3.1/thumb/v6-m/nofp\libgcc.a(fixdfsi.o)
 .debug_ranges  0x000013c8       0x48 c:/program files/microchip/xc32/v3.01/bin/bin/../../lib/gcc/pic32c/8.3.1/thumb/v6-m/nofp\libgcc.a(eqdf2.o)
 .debug_ranges  0x00001410       0x70 c:/program files/microchip/xc32/v3.01/bin/bin/../../lib/gcc/pic32c/8.3.1/thumb/v6-m/nofp\libgcc.a(gedf2.o)
 .debug_ranges  0x00001480       0x68 c:/program files/microchip/xc32/v3.01/bin/bin/../../lib/gcc/pic32c/8.3.1/thumb/v6-m/nofp\libgcc.a(ledf2.o)

.debug_line     0x00000000     0xd699
 .debug_line    0x00000000      0x4c5 build/default/debug/_ext/1824796116/pmm.o
 .debug_line    0x000004c5      0xa99 build/default/debug/_ext/282161921/sw_timer.o
 .debug_line    0x00000f5e      0x1ec build/default/debug/_ext/1824799377/system_task_manager.o
 .debug_line    0x0000114a      0x4d8 build/default/debug/_ext/22805713/radio_driver_sx1276.o
 .debug_line    0x00001622      0xceb build/default/debug/_ext/1824799587/radio_get_set.o
 .debug_line    0x0000230d      0x4c2 build/default/debug/_ext/1824799587/radio_interface.o
 .debug_line    0x000027cf      0x465 build/default/debug/_ext/1824799587/radio_lbt.o
 .debug_line    0x00002c34      0x220 build/default/debug/_ext/1824799587/radio_task_manager.o
 .debug_line    0x00002e54     0x1353 build/default/debug/_ext/1824799587/radio_transaction.o
 .debug_line    0x000041a7      0x302 build/default/debug/_ext/1530445869/radioconfig.o
 .debug_line    0x000044a9      0x3bb build/default/debug/_ext/60163342/plib_adc.o
 .debug_line    0x00004864      0x382 build/default/debug/_ext/1984496892/plib_clock.o
 .debug_line    0x00004be6      0x2ee build/default/debug/_ext/60167341/plib_eic.o
 .debug_line    0x00004ed4       0x66 build/default/debug/_ext/1986646378/plib_evsys.o
 .debug_line    0x00004f3a      0x32c build/default/debug/_ext/1865468468/plib_nvic.o
 .debug_line    0x00005266      0x3b2 build/default/debug/_ext/1593096446/plib_nvmctrl.o
 .debug_line    0x00005618      0x2db build/default/debug/_ext/829342769/plib_pm.o
 .debug_line    0x000058f3      0x376 build/default/debug/_ext/1865521619/plib_port.o
 .debug_line    0x00005c69      0x190 build/default/debug/_ext/1865585090/plib_rstc.o
 .debug_line    0x00005df9      0x3eb build/default/debug/_ext/60180175/plib_rtc_timer.o
 .debug_line    0x000061e4      0x55b build/default/debug/_ext/17022449/plib_sercom4_spi_master.o
 .debug_line    0x0000673f      0x233 build/default/debug/_ext/1865616679/plib_supc.o
 .debug_line    0x00006972      0x360 build/default/debug/_ext/1827571544/plib_systick.o
 .debug_line    0x00006cd2      0x3d4 build/default/debug/_ext/829342655/plib_tc0.o
 .debug_line    0x000070a6      0x30f build/default/debug/_ext/1881668453/sys_int.o
 .debug_line    0x000073b5      0x2ab build/default/debug/_ext/1171490990/exceptions.o
 .debug_line    0x00007660      0x2a8 build/default/debug/_ext/1171490990/interrupts.o
 .debug_line    0x00007908      0x1a2 build/default/debug/_ext/1171490990/startup_xc32.o
 .debug_line    0x00007aaa      0x67e build/default/debug/_ext/1171490990/initialization.o
 .debug_line    0x00008128      0x2db build/default/debug/_ext/1530445869/tasks.o
 .debug_line    0x00008403      0x788 build/default/debug/_ext/1530445869/app.o
 .debug_line    0x00008b8b      0x2a8 build/default/debug/_ext/1360937237/main.o
 .debug_line    0x00008e33      0x9f5 build/default/debug/_ext/1824788055/radio_driver_hal.o
 .debug_line    0x00009828      0x2ea build/default/debug/_ext/1824788055/sleep.o
 .debug_line    0x00009b12      0x32a build/default/debug/_ext/1824788055/sleep_timer.o
 .debug_line    0x00009e3c      0x469 build/default/debug/_ext/1824788055/sys.o
 .debug_line    0x0000a2a5      0x132 c:/program files/microchip/xc32/v3.01/bin/bin/../../lib/gcc/pic32c/8.3.1/../../../../pic32c/lib/thumb/v6-m/nofp\libpic32c.a(data_init.o)
 .debug_line    0x0000a3d7       0xa8 c:/program files/microchip/xc32/v3.01/bin/bin/../../lib/gcc/pic32c/8.3.1/thumb/v6-m/nofp\libgcc.a(_udivsi3.o)
 .debug_line    0x0000a47f       0xaf c:/program files/microchip/xc32/v3.01/bin/bin/../../lib/gcc/pic32c/8.3.1/thumb/v6-m/nofp\libgcc.a(_divsi3.o)
 .debug_line    0x0000a52e       0x9c c:/program files/microchip/xc32/v3.01/bin/bin/../../lib/gcc/pic32c/8.3.1/thumb/v6-m/nofp\libgcc.a(_dvmd_tls.o)
 .debug_line    0x0000a5ca       0xa7 c:/program files/microchip/xc32/v3.01/bin/bin/../../lib/gcc/pic32c/8.3.1/thumb/v6-m/nofp\libgcc.a(_aeabi_uldivmod.o)
 .debug_line    0x0000a671      0x2cb c:/program files/microchip/xc32/v3.01/bin/bin/../../lib/gcc/pic32c/8.3.1/thumb/v6-m/nofp\libgcc.a(_fixunssfsi.o)
 .debug_line    0x0000a93c      0x2d0 c:/program files/microchip/xc32/v3.01/bin/bin/../../lib/gcc/pic32c/8.3.1/thumb/v6-m/nofp\libgcc.a(_fixunssfdi.o)
 .debug_line    0x0000ac0c      0x3d7 c:/program files/microchip/xc32/v3.01/bin/bin/../../lib/gcc/pic32c/8.3.1/thumb/v6-m/nofp\libgcc.a(_udivmoddi4.o)
 .debug_line    0x0000afe3      0x279 c:/program files/microchip/xc32/v3.01/bin/bin/../../lib/gcc/pic32c/8.3.1/thumb/v6-m/nofp\libgcc.a(mulsf3.o)
 .debug_line    0x0000b25c      0x314 c:/program files/microchip/xc32/v3.01/bin/bin/../../lib/gcc/pic32c/8.3.1/thumb/v6-m/nofp\libgcc.a(subsf3.o)
 .debug_line    0x0000b570      0x154 c:/program files/microchip/xc32/v3.01/bin/bin/../../lib/gcc/pic32c/8.3.1/thumb/v6-m/nofp\libgcc.a(fixsfsi.o)
 .debug_line    0x0000b6c4      0x18e c:/program files/microchip/xc32/v3.01/bin/bin/../../lib/gcc/pic32c/8.3.1/thumb/v6-m/nofp\libgcc.a(floatsisf.o)
 .debug_line    0x0000b852      0x18e c:/program files/microchip/xc32/v3.01/bin/bin/../../lib/gcc/pic32c/8.3.1/thumb/v6-m/nofp\libgcc.a(floatunsisf.o)
 .debug_line    0x0000b9e0      0x3b3 c:/program files/microchip/xc32/v3.01/bin/bin/../../lib/gcc/pic32c/8.3.1/thumb/v6-m/nofp\libgcc.a(muldf3.o)
 .debug_line    0x0000bd93      0x50d c:/program files/microchip/xc32/v3.01/bin/bin/../../lib/gcc/pic32c/8.3.1/thumb/v6-m/nofp\libgcc.a(subdf3.o)
 .debug_line    0x0000c2a0      0x17b c:/program files/microchip/xc32/v3.01/bin/bin/../../lib/gcc/pic32c/8.3.1/thumb/v6-m/nofp\libgcc.a(floatunsidf.o)
 .debug_line    0x0000c41b      0x1b2 c:/program files/microchip/xc32/v3.01/bin/bin/../../lib/gcc/pic32c/8.3.1/thumb/v6-m/nofp\libgcc.a(extendsfdf2.o)
 .debug_line    0x0000c5cd       0xb1 c:/program files/microchip/xc32/v3.01/bin/bin/../../lib/gcc/pic32c/8.3.1/thumb/v6-m/nofp\libgcc.a(_arm_cmpsf2.o)
 .debug_line    0x0000c67e       0xb0 c:/program files/microchip/xc32/v3.01/bin/bin/../../lib/gcc/pic32c/8.3.1/thumb/v6-m/nofp\libgcc.a(_clzsi2.o)
 .debug_line    0x0000c72e       0xa6 c:/program files/microchip/xc32/v3.01/bin/bin/../../lib/gcc/pic32c/8.3.1/thumb/v6-m/nofp\libgcc.a(_clzdi2.o)
 .debug_line    0x0000c7d4      0x2c7 c:/program files/microchip/xc32/v3.01/bin/bin/../../lib/gcc/pic32c/8.3.1/thumb/v6-m/nofp\libgcc.a(_fixunsdfsi.o)
 .debug_line    0x0000ca9b      0x179 c:/program files/microchip/xc32/v3.01/bin/bin/../../lib/gcc/pic32c/8.3.1/thumb/v6-m/nofp\libgcc.a(eqsf2.o)
 .debug_line    0x0000cc14      0x1a8 c:/program files/microchip/xc32/v3.01/bin/bin/../../lib/gcc/pic32c/8.3.1/thumb/v6-m/nofp\libgcc.a(gesf2.o)
 .debug_line    0x0000cdbc      0x1a4 c:/program files/microchip/xc32/v3.01/bin/bin/../../lib/gcc/pic32c/8.3.1/thumb/v6-m/nofp\libgcc.a(lesf2.o)
 .debug_line    0x0000cf60      0x16e c:/program files/microchip/xc32/v3.01/bin/bin/../../lib/gcc/pic32c/8.3.1/thumb/v6-m/nofp\libgcc.a(fixdfsi.o)
 .debug_line    0x0000d0ce       0xb4 c:/program files/microchip/xc32/v3.01/bin/bin/../../lib/gcc/pic32c/8.3.1/thumb/v6-m/nofp\libgcc.a(_arm_cmpdf2.o)
 .debug_line    0x0000d182      0x187 c:/program files/microchip/xc32/v3.01/bin/bin/../../lib/gcc/pic32c/8.3.1/thumb/v6-m/nofp\libgcc.a(eqdf2.o)
 .debug_line    0x0000d309      0x1ca c:/program files/microchip/xc32/v3.01/bin/bin/../../lib/gcc/pic32c/8.3.1/thumb/v6-m/nofp\libgcc.a(gedf2.o)
 .debug_line    0x0000d4d3      0x1c6 c:/program files/microchip/xc32/v3.01/bin/bin/../../lib/gcc/pic32c/8.3.1/thumb/v6-m/nofp\libgcc.a(ledf2.o)

.debug_str      0x00000000     0x210b
 .debug_str     0x00000000       0xe4 build/default/debug/_ext/1824796116/pmm.o
 .debug_str     0x000000e4      0x1e6 build/default/debug/_ext/282161921/sw_timer.o
 .debug_str     0x000002ca       0x3c build/default/debug/_ext/1824799377/system_task_manager.o
 .debug_str     0x00000306      0x10b build/default/debug/_ext/22805713/radio_driver_sx1276.o
 .debug_str     0x00000411      0x11f build/default/debug/_ext/1824799587/radio_get_set.o
 .debug_str     0x00000530      0x137 build/default/debug/_ext/1824799587/radio_interface.o
 .debug_str     0x00000667      0x13f build/default/debug/_ext/1824799587/radio_lbt.o
 .debug_str     0x000007a6       0x4c build/default/debug/_ext/1824799587/radio_task_manager.o
 .debug_str     0x000007f2      0x286 build/default/debug/_ext/1824799587/radio_transaction.o
 .debug_str     0x00000a78       0x6a build/default/debug/_ext/1530445869/radioconfig.o
 .debug_str     0x00000ae2        0xe build/default/debug/_ext/60163342/plib_adc.o
 .debug_str     0x00000af0       0x1e build/default/debug/_ext/1984496892/plib_clock.o
 .debug_str     0x00000b0e        0x9 build/default/debug/_ext/60167341/plib_eic.o
 .debug_str     0x00000b17        0x0 build/default/debug/_ext/1986646378/plib_evsys.o
 .debug_str     0x00000b17        0xa build/default/debug/_ext/1865468468/plib_nvic.o
 .debug_str     0x00000b21       0x1f build/default/debug/_ext/1593096446/plib_nvmctrl.o
 .debug_str     0x00000b40        0x0 build/default/debug/_ext/829342769/plib_pm.o
 .debug_str     0x00000b40        0xb build/default/debug/_ext/1865521619/plib_port.o
 .debug_str     0x00000b4b        0x0 build/default/debug/_ext/1865585090/plib_rstc.o
 .debug_str     0x00000b4b       0xc9 build/default/debug/_ext/60180175/plib_rtc_timer.o
 .debug_str     0x00000c14      0x110 build/default/debug/_ext/17022449/plib_sercom4_spi_master.o
 .debug_str     0x00000d24        0x0 build/default/debug/_ext/1865616679/plib_supc.o
 .debug_str     0x00000d24       0x3c build/default/debug/_ext/1827571544/plib_systick.o
 .debug_str     0x00000d60       0xcf build/default/debug/_ext/829342655/plib_tc0.o
 .debug_str     0x00000e2f       0x32 build/default/debug/_ext/1881668453/sys_int.o
 .debug_str     0x00000e61       0x51 build/default/debug/_ext/1171490990/exceptions.o
 .debug_str     0x00000eb2       0x51 build/default/debug/_ext/1171490990/interrupts.o
 .debug_str     0x00000f03       0x2f build/default/debug/_ext/1171490990/startup_xc32.o
 .debug_str     0x00000f32      0x189 build/default/debug/_ext/1171490990/initialization.o
 .debug_str     0x000010bb       0x6b build/default/debug/_ext/1530445869/tasks.o
 .debug_str     0x00001126      0x20a build/default/debug/_ext/1530445869/app.o
 .debug_str     0x00001330       0x6a build/default/debug/_ext/1360937237/main.o
 .debug_str     0x0000139a      0x1d7 build/default/debug/_ext/1824788055/radio_driver_hal.o
 .debug_str     0x00001571       0x78 build/default/debug/_ext/1824788055/sleep.o
 .debug_str     0x000015e9       0xf7 build/default/debug/_ext/1824788055/sleep_timer.o
 .debug_str     0x000016e0       0xd3 build/default/debug/_ext/1824788055/sys.o
 .debug_str     0x000017b3        0x0 c:/program files/microchip/xc32/v3.01/bin/bin/../../lib/gcc/pic32c/8.3.1/../../../../pic32c/lib/thumb/v6-m/nofp\libpic32c.a(data_init.o)
 .debug_str     0x000017b3       0xee c:/program files/microchip/xc32/v3.01/bin/bin/../../lib/gcc/pic32c/8.3.1/thumb/v6-m/nofp\libgcc.a(_udivsi3.o)
 .debug_str     0x000018a1       0xee c:/program files/microchip/xc32/v3.01/bin/bin/../../lib/gcc/pic32c/8.3.1/thumb/v6-m/nofp\libgcc.a(_divsi3.o)
 .debug_str     0x0000198f       0xee c:/program files/microchip/xc32/v3.01/bin/bin/../../lib/gcc/pic32c/8.3.1/thumb/v6-m/nofp\libgcc.a(_dvmd_tls.o)
 .debug_str     0x00001a7d       0xee c:/program files/microchip/xc32/v3.01/bin/bin/../../lib/gcc/pic32c/8.3.1/thumb/v6-m/nofp\libgcc.a(_aeabi_uldivmod.o)
 .debug_str     0x00001b6b        0x0 c:/program files/microchip/xc32/v3.01/bin/bin/../../lib/gcc/pic32c/8.3.1/thumb/v6-m/nofp\libgcc.a(_fixunssfsi.o)
 .debug_str     0x00001b6b        0x0 c:/program files/microchip/xc32/v3.01/bin/bin/../../lib/gcc/pic32c/8.3.1/thumb/v6-m/nofp\libgcc.a(_fixunssfdi.o)
 .debug_str     0x00001b6b        0x0 c:/program files/microchip/xc32/v3.01/bin/bin/../../lib/gcc/pic32c/8.3.1/thumb/v6-m/nofp\libgcc.a(_udivmoddi4.o)
 .debug_str     0x00001b6b       0x30 c:/program files/microchip/xc32/v3.01/bin/bin/../../lib/gcc/pic32c/8.3.1/thumb/v6-m/nofp\libgcc.a(mulsf3.o)
 .debug_str     0x00001b9b       0x2c c:/program files/microchip/xc32/v3.01/bin/bin/../../lib/gcc/pic32c/8.3.1/thumb/v6-m/nofp\libgcc.a(subsf3.o)
 .debug_str     0x00001bc7       0x13 c:/program files/microchip/xc32/v3.01/bin/bin/../../lib/gcc/pic32c/8.3.1/thumb/v6-m/nofp\libgcc.a(fixsfsi.o)
 .debug_str     0x00001bda        0x0 c:/program files/microchip/xc32/v3.01/bin/bin/../../lib/gcc/pic32c/8.3.1/thumb/v6-m/nofp\libgcc.a(floatsisf.o)
 .debug_str     0x00001bda        0x0 c:/program files/microchip/xc32/v3.01/bin/bin/../../lib/gcc/pic32c/8.3.1/thumb/v6-m/nofp\libgcc.a(floatunsisf.o)
 .debug_str     0x00001bda       0x56 c:/program files/microchip/xc32/v3.01/bin/bin/../../lib/gcc/pic32c/8.3.1/thumb/v6-m/nofp\libgcc.a(muldf3.o)
 .debug_str     0x00001c30       0x2c c:/program files/microchip/xc32/v3.01/bin/bin/../../lib/gcc/pic32c/8.3.1/thumb/v6-m/nofp\libgcc.a(subdf3.o)
 .debug_str     0x00001c5c        0x0 c:/program files/microchip/xc32/v3.01/bin/bin/../../lib/gcc/pic32c/8.3.1/thumb/v6-m/nofp\libgcc.a(floatunsidf.o)
 .debug_str     0x00001c5c        0x0 c:/program files/microchip/xc32/v3.01/bin/bin/../../lib/gcc/pic32c/8.3.1/thumb/v6-m/nofp\libgcc.a(extendsfdf2.o)
 .debug_str     0x00001c5c       0xee c:/program files/microchip/xc32/v3.01/bin/bin/../../lib/gcc/pic32c/8.3.1/thumb/v6-m/nofp\libgcc.a(_arm_cmpsf2.o)
 .debug_str     0x00001d4a       0xee c:/program files/microchip/xc32/v3.01/bin/bin/../../lib/gcc/pic32c/8.3.1/thumb/v6-m/nofp\libgcc.a(_clzsi2.o)
 .debug_str     0x00001e38       0xee c:/program files/microchip/xc32/v3.01/bin/bin/../../lib/gcc/pic32c/8.3.1/thumb/v6-m/nofp\libgcc.a(_clzdi2.o)
 .debug_str     0x00001f26        0x0 c:/program files/microchip/xc32/v3.01/bin/bin/../../lib/gcc/pic32c/8.3.1/thumb/v6-m/nofp\libgcc.a(_fixunsdfsi.o)
 .debug_str     0x00001f26       0x26 c:/program files/microchip/xc32/v3.01/bin/bin/../../lib/gcc/pic32c/8.3.1/thumb/v6-m/nofp\libgcc.a(eqsf2.o)
 .debug_str     0x00001f4c       0x26 c:/program files/microchip/xc32/v3.01/bin/bin/../../lib/gcc/pic32c/8.3.1/thumb/v6-m/nofp\libgcc.a(gesf2.o)
 .debug_str     0x00001f72       0x26 c:/program files/microchip/xc32/v3.01/bin/bin/../../lib/gcc/pic32c/8.3.1/thumb/v6-m/nofp\libgcc.a(lesf2.o)
 .debug_str     0x00001f98       0x13 c:/program files/microchip/xc32/v3.01/bin/bin/../../lib/gcc/pic32c/8.3.1/thumb/v6-m/nofp\libgcc.a(fixdfsi.o)
 .debug_str     0x00001fab       0xee c:/program files/microchip/xc32/v3.01/bin/bin/../../lib/gcc/pic32c/8.3.1/thumb/v6-m/nofp\libgcc.a(_arm_cmpdf2.o)
 .debug_str     0x00002099       0x26 c:/program files/microchip/xc32/v3.01/bin/bin/../../lib/gcc/pic32c/8.3.1/thumb/v6-m/nofp\libgcc.a(eqdf2.o)
 .debug_str     0x000020bf       0x26 c:/program files/microchip/xc32/v3.01/bin/bin/../../lib/gcc/pic32c/8.3.1/thumb/v6-m/nofp\libgcc.a(gedf2.o)
 .debug_str     0x000020e5       0x26 c:/program files/microchip/xc32/v3.01/bin/bin/../../lib/gcc/pic32c/8.3.1/thumb/v6-m/nofp\libgcc.a(ledf2.o)

.debug_frame    0x00000000     0x1b88
 .debug_frame   0x00000000       0x48 build/default/debug/_ext/1824796116/pmm.o
 .debug_frame   0x00000048      0x1fc build/default/debug/_ext/282161921/sw_timer.o
 .debug_frame   0x00000244       0x58 build/default/debug/_ext/1824799377/system_task_manager.o
 .debug_frame   0x0000029c       0x9c build/default/debug/_ext/22805713/radio_driver_sx1276.o
 .debug_frame   0x00000338       0xa0 build/default/debug/_ext/1824799587/radio_get_set.o
 .debug_frame   0x000003d8       0xf0 build/default/debug/_ext/1824799587/radio_interface.o
 .debug_frame   0x000004c8       0x60 build/default/debug/_ext/1824799587/radio_lbt.o
 .debug_frame   0x00000528       0x5c build/default/debug/_ext/1824799587/radio_task_manager.o
 .debug_frame   0x00000584      0x2e8 build/default/debug/_ext/1824799587/radio_transaction.o
 .debug_frame   0x0000086c       0x58 build/default/debug/_ext/1530445869/radioconfig.o
 .debug_frame   0x000008c4       0xe0 build/default/debug/_ext/60163342/plib_adc.o
 .debug_frame   0x000009a4       0x20 build/default/debug/_ext/1984496892/plib_clock.o
 .debug_frame   0x000009c4       0x88 build/default/debug/_ext/60167341/plib_eic.o
 .debug_frame   0x00000a4c       0x20 build/default/debug/_ext/1986646378/plib_evsys.o
 .debug_frame   0x00000a6c       0x50 build/default/debug/_ext/1865468468/plib_nvic.o
 .debug_frame   0x00000abc       0xe4 build/default/debug/_ext/1593096446/plib_nvmctrl.o
 .debug_frame   0x00000ba0       0x90 build/default/debug/_ext/829342769/plib_pm.o
 .debug_frame   0x00000c30       0xd8 build/default/debug/_ext/1865521619/plib_port.o
 .debug_frame   0x00000d08       0x50 build/default/debug/_ext/1865585090/plib_rstc.o
 .debug_frame   0x00000d58       0xd8 build/default/debug/_ext/60180175/plib_rtc_timer.o
 .debug_frame   0x00000e30       0xa8 build/default/debug/_ext/17022449/plib_sercom4_spi_master.o
 .debug_frame   0x00000ed8       0x58 build/default/debug/_ext/1865616679/plib_supc.o
 .debug_frame   0x00000f30       0xd8 build/default/debug/_ext/1827571544/plib_systick.o
 .debug_frame   0x00001008       0xd8 build/default/debug/_ext/829342655/plib_tc0.o
 .debug_frame   0x000010e0       0x84 build/default/debug/_ext/1881668453/sys_int.o
 .debug_frame   0x00001164       0x30 build/default/debug/_ext/1171490990/exceptions.o
 .debug_frame   0x00001194       0x20 build/default/debug/_ext/1171490990/interrupts.o
 .debug_frame   0x000011b4       0x38 build/default/debug/_ext/1171490990/startup_xc32.o
 .debug_frame   0x000011ec       0x28 build/default/debug/_ext/1171490990/initialization.o
 .debug_frame   0x00001214       0x28 build/default/debug/_ext/1530445869/tasks.o
 .debug_frame   0x0000123c       0xf0 build/default/debug/_ext/1530445869/app.o
 .debug_frame   0x0000132c       0x28 build/default/debug/_ext/1360937237/main.o
 .debug_frame   0x00001354      0x29c build/default/debug/_ext/1824788055/radio_driver_hal.o
 .debug_frame   0x000015f0       0x28 build/default/debug/_ext/1824788055/sleep.o
 .debug_frame   0x00001618       0x74 build/default/debug/_ext/1824788055/sleep_timer.o
 .debug_frame   0x0000168c       0xb0 build/default/debug/_ext/1824788055/sys.o
 .debug_frame   0x0000173c       0x34 c:/program files/microchip/xc32/v3.01/bin/bin/../../lib/gcc/pic32c/8.3.1/../../../../pic32c/lib/thumb/v6-m/nofp\libpic32c.a(data_init.o)
 .debug_frame   0x00001770       0x20 c:/program files/microchip/xc32/v3.01/bin/bin/../../lib/gcc/pic32c/8.3.1/thumb/v6-m/nofp\libgcc.a(_udivsi3.o)
 .debug_frame   0x00001790       0x20 c:/program files/microchip/xc32/v3.01/bin/bin/../../lib/gcc/pic32c/8.3.1/thumb/v6-m/nofp\libgcc.a(_divsi3.o)
 .debug_frame   0x000017b0       0x28 c:/program files/microchip/xc32/v3.01/bin/bin/../../lib/gcc/pic32c/8.3.1/thumb/v6-m/nofp\libgcc.a(_fixunssfsi.o)
 .debug_frame   0x000017d8       0x2c c:/program files/microchip/xc32/v3.01/bin/bin/../../lib/gcc/pic32c/8.3.1/thumb/v6-m/nofp\libgcc.a(_fixunssfdi.o)
 .debug_frame   0x00001804       0x3c c:/program files/microchip/xc32/v3.01/bin/bin/../../lib/gcc/pic32c/8.3.1/thumb/v6-m/nofp\libgcc.a(_udivmoddi4.o)
 .debug_frame   0x00001840       0x38 c:/program files/microchip/xc32/v3.01/bin/bin/../../lib/gcc/pic32c/8.3.1/thumb/v6-m/nofp\libgcc.a(mulsf3.o)
 .debug_frame   0x00001878       0x3c c:/program files/microchip/xc32/v3.01/bin/bin/../../lib/gcc/pic32c/8.3.1/thumb/v6-m/nofp\libgcc.a(subsf3.o)
 .debug_frame   0x000018b4       0x20 c:/program files/microchip/xc32/v3.01/bin/bin/../../lib/gcc/pic32c/8.3.1/thumb/v6-m/nofp\libgcc.a(fixsfsi.o)
 .debug_frame   0x000018d4       0x2c c:/program files/microchip/xc32/v3.01/bin/bin/../../lib/gcc/pic32c/8.3.1/thumb/v6-m/nofp\libgcc.a(floatsisf.o)
 .debug_frame   0x00001900       0x2c c:/program files/microchip/xc32/v3.01/bin/bin/../../lib/gcc/pic32c/8.3.1/thumb/v6-m/nofp\libgcc.a(floatunsisf.o)
 .debug_frame   0x0000192c       0x3c c:/program files/microchip/xc32/v3.01/bin/bin/../../lib/gcc/pic32c/8.3.1/thumb/v6-m/nofp\libgcc.a(muldf3.o)
 .debug_frame   0x00001968       0x3c c:/program files/microchip/xc32/v3.01/bin/bin/../../lib/gcc/pic32c/8.3.1/thumb/v6-m/nofp\libgcc.a(subdf3.o)
 .debug_frame   0x000019a4       0x2c c:/program files/microchip/xc32/v3.01/bin/bin/../../lib/gcc/pic32c/8.3.1/thumb/v6-m/nofp\libgcc.a(floatunsidf.o)
 .debug_frame   0x000019d0       0x2c c:/program files/microchip/xc32/v3.01/bin/bin/../../lib/gcc/pic32c/8.3.1/thumb/v6-m/nofp\libgcc.a(extendsfdf2.o)
 .debug_frame   0x000019fc       0x2c c:/program files/microchip/xc32/v3.01/bin/bin/../../lib/gcc/pic32c/8.3.1/thumb/v6-m/nofp\libgcc.a(_fixunsdfsi.o)
 .debug_frame   0x00001a28       0x2c c:/program files/microchip/xc32/v3.01/bin/bin/../../lib/gcc/pic32c/8.3.1/thumb/v6-m/nofp\libgcc.a(eqsf2.o)
 .debug_frame   0x00001a54       0x30 c:/program files/microchip/xc32/v3.01/bin/bin/../../lib/gcc/pic32c/8.3.1/thumb/v6-m/nofp\libgcc.a(gesf2.o)
 .debug_frame   0x00001a84       0x30 c:/program files/microchip/xc32/v3.01/bin/bin/../../lib/gcc/pic32c/8.3.1/thumb/v6-m/nofp\libgcc.a(lesf2.o)
 .debug_frame   0x00001ab4       0x2c c:/program files/microchip/xc32/v3.01/bin/bin/../../lib/gcc/pic32c/8.3.1/thumb/v6-m/nofp\libgcc.a(fixdfsi.o)
 .debug_frame   0x00001ae0       0x38 c:/program files/microchip/xc32/v3.01/bin/bin/../../lib/gcc/pic32c/8.3.1/thumb/v6-m/nofp\libgcc.a(eqdf2.o)
 .debug_frame   0x00001b18       0x38 c:/program files/microchip/xc32/v3.01/bin/bin/../../lib/gcc/pic32c/8.3.1/thumb/v6-m/nofp\libgcc.a(gedf2.o)
 .debug_frame   0x00001b50       0x38 c:/program files/microchip/xc32/v3.01/bin/bin/../../lib/gcc/pic32c/8.3.1/thumb/v6-m/nofp\libgcc.a(ledf2.o)

.stack          0x20000670      0x100
 .stack         0x20000670      0x100 stack

.bss.swTimers%1
                0x20000000      0x190
 .bss.swTimers  0x20000000      0x190 build/default/debug/_ext/282161921/sw_timer.o
                0x20000000                swTimers

.bss.radioBuffer%2
                0x20000190      0x10f
 .bss.radioBuffer
                0x20000190      0x10f build/default/debug/_ext/1824799587/radio_transaction.o
                0x20000190                radioBuffer

.bss.eicCallbackObject%3
                0x200002a0       0xc0
 .bss.eicCallbackObject
                0x200002a0       0xc0 build/default/debug/_ext/60167341/plib_eic.o

.bss.radioConfiguration%4
                0x20000360       0x5c
 .bss.radioConfiguration
                0x20000360       0x5c build/default/debug/_ext/22805713/radio_driver_sx1276.o
                0x20000360                radioConfiguration

.bss%5          0x200003bc       0x1c
 .bss           0x200003bc       0x1c c:/program files/microchip/xc32/v3.01/bin/bin/../../lib/gcc/pic32c/8.3.1/thumb/v6-m/nofp/crtbegin.o

.bss.rtcObj%6   0x200003d8        0xc
 .bss.rtcObj    0x200003d8        0xc build/default/debug/_ext/60180175/plib_rtc_timer.o

.bss.defaultSleep%7
                0x200003e4        0xc
 .bss.defaultSleep
                0x200003e4        0xc build/default/debug/_ext/1530445869/app.o
                0x200003e4                defaultSleep

.bss.sysTimeLastKnown%8
                0x200003f0        0x8
 .bss.sysTimeLastKnown
                0x200003f0        0x8 build/default/debug/_ext/282161921/sw_timer.o

.bss.timeOnAir%9
                0x200003f8        0x8
 .bss.timeOnAir
                0x200003f8        0x8 build/default/debug/_ext/1824799587/radio_transaction.o

.bss.TC0_CallbackObject%10
                0x20000400        0x8
 .bss.TC0_CallbackObject
                0x20000400        0x8 build/default/debug/_ext/829342655/plib_tc0.o

.data.macBuffer%11
                0x20000408        0x5
 .data.macBuffer
                0x20000408        0x5 build/default/debug/_ext/1530445869/app.o
                0x20000408                macBuffer

.bss.sleepReq%12
                0x20000410        0x4
 .bss.sleepReq  0x20000410        0x4 build/default/debug/_ext/1824796116/pmm.o

.bss.compareValue%13
                0x20000414        0x4
 .bss.compareValue
                0x20000414        0x4 build/default/debug/_ext/282161921/sw_timer.o

.bss.currentCount%14
                0x20000418        0x4
 .bss.currentCount
                0x20000418        0x4 build/default/debug/_ext/282161921/sw_timer.o

.bss.lastCount%15
                0x2000041c        0x4
 .bss.lastCount
                0x2000041c        0x4 build/default/debug/_ext/282161921/sw_timer.o

.bss.sysTimeOvf%16
                0x20000420        0x4
 .bss.sysTimeOvf
                0x20000420        0x4 build/default/debug/_ext/282161921/sw_timer.o
                0x20000420                sysTimeOvf

.bss.transmitBufferPtr%17
                0x20000424        0x4
 .bss.transmitBufferPtr
                0x20000424        0x4 build/default/debug/_ext/1824799587/radio_transaction.o

.bss.mlsAppSleepWakeupCallback%18
                0x20000428        0x4
 .bss.mlsAppSleepWakeupCallback
                0x20000428        0x4 build/default/debug/_ext/1530445869/app.o
                0x20000428                mlsAppSleepWakeupCallback

.bss.interruptHandlerDio0%19
                0x2000042c        0x4
 .bss.interruptHandlerDio0
                0x2000042c        0x4 build/default/debug/_ext/1824788055/radio_driver_hal.o

.bss.interruptHandlerDio1%20
                0x20000430        0x4
 .bss.interruptHandlerDio1
                0x20000430        0x4 build/default/debug/_ext/1824788055/radio_driver_hal.o

.bss.interruptHandlerDio2%21
                0x20000434        0x4
 .bss.interruptHandlerDio2
                0x20000434        0x4 build/default/debug/_ext/1824788055/radio_driver_hal.o

.data.cycles_per_ms%22
                0x20000438        0x4
 .data.cycles_per_ms
                0x20000438        0x4 build/default/debug/_ext/1824788055/sys.o

.data.cycles_per_us%23
                0x2000043c        0x4
 .data.cycles_per_us
                0x2000043c        0x4 build/default/debug/_ext/1824788055/sys.o

.bss%24         0x20000440        0x4
 .bss           0x20000440        0x4 c:/program files/microchip/xc32/v3.01/bin/bin/../../lib/gcc/pic32c/8.3.1/../../../../pic32c/lib/thumb/v6-m/nofp\libpic32c.a(data_init.o)

.bss.appData%25
                0x20000444        0x3
 .bss.appData   0x20000444        0x3 build/default/debug/_ext/1530445869/app.o
                0x20000444                appData

.bss.radioEvents%26
                0x20000448        0x2
 .bss.radioEvents
                0x20000448        0x2 build/default/debug/_ext/1824799587/radio_transaction.o
                0x20000448                radioEvents

.bss.rxWindowSize%27
                0x2000040e        0x2
 .bss.rxWindowSize
                0x2000040e        0x2 build/default/debug/_ext/1824799587/radio_transaction.o

.bss.radioCallbackMask%28
                0x2000044c        0x1
 .bss.radioCallbackMask
                0x2000044c        0x1 build/default/debug/_ext/1824799587/radio_transaction.o
                0x2000044c                radioCallbackMask

.bss.sysTaskFlag%29
                0x2000044a        0x2
 .bss.sysTaskFlag
                0x2000044a        0x2 build/default/debug/_ext/1824799377/system_task_manager.o

.bss.radioTaskFlags%30
                0x2000044e        0x2
 .bss.radioTaskFlags
                0x2000044e        0x2 build/default/debug/_ext/1824799587/radio_task_manager.o

.bss.instRSSI%31
                0x20000450        0x2
 .bss.instRSSI  0x20000450        0x2 build/default/debug/_ext/1824799587/radio_transaction.o

.bss.pmmState%32
                0x2000029f        0x1
 .bss.pmmState  0x2000029f        0x1 build/default/debug/_ext/1824796116/pmm.o

.bss.allocatedTimerId%33
                0x20000447        0x1
 .bss.allocatedTimerId
                0x20000447        0x1 build/default/debug/_ext/282161921/sw_timer.o

.bss.compareCallbackEnabled%34
                0x2000040d        0x1
 .bss.compareCallbackEnabled
                0x2000040d        0x1 build/default/debug/_ext/282161921/sw_timer.o

.bss.radioState%35
                0x2000044d        0x1
 .bss.radioState
                0x2000044d        0x1 build/default/debug/_ext/1824799587/radio_transaction.o
                0x2000044d                radioState

.bss.txBufferLen%36
                0x20000452        0x1
 .bss.txBufferLen
                0x20000452        0x1 build/default/debug/_ext/1824799587/radio_transaction.o

.bss.radio_transmission_active%37
                0x20000453        0x1
 .bss.radio_transmission_active
                0x20000453        0x1 build/default/debug/_ext/1530445869/app.o
                0x20000453                radio_transmission_active

.bss.interrupt_flag%38
                0x20000454        0x1
 .bss.interrupt_flag
                0x20000454        0x1 build/default/debug/_ext/1824788055/sys.o
                0x20000454                interrupt_flag

.eh_frame%z1    0x00000000        0x0
 .eh_frame      0x00000000        0x0 c:/program files/microchip/xc32/v3.01/bin/bin/../../lib/gcc/pic32c/8.3.1/thumb/v6-m/nofp/crtbegin.o

.config_00804000%39
                0x00804000        0x4
 .config_00804000
                0x00804000        0x4 build/default/debug/_ext/1171490990/initialization.o
                0x00804000                __config_00804000

.config_00804004%40
                0x00804004        0x4
 .config_00804004
                0x00804004        0x4 build/default/debug/_ext/1171490990/initialization.o
                0x00804004                __config_00804004

.text%41        0x000000d8      0xc18
 .text          0x000000d8      0x734 c:/program files/microchip/xc32/v3.01/bin/bin/../../lib/gcc/pic32c/8.3.1/thumb/v6-m/nofp\libgcc.a(subdf3.o)
                0x000000d8                __aeabi_dsub
 .text          0x0000080c      0x4e4 c:/program files/microchip/xc32/v3.01/bin/bin/../../lib/gcc/pic32c/8.3.1/thumb/v6-m/nofp\libgcc.a(muldf3.o)
                0x0000080c                __aeabi_dmul

.text.Radio_WriteConfiguration%43
                0x00000cf0      0x428
 .text.Radio_WriteConfiguration
                0x00000cf0      0x428 build/default/debug/_ext/1824799587/radio_get_set.o
                0x00000cf0                Radio_WriteConfiguration

.text%44        0x00001118      0x348
 .text          0x00001118      0x348 c:/program files/microchip/xc32/v3.01/bin/bin/../../lib/gcc/pic32c/8.3.1/thumb/v6-m/nofp\libgcc.a(subsf3.o)
                0x00001118                __aeabi_fsub

.text.RADIO_RxDoneHandler%45
                0x00001460      0x2bc
 .text.RADIO_RxDoneHandler
                0x00001460      0x2bc build/default/debug/_ext/1824799587/radio_transaction.o
                0x00001460                RADIO_RxDoneHandler

.text.RADIO_SetAttr%46
                0x0000171c      0x234
 .text.RADIO_SetAttr
                0x0000171c      0x234 build/default/debug/_ext/1824799587/radio_get_set.o
                0x0000171c                RADIO_SetAttr

.text%47        0x00001950      0x22c
 .text          0x00001950      0x22c c:/program files/microchip/xc32/v3.01/bin/bin/../../lib/gcc/pic32c/8.3.1/thumb/v6-m/nofp\libgcc.a(mulsf3.o)
                0x00001950                __aeabi_fmul

.dinit%48       0x00001b7c      0x1e0
 .dinit         0x00001b7c      0x1e0 data_init

.text%49        0x00001d5c      0x1d4
 .text          0x00001d5c      0x1d4 c:/program files/microchip/xc32/v3.01/bin/bin/../../lib/gcc/pic32c/8.3.1/thumb/v6-m/nofp\libgcc.a(_divsi3.o)
                0x00001d5c                __divsi3
                0x00001d5c                __aeabi_idiv
                0x00001f28                __aeabi_idivmod

.text.SERCOM4_SPI_WriteRead%50
                0x00001f30      0x1c0
 .text.SERCOM4_SPI_WriteRead
                0x00001f30      0x1c0 build/default/debug/_ext/17022449/plib_sercom4_spi_master.o
                0x00001f30                SERCOM4_SPI_WriteRead

.text.RADIO_InitDefaultAttributes%51
                0x000020f0      0x1bc
 .text.RADIO_InitDefaultAttributes
                0x000020f0      0x1bc build/default/debug/_ext/1824799587/radio_transaction.o
                0x000020f0                RADIO_InitDefaultAttributes

.text%52        0x000022ac      0x1a4
 .text          0x000022ac      0x1a4 c:/program files/microchip/xc32/v3.01/bin/bin/../../lib/gcc/pic32c/8.3.1/thumb/v6-m/nofp\libgcc.a(_udivmoddi4.o)
                0x000022ac                __udivmoddi4

.text.RADIO_TxHandler%53
                0x00002450      0x164
 .text.RADIO_TxHandler
                0x00002450      0x164 build/default/debug/_ext/1824799587/radio_transaction.o
                0x00002450                RADIO_TxHandler

.text.CLOCK_Initialize%54
                0x000025b4      0x164
 .text.CLOCK_Initialize
                0x000025b4      0x164 build/default/debug/_ext/1984496892/plib_clock.o
                0x000025b4                CLOCK_Initialize

.text.RADIO_FSKPayloadReady%55
                0x00002718      0x144
 .text.RADIO_FSKPayloadReady
                0x00002718      0x144 build/default/debug/_ext/1824799587/radio_transaction.o
                0x00002718                RADIO_FSKPayloadReady

.text.RADIO_RxHandler%56
                0x0000285c      0x128
 .text.RADIO_RxHandler
                0x0000285c      0x128 build/default/debug/_ext/1824799587/radio_transaction.o
                0x0000285c                RADIO_RxHandler

.text.APP_Tasks%57
                0x00002984      0x11c
 .text.APP_Tasks
                0x00002984      0x11c build/default/debug/_ext/1530445869/app.o
                0x00002984                APP_Tasks

.text%58        0x00002aa0      0x114
 .text          0x00002aa0      0x114 c:/program files/microchip/xc32/v3.01/bin/bin/../../lib/gcc/pic32c/8.3.1/thumb/v6-m/nofp\libgcc.a(_udivsi3.o)
                0x00002aa0                __aeabi_uidiv
                0x00002aa0                __udivsi3
                0x00002bac                __aeabi_uidivmod

.text.RADIO_TxDoneHandler%59
                0x00002bb4       0xe0
 .text.RADIO_TxDoneHandler
                0x00002bb4       0xe0 build/default/debug/_ext/1824799587/radio_transaction.o
                0x00002bb4                RADIO_TxDoneHandler

.text%60        0x00002c94      0x1bc
 .text          0x00002c94       0xe0 c:/program files/microchip/xc32/v3.01/bin/bin/../../lib/gcc/pic32c/8.3.1/thumb/v6-m/nofp\libgcc.a(gedf2.o)
                0x00002c94                __gedf2
                0x00002c94                __gtdf2